Archive member included because of file (symbol)

.\CortexM3\ARM_GCC_493\Debug\Bartender.a(cyfitter_cfg.o)
                              .\CortexM3\ARM_GCC_493\Debug\Cm3Start.o (cyfitter_cfg)
.\CortexM3\ARM_GCC_493\Debug\Bartender.a(CyBootAsmGnu.o)
                              .\CortexM3\ARM_GCC_493\Debug\Bartender.a(cyfitter_cfg.o) (CyDelayCycles)
.\CortexM3\ARM_GCC_493\Debug\Bartender.a(CyFlash.o)
                              .\CortexM3\ARM_GCC_493\Debug\Bartender.a(cyfitter_cfg.o) (CyEEPROM_Start)
.\CortexM3\ARM_GCC_493\Debug\Bartender.a(CyLib.o)
                              .\CortexM3\ARM_GCC_493\Debug\GUI_X.o (CyHalt)
.\CortexM3\ARM_GCC_493\Debug\Bartender.a(cyPm.o)
                              .\CortexM3\ARM_GCC_493\Debug\Bartender.a(CyLib.o) (CyPmReadStatus)
.\CortexM3\ARM_GCC_493\Debug\Bartender.a(CySpc.o)
                              .\CortexM3\ARM_GCC_493\Debug\Bartender.a(CyFlash.o) (CySpcStart)
.\CortexM3\ARM_GCC_493\Debug\Bartender.a(Relay_1.o)
                              .\CortexM3\ARM_GCC_493\Debug\main.o (Relay_1_Write)
.\CortexM3\ARM_GCC_493\Debug\Bartender.a(Submit_Int.o)
                              .\CortexM3\ARM_GCC_493\Debug\main.o (Submit_Int_StartEx)
.\CortexM3\ARM_GCC_493\Debug\Bartender.a(Relay_2.o)
                              .\CortexM3\ARM_GCC_493\Debug\main.o (Relay_2_Write)
.\CortexM3\ARM_GCC_493\Debug\Bartender.a(Relay_3.o)
                              .\CortexM3\ARM_GCC_493\Debug\main.o (Relay_3_Write)
.\CortexM3\ARM_GCC_493\Debug\Bartender.a(Relay_4.o)
                              .\CortexM3\ARM_GCC_493\Debug\main.o (Relay_4_Write)
.\CortexM3\ARM_GCC_493\Debug\Bartender.a(Relay_5.o)
                              .\CortexM3\ARM_GCC_493\Debug\main.o (Relay_5_Write)
.\CortexM3\ARM_GCC_493\Debug\Bartender.a(Relay_6.o)
                              .\CortexM3\ARM_GCC_493\Debug\main.o (Relay_6_Write)
.\CortexM3\ARM_GCC_493\Debug\Bartender.a(Up_Int.o)
                              .\CortexM3\ARM_GCC_493\Debug\main.o (Up_Int_StartEx)
.\CortexM3\ARM_GCC_493\Debug\Bartender.a(Down_Int.o)
                              .\CortexM3\ARM_GCC_493\Debug\main.o (Down_Int_StartEx)
.\CortexM3\ARM_GCC_493\Debug\Bartender.a(SPIM_1.o)
                              .\CortexM3\ARM_GCC_493\Debug\tft.o (SPIM_1_ReadTxStatus)
.\CortexM3\ARM_GCC_493\Debug\Bartender.a(DC.o)
                              .\CortexM3\ARM_GCC_493\Debug\tft.o (DC_Write)
.\CortexM3\ARM_GCC_493\Debug\Bartender.a(SPIM_1_IntClock.o)
                              .\CortexM3\ARM_GCC_493\Debug\Bartender.a(SPIM_1.o) (SPIM_1_IntClock_Start)
.\CortexM3\ARM_GCC_493\Debug\Bartender.a(Em_EEPROM.o)
                              .\CortexM3\ARM_GCC_493\Debug\main.o (Em_EEPROM_Start)
..\..\emWinGraphics_v5_46\LinkLibrary\PSoC5\GCC\libemWin_nosnts_cm3_gcc.a(F6x8.o)
                              .\CortexM3\ARM_GCC_493\Debug\GUIConf.o (GUI_Font6x8)
..\..\emWinGraphics_v5_46\LinkLibrary\PSoC5\GCC\libemWin_nosnts_cm3_gcc.a(F8x16.o)
                              .\CortexM3\ARM_GCC_493\Debug\main.o (GUI_Font8x16)
..\..\emWinGraphics_v5_46\LinkLibrary\PSoC5\GCC\libemWin_nosnts_cm3_gcc.a(GUI_Alloc.o)
                              .\CortexM3\ARM_GCC_493\Debug\GUIConf.o (GUI_ALLOC_AssignMemory)
..\..\emWinGraphics_v5_46\LinkLibrary\PSoC5\GCC\libemWin_nosnts_cm3_gcc.a(GUI_CharM.o)
                              ..\..\emWinGraphics_v5_46\LinkLibrary\PSoC5\GCC\libemWin_nosnts_cm3_gcc.a(F6x8.o) (GUIMONO_DispChar)
..\..\emWinGraphics_v5_46\LinkLibrary\PSoC5\GCC\libemWin_nosnts_cm3_gcc.a(GUI_Circ.o)
                              .\CortexM3\ARM_GCC_493\Debug\main.o (GUI_FillCircle)
..\..\emWinGraphics_v5_46\LinkLibrary\PSoC5\GCC\libemWin_nosnts_cm3_gcc.a(GUI_Common.o)
                              ..\..\emWinGraphics_v5_46\LinkLibrary\PSoC5\GCC\libemWin_nosnts_cm3_gcc.a(GUI_Circ.o) (GUI_GetPenSize)
..\..\emWinGraphics_v5_46\LinkLibrary\PSoC5\GCC\libemWin_nosnts_cm3_gcc.a(GUI_Core.o)
                              ..\..\emWinGraphics_v5_46\LinkLibrary\PSoC5\GCC\libemWin_nosnts_cm3_gcc.a(GUI_Common.o) (GUI__apDevice)
..\..\emWinGraphics_v5_46\LinkLibrary\PSoC5\GCC\libemWin_nosnts_cm3_gcc.a(GUI_Device.o)
                              .\CortexM3\ARM_GCC_493\Debug\LCDConf.o (GUI_DEVICE_CreateAndLink)
..\..\emWinGraphics_v5_46\LinkLibrary\PSoC5\GCC\libemWin_nosnts_cm3_gcc.a(GUI_DispString.o)
                              ..\..\emWinGraphics_v5_46\LinkLibrary\PSoC5\GCC\libemWin_nosnts_cm3_gcc.a(GUI_Common.o) (GUI_DispString)
..\..\emWinGraphics_v5_46\LinkLibrary\PSoC5\GCC\libemWin_nosnts_cm3_gcc.a(GUI_DispStringInRectEx.o)
                              ..\..\emWinGraphics_v5_46\LinkLibrary\PSoC5\GCC\libemWin_nosnts_cm3_gcc.a(GUI_DispString.o) (GUI_DispStringInRectEx)
..\..\emWinGraphics_v5_46\LinkLibrary\PSoC5\GCC\libemWin_nosnts_cm3_gcc.a(GUI_DrawLine.o)
                              .\CortexM3\ARM_GCC_493\Debug\main.o (GUI_DrawLine)
[...]
Memory Configuration

Name             Origin             Length             Attributes
rom              0x00000000         0x00040000         xr
ram              0x1fff8000         0x00010000         xrw
*default*        0x00000000         0xffffffff

Linker script and memory map

LOAD c:/program files (x86)/cypress/psoc creator/3.3/psoc creator/import/gnu/arm/4.9.3/bin/../lib/gcc/arm-none-eabi/4.9.3/armv7-m/crti.o
LOAD c:/program files (x86)/cypress/psoc creator/3.3/psoc creator/import/gnu/arm/4.9.3/bin/../lib/gcc/arm-none-eabi/4.9.3/armv7-m/crtbegin.o
LOAD c:/program files (x86)/cypress/psoc creator/3.3/psoc creator/import/gnu/arm/4.9.3/bin/../lib/gcc/arm-none-eabi/4.9.3/../../../../arm-none-eabi/lib/armv7-m/crt0.o
START GROUP
LOAD .\CortexM3\ARM_GCC_493\Debug\main.o
LOAD .\CortexM3\ARM_GCC_493\Debug\GUI_X.o
LOAD .\CortexM3\ARM_GCC_493\Debug\GUIConf.o
LOAD .\CortexM3\ARM_GCC_493\Debug\LCDConf.o
LOAD .\CortexM3\ARM_GCC_493\Debug\tft.o
LOAD .\CortexM3\ARM_GCC_493\Debug\drinks.o
LOAD .\CortexM3\ARM_GCC_493\Debug\cymetadata.o
LOAD .\CortexM3\ARM_GCC_493\Debug\Cm3Start.o
LOAD .\CortexM3\ARM_GCC_493\Debug\Bartender.a
LOAD C:\Program Files (x86)\Cypress\PSoC Creator\3.3\PSoC Creator\psoc\content\cycomponentlibrary\CyComponentLibrary.cylib\CortexM3\ARM_GCC_493\Debug\CyComponentLibrary.a
LOAD c:/program files (x86)/cypress/psoc creator/3.3/psoc creator/import/gnu/arm/4.9.3/bin/../lib/gcc/arm-none-eabi/4.9.3/../../../../arm-none-eabi/lib/armv7-m\libm.a
LOAD ..\..\emWinGraphics_v5_46\LinkLibrary\PSoC5\GCC\libemWin_nosnts_cm3_gcc.a
END GROUP
START GROUP
LOAD c:/program files (x86)/cypress/psoc creator/3.3/psoc creator/import/gnu/arm/4.9.3/bin/../lib/gcc/arm-none-eabi/4.9.3/armv7-m\libgcc.a
LOAD c:/program files (x86)/cypress/psoc creator/3.3/psoc creator/import/gnu/arm/4.9.3/bin/../lib/gcc/arm-none-eabi/4.9.3/../../../../arm-none-eabi/lib/armv7-m\libg_nano.a
LOAD c:/program files (x86)/cypress/psoc creator/3.3/psoc creator/import/gnu/arm/4.9.3/bin/../lib/gcc/arm-none-eabi/4.9.3/../../../../arm-none-eabi/lib/armv7-m\libc_nano.a
END GROUP
START GROUP
LOAD c:/program files (x86)/cypress/psoc creator/3.3/psoc creator/import/gnu/arm/4.9.3/bin/../lib/gcc/arm-none-eabi/4.9.3/armv7-m\libgcc.a
LOAD c:/program files (x86)/cypress/psoc creator/3.3/psoc creator/import/gnu/arm/4.9.3/bin/../lib/gcc/arm-none-eabi/4.9.3/../../../../arm-none-eabi/lib/armv7-m\libc_nano.a
END GROUP
LOAD c:/program files (x86)/cypress/psoc creator/3.3/psoc creator/import/gnu/arm/4.9.3/bin/../lib/gcc/arm-none-eabi/4.9.3/armv7-m/crtend.o
LOAD c:/program files (x86)/cypress/psoc creator/3.3/psoc creator/import/gnu/arm/4.9.3/bin/../lib/gcc/arm-none-eabi/4.9.3/armv7-m/crtn.o
START GROUP
LOAD c:/program files (x86)/cypress/psoc creator/3.3/psoc creator/import/gnu/arm/4.9.3/bin/../lib/gcc/arm-none-eabi/4.9.3/armv7-m\libgcc.a
LOAD c:/program files (x86)/cypress/psoc creator/3.3/psoc creator/import/gnu/arm/4.9.3/bin/../lib/gcc/arm-none-eabi/4.9.3/../../../../arm-none-eabi/lib/armv7-m\libc.a
LOAD c:/program files (x86)/cypress/psoc creator/3.3/psoc creator/import/gnu/arm/4.9.3/bin/../lib/gcc/arm-none-eabi/4.9.3/../../../../arm-none-eabi/lib/armv7-m\libnosys.a
END GROUP
                0x00000000                CY_APPL_ORIGIN = 0x0
                0x00000100                CY_FLASH_ROW_SIZE = 0x100
                0x00000020                CY_ECC_ROW_SIZE = 0x20
                0x00000000                CY_EE_IN_BTLDR = 0x0
                0x00000000                CY_APPL_LOADABLE = 0x0
                0x00000800                CY_EE_SIZE = 0x800
                0x00000001                CY_APPL_NUM = 0x1
                0x00000001                CY_APPL_MAX = 0x1
                0x00000040                CY_METADATA_SIZE = 0x40
                0x00000000                CY_APPL_LOADABLE = 0x0
                0x00000000                CY_CHECKSUM_EXCLUDE_SIZE = ALIGN (0x0, CY_FLASH_ROW_SIZE)
                0x1fffadd8                PROVIDE (__cy_heap_start, _end)
                0x00000001                PROVIDE (__cy_region_num, ((__cy_regions_end - __cy_regions) / 0x10))
                0x20008000                PROVIDE (__cy_stack, (ORIGIN (ram) + 0x10000))
                0x20007800                PROVIDE (__cy_heap_end, (__cy_stack - 0x800))

.cybootloader   0x00000000        0x0
 *(.cybootloader)
                0x00000000                appl1_start = CY_APPL_ORIGIN?CY_APPL_ORIGIN:ALIGN (CY_FLASH_ROW_SIZE)
                0x0001ff00                appl2_start = (appl1_start + ALIGN ((((0x40000 - appl1_start) - (0x2 * CY_FLASH_ROW_SIZE)) / 0x2), CY_FLASH_ROW_SIZE))
                0x00000000                appl_start = (CY_APPL_NUM == 0x1)?appl1_start:appl2_start
                0x00000000                ecc_offset = ((appl_start / CY_FLASH_ROW_SIZE) * CY_ECC_ROW_SIZE)
                0x00000000                ee_offset = (CY_APPL_LOADABLE && ! (CY_EE_IN_BTLDR))?((CY_EE_SIZE / CY_APPL_MAX) * (CY_APPL_NUM - 0x1)):0x0
                0x00000800                ee_size = (CY_APPL_LOADABLE && ! (CY_EE_IN_BTLDR))?(CY_EE_SIZE / CY_APPL_MAX):CY_EE_SIZE
                0x00000000                PROVIDE (CY_ECC_OFFSET, ecc_offset)

.text           0x00000000     0x8238
 CREATE_OBJECT_SYMBOLS
                0x00000000                PROVIDE (__cy_interrupt_vector, RomVectors)
 *(.romvectors)
 .romvectors    0x00000000       0x10 .\CortexM3\ARM_GCC_493\Debug\Cm3Start.o
                0x00000000                RomVectors
                0x00000001                ASSERT ((. != __cy_interrupt_vector), No interrupt vector)
                0x00000001                ASSERT (CY_APPL_ORIGIN?(SIZEOF (.cybootloader) <= CY_APPL_ORIGIN):0x1, Wrong image location)
                0x00000010                PROVIDE (__cy_reset, Reset)
 *(.text.Reset)
 .text.Reset    0x00000010       0x18 .\CortexM3\ARM_GCC_493\Debug\Cm3Start.o
                0x00000010                Reset
                0x00000001                ASSERT ((. != __cy_reset), No reset code)
 *(.dma_init)
                0x00000001                ASSERT ((((appl_start + .) <= 0x10000) || 0x1), DMA Init must be within the first 64k of flash)
 *(.text .text.* .gnu.linkonce.t.*)
 .text          0x00000028       0x5c c:/program files (x86)/cypress/psoc creator/3.3/psoc creator/import/gnu/arm/4.9.3/bin/../lib/gcc/arm-none-eabi/4.9.3/armv7-m/crtbegin.o
 .text.push_to_list
                0x00000084       0x28 .\CortexM3\ARM_GCC_493\Debug\main.o
                0x00000084                push_to_list
 .text.compare_lists
                0x000000ac       0x24 .\CortexM3\ARM_GCC_493\Debug\main.o
                0x000000ac                compare_lists
 .text.change_config_color
                0x000000d0       0x88 .\CortexM3\ARM_GCC_493\Debug\main.o
                0x000000d0                change_config_color
 .text.draw_active_config
                0x00000158       0x1c .\CortexM3\ARM_GCC_493\Debug\main.o
                0x00000158                draw_active_config
 .text.redraw_config_text
                0x00000174       0x24 .\CortexM3\ARM_GCC_493\Debug\main.o
                0x00000174                redraw_config_text
 .text.display_cleaning
                0x00000198       0x2c .\CortexM3\ARM_GCC_493\Debug\main.o
                0x00000198                display_cleaning
 .text.check_availability
                0x000001c4       0x40 .\CortexM3\ARM_GCC_493\Debug\main.o
                0x000001c4                check_availability
 .text.generate_menu
                0x00000204       0x44 .\CortexM3\ARM_GCC_493\Debug\main.o
                0x00000204                generate_menu
 .text.display_config
                0x00000248      0x178 .\CortexM3\ARM_GCC_493\Debug\main.o
                0x00000248                display_config
 .text.create_dispenser_rects
                0x000003c0       0x74 .\CortexM3\ARM_GCC_493\Debug\main.o
                0x000003c0                create_dispenser_rects
 .text.create_config_rects
                0x00000434      0x13c .\CortexM3\ARM_GCC_493\Debug\main.o
                0x00000434                create_config_rects
 .text.clean_number
                0x00000570        0xc .\CortexM3\ARM_GCC_493\Debug\main.o
                0x00000570                clean_number
 .text.update_dispenser_text
                0x0000057c       0xd4 .\CortexM3\ARM_GCC_493\Debug\main.o
                0x0000057c                update_dispenser_text
 .text.display_dispenser
                0x00000650      0x104 .\CortexM3\ARM_GCC_493\Debug\main.o
                0x00000650                display_dispenser
 .text.MainTask
                0x00000754       0x28 .\CortexM3\ARM_GCC_493\Debug\main.o
                0x00000754                MainTask
 .text.main     0x0000077c       0x74 .\CortexM3\ARM_GCC_493\Debug\main.o
                0x0000077c                main
 .text.Down_Button_Handler
                0x000007f0       0xd4 .\CortexM3\ARM_GCC_493\Debug\main.o
                0x000007f0                Down_Button_Handler
 .text.Up_Button_Handler
                0x000008c4       0xd4 .\CortexM3\ARM_GCC_493\Debug\main.o
                0x000008c4                Up_Button_Handler
 .text.ms_to_dispense
                0x00000998       0x30 .\CortexM3\ARM_GCC_493\Debug\main.o
                0x00000998                ms_to_dispense
 .text.get_required_motors
                0x000009c8       0x5c .\CortexM3\ARM_GCC_493\Debug\main.o
                0x000009c8                get_required_motors
 .text.relay_on
                0x00000a24       0x48 .\CortexM3\ARM_GCC_493\Debug\main.o
                0x00000a24                relay_on
 .text.relay_off
                0x00000a6c       0x48 .\CortexM3\ARM_GCC_493\Debug\main.o
                0x00000a6c                relay_off
 .text.dispense_drink
                0x00000ab4       0x48 .\CortexM3\ARM_GCC_493\Debug\main.o
                0x00000ab4                dispense_drink
 .text.prime_pump
                0x00000afc       0x18 .\CortexM3\ARM_GCC_493\Debug\main.o
                0x00000afc                prime_pump
 .text.clear_config_data
                0x00000b14       0x18 .\CortexM3\ARM_GCC_493\Debug\main.o
                0x00000b14                clear_config_data
 .text.clean_tubing
                0x00000b2c       0x3c .\CortexM3\ARM_GCC_493\Debug\main.o
                0x00000b2c                clean_tubing
 .text.Submit_Button_Handler
                0x00000b68       0xdc .\CortexM3\ARM_GCC_493\Debug\main.o
                0x00000b68                Submit_Button_Handler
 .text.GUI_X_Systick_Intr
                0x00000c44       0x10 .\CortexM3\ARM_GCC_493\Debug\GUI_X.o
                0x00000c44                GUI_X_Systick_Intr
 .text.GUI_X_Systick_Init
                0x00000c54       0x34 .\CortexM3\ARM_GCC_493\Debug\GUI_X.o
                0x00000c54                GUI_X_Systick_Init
 .text.GUI_X_Init
                0x00000c88        0x8 .\CortexM3\ARM_GCC_493\Debug\GUI_X.o
                0x00000c88                GUI_X_Init
 .text.GUI_X_Config
                0x00000c90       0x1c .\CortexM3\ARM_GCC_493\Debug\GUIConf.o
                0x00000c90                GUI_X_Config
 .text._InitController
                0x00000cac        0x8 .\CortexM3\ARM_GCC_493\Debug\LCDConf.o
 .text.LCD_X_Config
                0x00000cb4       0x94 .\CortexM3\ARM_GCC_493\Debug\LCDConf.o
                0x00000cb4                LCD_X_Config
 .text.LCD_X_DisplayDriver
                0x00000d48       0x14 .\CortexM3\ARM_GCC_493\Debug\LCDConf.o
                0x00000d48                LCD_X_DisplayDriver
 .text.write8_a0
                0x00000d5c       0x1c .\CortexM3\ARM_GCC_493\Debug\tft.o
                0x00000d5c                write8_a0
 .text.write8_a1
                0x00000d78       0x1c .\CortexM3\ARM_GCC_493\Debug\tft.o
                0x00000d78                write8_a1
 .text.writeM8_a1
                0x00000d94       0x28 .\CortexM3\ARM_GCC_493\Debug\tft.o
                0x00000d94                writeM8_a1
 .text.read8_a1
                0x00000dbc        0x4 .\CortexM3\ARM_GCC_493\Debug\tft.o
                0x00000dbc                read8_a1
 .text.readM8_a1
                0x00000dc0        0x4 .\CortexM3\ARM_GCC_493\Debug\tft.o
                0x00000dc0                readM8_a1
 .text.tftStart
                0x00000dc4       0x3c .\CortexM3\ARM_GCC_493\Debug\tft.o
                0x00000dc4                tftStart
 .text.Ingredient_Create
                0x00000e00       0x14 .\CortexM3\ARM_GCC_493\Debug\drinks.o
                0x00000e00                Ingredient_Create
 .text.Drink_Create
                0x00000e14       0x48 .\CortexM3\ARM_GCC_493\Debug\drinks.o
                0x00000e14                Drink_Create
 .text.generate_drinks
                0x00000e5c      0x104 .\CortexM3\ARM_GCC_493\Debug\drinks.o
                0x00000e5c                generate_drinks
 .text.IntDefaultHandler
                0x00000f60        0x4 .\CortexM3\ARM_GCC_493\Debug\Cm3Start.o
                0x00000f60                IntDefaultHandler
 .text._sbrk    0x00000f64       0x30 .\CortexM3\ARM_GCC_493\Debug\Cm3Start.o
                0x00000f64                _sbrk
 .text.Start_c  0x00000f94       0x4c .\CortexM3\ARM_GCC_493\Debug\Cm3Start.o
                0x00000f94                Start_c
 .text.initialize_psoc
                0x00000fe0       0x74 .\CortexM3\ARM_GCC_493\Debug\Cm3Start.o
                0x00000fe0                initialize_psoc
 .text.CyClockStartupError
                0x00001054        0x4 .\CortexM3\ARM_GCC_493\Debug\Bartender.a(cyfitter_cfg.o)
 .text.cfg_write_bytes32
                0x00001058       0x34 .\CortexM3\ARM_GCC_493\Debug\Bartender.a(cyfitter_cfg.o)
 .text.AnalogSetDefault
                0x0000108c       0x28 .\CortexM3\ARM_GCC_493\Debug\Bartender.a(cyfitter_cfg.o)
 .text.CYMEMZERO
                0x000010b4        0xc .\CortexM3\ARM_GCC_493\Debug\Bartender.a(cyfitter_cfg.o)
 .text.ClockSetup
                0x000010c0       0xc0 .\CortexM3\ARM_GCC_493\Debug\Bartender.a(cyfitter_cfg.o)
 .text.CYCONFIGCPY
                0x00001180        0x8 .\CortexM3\ARM_GCC_493\Debug\Bartender.a(cyfitter_cfg.o)
 .text.cyfitter_cfg
                0x00001188      0x104 .\CortexM3\ARM_GCC_493\Debug\Bartender.a(cyfitter_cfg.o)
                0x00001188                cyfitter_cfg
 *fill*         0x0000128c        0x4 
 .text          0x00001290       0x20 .\CortexM3\ARM_GCC_493\Debug\Bartender.a(CyBootAsmGnu.o)
                0x00001290                CyDelayCycles
                0x000012a0                CyEnterCriticalSection
                0x000012a8                CyExitCriticalSection
 .text.CyFlashGetSpcAlgorithm
                0x000012b0       0x4c .\CortexM3\ARM_GCC_493\Debug\Bartender.a(CyFlash.o)
 .text.CySetTempInt
                0x000012fc       0x60 .\CortexM3\ARM_GCC_493\Debug\Bartender.a(CyFlash.o)
 .text.CySetTemp
                0x0000135c       0x14 .\CortexM3\ARM_GCC_493\Debug\Bartender.a(CyFlash.o)
                0x0000135c                CySetTemp
 .text.CySetFlashEEBuffer
                0x00001370       0x28 .\CortexM3\ARM_GCC_493\Debug\Bartender.a(CyFlash.o)
                0x00001370                CySetFlashEEBuffer
 .text.CyWriteRowFull
                0x00001398       0xf8 .\CortexM3\ARM_GCC_493\Debug\Bartender.a(CyFlash.o)
                0x00001398                CyWriteRowFull
 .text.CyWriteRowData
                0x00001490       0x14 .\CortexM3\ARM_GCC_493\Debug\Bartender.a(CyFlash.o)
                0x00001490                CyWriteRowData
 .text.CyEEPROM_Start
                0x000014a4       0x54 .\CortexM3\ARM_GCC_493\Debug\Bartender.a(CyFlash.o)
                0x000014a4                CyEEPROM_Start
 .text.CyHalt   0x000014f8        0x4 .\CortexM3\ARM_GCC_493\Debug\Bartender.a(CyLib.o)
                0x000014f8                CyHalt
 .text.CyDelay  0x000014fc       0x2c .\CortexM3\ARM_GCC_493\Debug\Bartender.a(CyLib.o)
                0x000014fc                CyDelay
 .text.CyDelayUs
                0x00001528       0x14 .\CortexM3\ARM_GCC_493\Debug\Bartender.a(CyLib.o)
                0x00001528                CyDelayUs
 .text.CyFlushCache
                0x0000153c       0x44 .\CortexM3\ARM_GCC_493\Debug\Bartender.a(CyLib.o)
                0x0000153c                CyFlushCache
 .text.CyIntSetSysVector
                0x00001580       0x28 .\CortexM3\ARM_GCC_493\Debug\Bartender.a(CyLib.o)
                0x00001580                CyIntSetSysVector
 .text.CySysTickEnableInterrupt
                0x000015a8       0x10 .\CortexM3\ARM_GCC_493\Debug\Bartender.a(CyLib.o)
                0x000015a8                CySysTickEnableInterrupt
 .text.CySysTickEnable
                0x000015b8       0x18 .\CortexM3\ARM_GCC_493\Debug\Bartender.a(CyLib.o)
                0x000015b8                CySysTickEnable
 .text.CySysTickSetReload
                0x000015d0       0x10 .\CortexM3\ARM_GCC_493\Debug\Bartender.a(CyLib.o)
                0x000015d0                CySysTickSetReload
 .text.CySysTickSetClockSource
                0x000015e0       0x20 .\CortexM3\ARM_GCC_493\Debug\Bartender.a(CyLib.o)
                0x000015e0                CySysTickSetClockSource
 .text.CySysTickGetCountFlag
                0x00001600       0x10 .\CortexM3\ARM_GCC_493\Debug\Bartender.a(CyLib.o)
                0x00001600                CySysTickGetCountFlag
 .text.CySysTickServiceCallbacks
                0x00001610       0x28 .\CortexM3\ARM_GCC_493\Debug\Bartender.a(CyLib.o)
 .text.CySysTickClear
                0x00001638        0xc .\CortexM3\ARM_GCC_493\Debug\Bartender.a(CyLib.o)
                0x00001638                CySysTickClear
 .text.CySysTickInit
                0x00001644       0x58 .\CortexM3\ARM_GCC_493\Debug\Bartender.a(CyLib.o)
                0x00001644                CySysTickInit
 .text.CySysTickStart
                0x0000169c       0x1c .\CortexM3\ARM_GCC_493\Debug\Bartender.a(CyLib.o)
                0x0000169c                CySysTickStart
 .text.CySysTickSetCallback
                0x000016b8       0x10 .\CortexM3\ARM_GCC_493\Debug\Bartender.a(CyLib.o)
                0x000016b8                CySysTickSetCallback
 .text.CySysTickGetCallback
                0x000016c8       0x10 .\CortexM3\ARM_GCC_493\Debug\Bartender.a(CyLib.o)
                0x000016c8                CySysTickGetCallback
 .text.CySpcStart
                0x000016d8       0x24 .\CortexM3\ARM_GCC_493\Debug\Bartender.a(CySpc.o)
                0x000016d8                CySpcStart
 .text.CySpcReadData
                0x000016fc       0x34 .\CortexM3\ARM_GCC_493\Debug\Bartender.a(CySpc.o)
                0x000016fc                CySpcReadData
 .text.CySpcLoadRowFull
                0x00001730       0x80 .\CortexM3\ARM_GCC_493\Debug\Bartender.a(CySpc.o)
                0x00001730                CySpcLoadRowFull
 .text.CySpcWriteRow
                0x000017b0       0x4c .\CortexM3\ARM_GCC_493\Debug\Bartender.a(CySpc.o)
                0x000017b0                CySpcWriteRow
 .text.CySpcGetTemp
                0x000017fc       0x3c .\CortexM3\ARM_GCC_493\Debug\Bartender.a(CySpc.o)
                0x000017fc                CySpcGetTemp
 .text.CySpcLock
                0x00001838       0x4c .\CortexM3\ARM_GCC_493\Debug\Bartender.a(CySpc.o)
                0x00001838                CySpcLock
 .text.CySpcUnlock
                0x00001884       0x38 .\CortexM3\ARM_GCC_493\Debug\Bartender.a(CySpc.o)
                0x00001884                CySpcUnlock
 .text.CySpcGetAlgorithm
                0x000018bc       0x28 .\CortexM3\ARM_GCC_493\Debug\Bartender.a(CySpc.o)
                0x000018bc                CySpcGetAlgorithm
 .text.Relay_1_Write
                0x000018e4       0x18 .\CortexM3\ARM_GCC_493\Debug\Bartender.a(Relay_1.o)
                0x000018e4                Relay_1_Write
 .text.Submit_Int_SetVector
                0x000018fc        0xc .\CortexM3\ARM_GCC_493\Debug\Bartender.a(Submit_Int.o)
                0x000018fc                Submit_Int_SetVector
 .text.Submit_Int_SetPriority
                0x00001908       0x10 .\CortexM3\ARM_GCC_493\Debug\Bartender.a(Submit_Int.o)
                0x00001908                Submit_Int_SetPriority
 .text.Submit_Int_Enable
                0x00001918        0xc .\CortexM3\ARM_GCC_493\Debug\Bartender.a(Submit_Int.o)
                0x00001918                Submit_Int_Enable
 .text.Submit_Int_Disable
                0x00001924        0xc .\CortexM3\ARM_GCC_493\Debug\Bartender.a(Submit_Int.o)
                0x00001924                Submit_Int_Disable
 .text.Submit_Int_StartEx
                0x00001930       0x1c .\CortexM3\ARM_GCC_493\Debug\Bartender.a(Submit_Int.o)
                0x00001930                Submit_Int_StartEx
 .text.Relay_2_Write
                0x0000194c       0x18 .\CortexM3\ARM_GCC_493\Debug\Bartender.a(Relay_2.o)
                0x0000194c                Relay_2_Write
 .text.Relay_3_Write
                0x00001964       0x18 .\CortexM3\ARM_GCC_493\Debug\Bartender.a(Relay_3.o)
                0x00001964                Relay_3_Write
 .text.Relay_4_Write
                0x0000197c       0x18 .\CortexM3\ARM_GCC_493\Debug\Bartender.a(Relay_4.o)
                0x0000197c                Relay_4_Write
 .text.Relay_5_Write
                0x00001994       0x18 .\CortexM3\ARM_GCC_493\Debug\Bartender.a(Relay_5.o)
                0x00001994                Relay_5_Write
 .text.Relay_6_Write
                0x000019ac       0x18 .\CortexM3\ARM_GCC_493\Debug\Bartender.a(Relay_6.o)
                0x000019ac                Relay_6_Write
 .text.Up_Int_SetVector
                0x000019c4        0xc .\CortexM3\ARM_GCC_493\Debug\Bartender.a(Up_Int.o)
                0x000019c4                Up_Int_SetVector
 .text.Up_Int_SetPriority
                0x000019d0       0x10 .\CortexM3\ARM_GCC_493\Debug\Bartender.a(Up_Int.o)
                0x000019d0                Up_Int_SetPriority
 .text.Up_Int_Enable
                0x000019e0        0xc .\CortexM3\ARM_GCC_493\Debug\Bartender.a(Up_Int.o)
                0x000019e0                Up_Int_Enable
 .text.Up_Int_Disable
                0x000019ec        0xc .\CortexM3\ARM_GCC_493\Debug\Bartender.a(Up_Int.o)
                0x000019ec                Up_Int_Disable
 .text.Up_Int_StartEx
                0x000019f8       0x1c .\CortexM3\ARM_GCC_493\Debug\Bartender.a(Up_Int.o)
                0x000019f8                Up_Int_StartEx
 .text.Down_Int_SetVector
                0x00001a14        0xc .\CortexM3\ARM_GCC_493\Debug\Bartender.a(Down_Int.o)
                0x00001a14                Down_Int_SetVector
 .text.Down_Int_SetPriority
                0x00001a20       0x10 .\CortexM3\ARM_GCC_493\Debug\Bartender.a(Down_Int.o)
                0x00001a20                Down_Int_SetPriority
 .text.Down_Int_Enable
                0x00001a30        0xc .\CortexM3\ARM_GCC_493\Debug\Bartender.a(Down_Int.o)
                0x00001a30                Down_Int_Enable
 .text.Down_Int_Disable
                0x00001a3c        0xc .\CortexM3\ARM_GCC_493\Debug\Bartender.a(Down_Int.o)
                0x00001a3c                Down_Int_Disable
 .text.Down_Int_StartEx
                0x00001a48       0x1c .\CortexM3\ARM_GCC_493\Debug\Bartender.a(Down_Int.o)
                0x00001a48                Down_Int_StartEx
 .text.SPIM_1_Enable
                0x00001a64       0x34 .\CortexM3\ARM_GCC_493\Debug\Bartender.a(SPIM_1.o)
                0x00001a64                SPIM_1_Enable
 .text.SPIM_1_ReadTxStatus
                0x00001a98        0xc .\CortexM3\ARM_GCC_493\Debug\Bartender.a(SPIM_1.o)
                0x00001a98                SPIM_1_ReadTxStatus
 .text.SPIM_1_ReadRxStatus
                0x00001aa4        0xc .\CortexM3\ARM_GCC_493\Debug\Bartender.a(SPIM_1.o)
                0x00001aa4                SPIM_1_ReadRxStatus
 .text.SPIM_1_WriteTxData
                0x00001ab0       0x18 .\CortexM3\ARM_GCC_493\Debug\Bartender.a(SPIM_1.o)
                0x00001ab0                SPIM_1_WriteTxData
 .text.SPIM_1_ClearFIFO
                0x00001ac8       0x3c .\CortexM3\ARM_GCC_493\Debug\Bartender.a(SPIM_1.o)
                0x00001ac8                SPIM_1_ClearFIFO
 .text.SPIM_1_Init
                0x00001b04       0x28 .\CortexM3\ARM_GCC_493\Debug\Bartender.a(SPIM_1.o)
                0x00001b04                SPIM_1_Init
 .text.SPIM_1_Start
                0x00001b2c       0x1c .\CortexM3\ARM_GCC_493\Debug\Bartender.a(SPIM_1.o)
                0x00001b2c                SPIM_1_Start
 .text.DC_Write
                0x00001b48       0x18 .\CortexM3\ARM_GCC_493\Debug\Bartender.a(DC.o)
                0x00001b48                DC_Write
 .text.SPIM_1_IntClock_Start
                0x00001b60       0x1c .\CortexM3\ARM_GCC_493\Debug\Bartender.a(SPIM_1_IntClock.o)
                0x00001b60                SPIM_1_IntClock_Start
 .text.Em_EEPROM_Start
                0x00001b7c        0x4 .\CortexM3\ARM_GCC_493\Debug\Bartender.a(Em_EEPROM.o)
                0x00001b7c                Em_EEPROM_Start
 .text.Em_EEPROM_Write
                0x00001b80       0xa8 .\CortexM3\ARM_GCC_493\Debug\Bartender.a(Em_EEPROM.o)
                0x00001b80                Em_EEPROM_Write
 .text._PushFreeBlock
                0x00001c28       0x24 ..\..\emWinGraphics_v5_46\LinkLibrary\PSoC5\GCC\libemWin_nosnts_cm3_gcc.a(GUI_Alloc.o)
 .text._RemoveFreeBlock
                0x00001c4c       0x40 ..\..\emWinGraphics_v5_46\LinkLibrary\PSoC5\GCC\libemWin_nosnts_cm3_gcc.a(GUI_Alloc.o)
 .text._AddFreeMemory
                0x00001c8c       0xa4 ..\..\emWinGraphics_v5_46\LinkLibrary\PSoC5\GCC\libemWin_nosnts_cm3_gcc.a(GUI_Alloc.o)
 .text._RemoveHoles
                0x00001d30       0x98 ..\..\emWinGraphics_v5_46\LinkLibrary\PSoC5\GCC\libemWin_nosnts_cm3_gcc.a(GUI_Alloc.o)
 .text.GUI_ALLOC_FreeFixedBlock
                0x00001dc8       0x14 ..\..\emWinGraphics_v5_46\LinkLibrary\PSoC5\GCC\libemWin_nosnts_cm3_gcc.a(GUI_Alloc.o)
                0x00001dc8                GUI_ALLOC_FreeFixedBlock
 .text.GUI_ALLOC_h2p
                0x00001ddc       0x14 ..\..\emWinGraphics_v5_46\LinkLibrary\PSoC5\GCC\libemWin_nosnts_cm3_gcc.a(GUI_Alloc.o)
                0x00001ddc                GUI_ALLOC_h2p
 .text.GUI_ALLOC_LockH
                0x00001df0       0x1c ..\..\emWinGraphics_v5_46\LinkLibrary\PSoC5\GCC\libemWin_nosnts_cm3_gcc.a(GUI_Alloc.o)
                0x00001df0                GUI_ALLOC_LockH
 .text.GUI_ALLOC_UnlockH
                0x00001e0c       0x30 ..\..\emWinGraphics_v5_46\LinkLibrary\PSoC5\GCC\libemWin_nosnts_cm3_gcc.a(GUI_Alloc.o)
                0x00001e0c                GUI_ALLOC_UnlockH
 .text.GUI_ALLOC_AssignMemory
                0x00001e3c       0x10 ..\..\emWinGraphics_v5_46\LinkLibrary\PSoC5\GCC\libemWin_nosnts_cm3_gcc.a(GUI_Alloc.o)
                0x00001e3c                GUI_ALLOC_AssignMemory
 .text.GUI_ALLOC_Free
                0x00001e4c       0x28 ..\..\emWinGraphics_v5_46\LinkLibrary\PSoC5\GCC\libemWin_nosnts_cm3_gcc.a(GUI_Alloc.o)
                0x00001e4c                GUI_ALLOC_Free
 .text._EnlargeBlocks
                0x00001e74       0x9c ..\..\emWinGraphics_v5_46\LinkLibrary\PSoC5\GCC\libemWin_nosnts_cm3_gcc.a(GUI_Alloc.o)
 .text._InitOnce
                0x00001f10       0x6c ..\..\emWinGraphics_v5_46\LinkLibrary\PSoC5\GCC\libemWin_nosnts_cm3_gcc.a(GUI_Alloc.o)
 .text.GUI_ALLOC_GetFixedBlock
                0x00001f7c       0xa4 ..\..\emWinGraphics_v5_46\LinkLibrary\PSoC5\GCC\libemWin_nosnts_cm3_gcc.a(GUI_Alloc.o)
                0x00001f7c                GUI_ALLOC_GetFixedBlock
 .text._Alloc   0x00002020       0xf0 ..\..\emWinGraphics_v5_46\LinkLibrary\PSoC5\GCC\libemWin_nosnts_cm3_gcc.a(GUI_Alloc.o)
 .text.GUI_ALLOC_AllocNoInit
                0x00002110        0x8 ..\..\emWinGraphics_v5_46\LinkLibrary\PSoC5\GCC\libemWin_nosnts_cm3_gcc.a(GUI_Alloc.o)
                0x00002110                GUI_ALLOC_AllocNoInit
 .text.GUI_ALLOC_AllocZero
                0x00002118       0x30 ..\..\emWinGraphics_v5_46\LinkLibrary\PSoC5\GCC\libemWin_nosnts_cm3_gcc.a(GUI_Alloc.o)
                0x00002118                GUI_ALLOC_AllocZero
 .text.GUIMONO_DispChar
                0x00002148      0x13c ..\..\emWinGraphics_v5_46\LinkLibrary\PSoC5\GCC\libemWin_nosnts_cm3_gcc.a(GUI_CharM.o)
                0x00002148                GUIMONO_DispChar
 .text.GUIMONO_GetCharDistX
                0x00002284       0x18 ..\..\emWinGraphics_v5_46\LinkLibrary\PSoC5\GCC\libemWin_nosnts_cm3_gcc.a(GUI_CharM.o)
                0x00002284                GUIMONO_GetCharDistX
 .text.GUIMONO_GetFontInfo
                0x0000229c        0x6 ..\..\emWinGraphics_v5_46\LinkLibrary\PSoC5\GCC\libemWin_nosnts_cm3_gcc.a(GUI_CharM.o)
                0x0000229c                GUIMONO_GetFontInfo
 .text.GUIMONO_IsInFont
                0x000022a2       0x36 ..\..\emWinGraphics_v5_46\LinkLibrary\PSoC5\GCC\libemWin_nosnts_cm3_gcc.a(GUI_CharM.o)
                0x000022a2                GUIMONO_IsInFont
 .text.GL_FillCircle
                0x000022d8       0xc0 ..\..\emWinGraphics_v5_46\LinkLibrary\PSoC5\GCC\libemWin_nosnts_cm3_gcc.a(GUI_Circ.o)
                0x000022d8                GL_FillCircle
 .text.GUI_FillCircle
                0x00002398       0x3c ..\..\emWinGraphics_v5_46\LinkLibrary\PSoC5\GCC\libemWin_nosnts_cm3_gcc.a(GUI_Circ.o)
                0x00002398                GUI_FillCircle
 .text.GUI_CalcColorDist
                0x000023d4       0x4e ..\..\emWinGraphics_v5_46\LinkLibrary\PSoC5\GCC\libemWin_nosnts_cm3_gcc.a(GUI_Common.o)
                0x000023d4                GUI_CalcColorDist
 .text.GUI_MergeRect
                0x00002422       0x56 ..\..\emWinGraphics_v5_46\LinkLibrary\PSoC5\GCC\libemWin_nosnts_cm3_gcc.a(GUI_Common.o)
                0x00002422                GUI_MergeRect
 .text.GUI_MoveRect
                0x00002478       0x20 ..\..\emWinGraphics_v5_46\LinkLibrary\PSoC5\GCC\libemWin_nosnts_cm3_gcc.a(GUI_Common.o)
                0x00002478                GUI_MoveRect
 .text.GUI_GotoXY
                0x00002498       0x10 ..\..\emWinGraphics_v5_46\LinkLibrary\PSoC5\GCC\libemWin_nosnts_cm3_gcc.a(GUI_Common.o)
                0x00002498                GUI_GotoXY
 .text.GUI_RectsIntersect
                0x000024a8       0x3a ..\..\emWinGraphics_v5_46\LinkLibrary\PSoC5\GCC\libemWin_nosnts_cm3_gcc.a(GUI_Common.o)
                0x000024a8                GUI_RectsIntersect
 .text.GUI_SelectLCD
                0x000024e2       0x12 ..\..\emWinGraphics_v5_46\LinkLibrary\PSoC5\GCC\libemWin_nosnts_cm3_gcc.a(GUI_Common.o)
                0x000024e2                GUI_SelectLCD
 .text.GUI_SetBkColor
                0x000024f4        0x4 ..\..\emWinGraphics_v5_46\LinkLibrary\PSoC5\GCC\libemWin_nosnts_cm3_gcc.a(GUI_Common.o)
                0x000024f4                GUI_SetBkColor
 .text.GUI_SetColor
                0x000024f8        0x4 ..\..\emWinGraphics_v5_46\LinkLibrary\PSoC5\GCC\libemWin_nosnts_cm3_gcc.a(GUI_Common.o)
                0x000024f8                GUI_SetColor
 .text.GUI_SetFont
                0x000024fc       0x14 ..\..\emWinGraphics_v5_46\LinkLibrary\PSoC5\GCC\libemWin_nosnts_cm3_gcc.a(GUI_Common.o)
                0x000024fc                GUI_SetFont
 .text.GUI_SetOrg
                0x00002510       0x38 ..\..\emWinGraphics_v5_46\LinkLibrary\PSoC5\GCC\libemWin_nosnts_cm3_gcc.a(GUI_Common.o)
                0x00002510                GUI_SetOrg
 .text.GUI_SetTextAlign
                0x00002548       0x14 ..\..\emWinGraphics_v5_46\LinkLibrary\PSoC5\GCC\libemWin_nosnts_cm3_gcc.a(GUI_Common.o)
                0x00002548                GUI_SetTextAlign
 .text._OnExit  0x0000255c       0x48 ..\..\emWinGraphics_v5_46\LinkLibrary\PSoC5\GCC\libemWin_nosnts_cm3_gcc.a(GUI_Core.o)
 .text.GUI_SetDefaultFont
                0x000025a4        0xc ..\..\emWinGraphics_v5_46\LinkLibrary\PSoC5\GCC\libemWin_nosnts_cm3_gcc.a(GUI_Core.o)
                0x000025a4                GUI_SetDefaultFont
 .text.GUI_ClearRect
                0x000025b0       0x60 ..\..\emWinGraphics_v5_46\LinkLibrary\PSoC5\GCC\libemWin_nosnts_cm3_gcc.a(GUI_Core.o)
                0x000025b0                GUI_ClearRect
 .text.GUI_Clear
                0x00002610       0x20 ..\..\emWinGraphics_v5_46\LinkLibrary\PSoC5\GCC\libemWin_nosnts_cm3_gcc.a(GUI_Core.o)
                0x00002610                GUI_Clear
 .text.GUI__RegisterExit
                0x00002630       0x10 ..\..\emWinGraphics_v5_46\LinkLibrary\PSoC5\GCC\libemWin_nosnts_cm3_gcc.a(GUI_Core.o)
                0x00002630                GUI__RegisterExit
 .text.GUI__Config
                0x00002640       0x30 ..\..\emWinGraphics_v5_46\LinkLibrary\PSoC5\GCC\libemWin_nosnts_cm3_gcc.a(GUI_Core.o)
                0x00002640                GUI__Config
 .text.GUI_Init
                0x00002670       0xec ..\..\emWinGraphics_v5_46\LinkLibrary\PSoC5\GCC\libemWin_nosnts_cm3_gcc.a(GUI_Core.o)
                0x00002670                GUI_Init
 .text.GUI_DEVICE__GetpDriver
                0x0000275c       0x20 ..\..\emWinGraphics_v5_46\LinkLibrary\PSoC5\GCC\libemWin_nosnts_cm3_gcc.a(GUI_Device.o)
                0x0000275c                GUI_DEVICE__GetpDriver
 .text.GUI_DEVICE_Delete
                0x0000277c        0x4 ..\..\emWinGraphics_v5_46\LinkLibrary\PSoC5\GCC\libemWin_nosnts_cm3_gcc.a(GUI_Device.o)
                0x0000277c                GUI_DEVICE_Delete
 .text.GUI_DEVICE_Create
                0x00002780       0x48 ..\..\emWinGraphics_v5_46\LinkLibrary\PSoC5\GCC\libemWin_nosnts_cm3_gcc.a(GUI_Device.o)
                0x00002780                GUI_DEVICE_Create
 .text.GUI_DEVICE_Unlink
                0x000027c8       0x30 ..\..\emWinGraphics_v5_46\LinkLibrary\PSoC5\GCC\libemWin_nosnts_cm3_gcc.a(GUI_Device.o)
                0x000027c8                GUI_DEVICE_Unlink
 .text.GUI_DEVICE_Link
                0x000027f8       0x84 ..\..\emWinGraphics_v5_46\LinkLibrary\PSoC5\GCC\libemWin_nosnts_cm3_gcc.a(GUI_Device.o)
                0x000027f8                GUI_DEVICE_Link
 .text.GUI_DEVICE_CreateAndLink
                0x0000287c       0x28 ..\..\emWinGraphics_v5_46\LinkLibrary\PSoC5\GCC\libemWin_nosnts_cm3_gcc.a(GUI_Device.o)
                0x0000287c                GUI_DEVICE_CreateAndLink
 .text.GUI_DispString
                0x000028a4      0x118 ..\..\emWinGraphics_v5_46\LinkLibrary\PSoC5\GCC\libemWin_nosnts_cm3_gcc.a(GUI_DispString.o)
                0x000028a4                GUI_DispString
 .text.GUI_DispStringAt
                0x000029bc       0x10 ..\..\emWinGraphics_v5_46\LinkLibrary\PSoC5\GCC\libemWin_nosnts_cm3_gcc.a(GUI_DispString.o)
                0x000029bc                GUI_DispStringAt
 .text.GUI_WrapGetNumLines
                0x000029cc       0x20 ..\..\emWinGraphics_v5_46\LinkLibrary\PSoC5\GCC\libemWin_nosnts_cm3_gcc.a(GUI_DispString.o)
                0x000029cc                GUI_WrapGetNumLines
 .text.GUI_DispStringInRectWrap
                0x000029ec      0x1e8 ..\..\emWinGraphics_v5_46\LinkLibrary\PSoC5\GCC\libemWin_nosnts_cm3_gcc.a(GUI_DispString.o)
                0x000029ec                GUI_DispStringInRectWrap
 .text._SetLineColor
                0x00002bd4       0x90 ..\..\emWinGraphics_v5_46\LinkLibrary\PSoC5\GCC\libemWin_nosnts_cm3_gcc.a(GUI_DrawLine.o)
 .text.GUI_sin  0x00002c64       0x5c ..\..\emWinGraphics_v5_46\LinkLibrary\PSoC5\GCC\libemWin_nosnts_cm3_gcc.a(GUI_DrawLine.o)
                0x00002c64                GUI_sin
 .text.GUI_cos  0x00002cc0        0x8 ..\..\emWinGraphics_v5_46\LinkLibrary\PSoC5\GCC\libemWin_nosnts_cm3_gcc.a(GUI_DrawLine.o)
                0x00002cc0                GUI_cos
 .text.GL_DrawLine1Ex
                0x00002cc8      0x1ac ..\..\emWinGraphics_v5_46\LinkLibrary\PSoC5\GCC\libemWin_nosnts_cm3_gcc.a(GUI_DrawLine.o)
                0x00002cc8                GL_DrawLine1Ex
 .text.GL_DrawLineEx
                0x00002e74      0x1b0 ..\..\emWinGraphics_v5_46\LinkLibrary\PSoC5\GCC\libemWin_nosnts_cm3_gcc.a(GUI_DrawLine.o)
                0x00002e74                GL_DrawLineEx
 .text.GL_DrawLine
                0x00003024       0x16 ..\..\emWinGraphics_v5_46\LinkLibrary\PSoC5\GCC\libemWin_nosnts_cm3_gcc.a(GUI_DrawLine.o)
                0x00003024                GL_DrawLine
 *fill*         0x0000303a        0x2 
 .text.GUI_DrawLine
                0x0000303c       0x44 ..\..\emWinGraphics_v5_46\LinkLibrary\PSoC5\GCC\libemWin_nosnts_cm3_gcc.a(GUI_DrawLine.o)
                0x0000303c                GUI_DrawLine
 .text._Add     0x00003080       0x40 ..\..\emWinGraphics_v5_46\LinkLibrary\PSoC5\GCC\libemWin_nosnts_cm3_gcc.a(GUI_FillPolygon.o)
 .text.GL_FillPolygon
                0x000030c0      0x1d4 ..\..\emWinGraphics_v5_46\LinkLibrary\PSoC5\GCC\libemWin_nosnts_cm3_gcc.a(GUI_FillPolygon.o)
                0x000030c0                GL_FillPolygon
 .text.GUI_FillPolygon
                0x00003294       0x74 ..\..\emWinGraphics_v5_46\LinkLibrary\PSoC5\GCC\libemWin_nosnts_cm3_gcc.a(GUI_FillPolygon.o)
                0x00003294                GUI_FillPolygon
 .text.GUI_StoreKey
                0x00003308       0x10 ..\..\emWinGraphics_v5_46\LinkLibrary\PSoC5\GCC\libemWin_nosnts_cm3_gcc.a(GUI_OnKey.o)
                0x00003308                GUI_StoreKey
 .text.GUI_UC__GetCharCodeInc
                0x00003318       0x28 ..\..\emWinGraphics_v5_46\LinkLibrary\PSoC5\GCC\libemWin_nosnts_cm3_gcc.a(GUI_UC.o)
                0x00003318                GUI_UC__GetCharCodeInc
 .text.GUI_UC__NumChars2NumBytes
                0x00003340       0x24 ..\..\emWinGraphics_v5_46\LinkLibrary\PSoC5\GCC\libemWin_nosnts_cm3_gcc.a(GUI_UC.o)
                0x00003340                GUI_UC__NumChars2NumBytes
 .text._GetCharCode
                0x00003364        0x4 ..\..\emWinGraphics_v5_46\LinkLibrary\PSoC5\GCC\libemWin_nosnts_cm3_gcc.a(GUI_UC_EncodeNone.o)
 .text._GetCharSize
                0x00003368        0x4 ..\..\emWinGraphics_v5_46\LinkLibrary\PSoC5\GCC\libemWin_nosnts_cm3_gcc.a(GUI_UC_EncodeNone.o)
 .text._CalcSizeOfChar
                0x0000336c        0x4 ..\..\emWinGraphics_v5_46\LinkLibrary\PSoC5\GCC\libemWin_nosnts_cm3_gcc.a(GUI_UC_EncodeNone.o)
 .text._Encode  0x00003370        0x6 ..\..\emWinGraphics_v5_46\LinkLibrary\PSoC5\GCC\libemWin_nosnts_cm3_gcc.a(GUI_UC_EncodeNone.o)
 *fill*         0x00003376        0x2 
 .text.GUI_SignalEvent
                0x00003378       0x10 ..\..\emWinGraphics_v5_46\LinkLibrary\PSoC5\GCC\libemWin_nosnts_cm3_gcc.a(GUI_WaitEvent.o)
                0x00003378                GUI_SignalEvent
 .text.LCD_Index2Color_M565
                0x00003388       0x28 ..\..\emWinGraphics_v5_46\LinkLibrary\PSoC5\GCC\libemWin_nosnts_cm3_gcc.a(GUICC_M565.o)
                0x00003388                LCD_Index2Color_M565
 .text._Color2Index_M565
                0x000033b0       0x28 ..\..\emWinGraphics_v5_46\LinkLibrary\PSoC5\GCC\libemWin_nosnts_cm3_gcc.a(GUICC_M565.o)
 .text._GetIndexMask_M565
                0x000033d8        0x6 ..\..\emWinGraphics_v5_46\LinkLibrary\PSoC5\GCC\libemWin_nosnts_cm3_gcc.a(GUICC_M565.o)
 *fill*         0x000033de        0x2 
 .text._Color2IndexBulk
                0x000033e0       0x5c ..\..\emWinGraphics_v5_46\LinkLibrary\PSoC5\GCC\libemWin_nosnts_cm3_gcc.a(GUICC_M565.o)
 .text._Index2ColorBulk
                0x0000343c       0x64 ..\..\emWinGraphics_v5_46\LinkLibrary\PSoC5\GCC\libemWin_nosnts_cm3_gcc.a(GUICC_M565.o)
 .text._Log2PhysY_X1Y0S0
                0x000034a0        0x4 ..\..\emWinGraphics_v5_46\LinkLibrary\PSoC5\GCC\libemWin_nosnts_cm3_gcc.a(GUIDRV_FlexColor.o)
 .text._Log2PhysY_X1Y1S0
                0x000034a4        0x8 ..\..\emWinGraphics_v5_46\LinkLibrary\PSoC5\GCC\libemWin_nosnts_cm3_gcc.a(GUIDRV_FlexColor.o)
 .text._Log2PhysY_X1Y0S1
                0x000034ac        0x4 ..\..\emWinGraphics_v5_46\LinkLibrary\PSoC5\GCC\libemWin_nosnts_cm3_gcc.a(GUIDRV_FlexColor.o)
 .text._Log2PhysY_X1Y1S1
                0x000034b0        0x8 ..\..\emWinGraphics_v5_46\LinkLibrary\PSoC5\GCC\libemWin_nosnts_cm3_gcc.a(GUIDRV_FlexColor.o)
 .text._SetPixelIndex
                0x000034b8        0xe ..\..\emWinGraphics_v5_46\LinkLibrary\PSoC5\GCC\libemWin_nosnts_cm3_gcc.a(GUIDRV_FlexColor.o)
 .text._GetPixelIndex
                0x000034c6        0x8 ..\..\emWinGraphics_v5_46\LinkLibrary\PSoC5\GCC\libemWin_nosnts_cm3_gcc.a(GUIDRV_FlexColor.o)
 .text._XorPixel
                0x000034ce       0x24 ..\..\emWinGraphics_v5_46\LinkLibrary\PSoC5\GCC\libemWin_nosnts_cm3_gcc.a(GUIDRV_FlexColor.o)
 .text._DrawHLine
                0x000034f2       0x10 ..\..\emWinGraphics_v5_46\LinkLibrary\PSoC5\GCC\libemWin_nosnts_cm3_gcc.a(GUIDRV_FlexColor.o)
 .text._DrawVLine
                0x00003502       0x12 ..\..\emWinGraphics_v5_46\LinkLibrary\PSoC5\GCC\libemWin_nosnts_cm3_gcc.a(GUIDRV_FlexColor.o)
 .text._FillRect
                0x00003514        0xe ..\..\emWinGraphics_v5_46\LinkLibrary\PSoC5\GCC\libemWin_nosnts_cm3_gcc.a(GUIDRV_FlexColor.o)
 .text._DrawBitmap
                0x00003522        0xe ..\..\emWinGraphics_v5_46\LinkLibrary\PSoC5\GCC\libemWin_nosnts_cm3_gcc.a(GUIDRV_FlexColor.o)
 .text._GetDevFunc_SetRect
                0x00003530        0x2 ..\..\emWinGraphics_v5_46\LinkLibrary\PSoC5\GCC\libemWin_nosnts_cm3_gcc.a(GUIDRV_FlexColor.o)
 *fill*         0x00003532        0x2 
 .text._GetDevFunc_SetRectOutside
                0x00003534       0x40 ..\..\emWinGraphics_v5_46\LinkLibrary\PSoC5\GCC\libemWin_nosnts_cm3_gcc.a(GUIDRV_FlexColor.o)
 .text._ReadPixelCust_16bpp
                0x00003574        0xa ..\..\emWinGraphics_v5_46\LinkLibrary\PSoC5\GCC\libemWin_nosnts_cm3_gcc.a(GUIDRV_FlexColor.o)
 .text._ReadPixelCust_18bpp
                0x0000357e        0xa ..\..\emWinGraphics_v5_46\LinkLibrary\PSoC5\GCC\libemWin_nosnts_cm3_gcc.a(GUIDRV_FlexColor.o)
 .text._ReadRectCust_16bpp
                0x00003588       0x3a ..\..\emWinGraphics_v5_46\LinkLibrary\PSoC5\GCC\libemWin_nosnts_cm3_gcc.a(GUIDRV_FlexColor.o)
 .text._ReadRectCust_18bpp
                0x000035c2       0x3a ..\..\emWinGraphics_v5_46\LinkLibrary\PSoC5\GCC\libemWin_nosnts_cm3_gcc.a(GUIDRV_FlexColor.o)
 .text._GetDevFunc
                0x000035fc       0x7c ..\..\emWinGraphics_v5_46\LinkLibrary\PSoC5\GCC\libemWin_nosnts_cm3_gcc.a(GUIDRV_FlexColor.o)
 .text._GetDevProp
                0x00003678       0x5a ..\..\emWinGraphics_v5_46\LinkLibrary\PSoC5\GCC\libemWin_nosnts_cm3_gcc.a(GUIDRV_FlexColor.o)
 .text._GetDevData
                0x000036d2        0xc ..\..\emWinGraphics_v5_46\LinkLibrary\PSoC5\GCC\libemWin_nosnts_cm3_gcc.a(GUIDRV_FlexColor.o)
 .text._GetRect
                0x000036de       0x16 ..\..\emWinGraphics_v5_46\LinkLibrary\PSoC5\GCC\libemWin_nosnts_cm3_gcc.a(GUIDRV_FlexColor.o)
 .text.GUIDRV_FlexColor__SetLog2Phys
                0x000036f4       0x48 ..\..\emWinGraphics_v5_46\LinkLibrary\PSoC5\GCC\libemWin_nosnts_cm3_gcc.a(GUIDRV_FlexColor.o)
                0x000036f4                GUIDRV_FlexColor__SetLog2Phys
 .text._SetOrg  0x0000373c       0x16 ..\..\emWinGraphics_v5_46\LinkLibrary\PSoC5\GCC\libemWin_nosnts_cm3_gcc.a(GUIDRV_FlexColor.o)
 .text._Log2PhysY_X0Y0S1
                0x00003752        0x4 ..\..\emWinGraphics_v5_46\LinkLibrary\PSoC5\GCC\libemWin_nosnts_cm3_gcc.a(GUIDRV_FlexColor.o)
 .text._Log2PhysX_X0Y0S0
                0x00003756        0x4 ..\..\emWinGraphics_v5_46\LinkLibrary\PSoC5\GCC\libemWin_nosnts_cm3_gcc.a(GUIDRV_FlexColor.o)
 .text._Log2PhysX_X0Y1S0
                0x0000375a        0x4 ..\..\emWinGraphics_v5_46\LinkLibrary\PSoC5\GCC\libemWin_nosnts_cm3_gcc.a(GUIDRV_FlexColor.o)
 .text._Log2PhysX_X0Y0S1
                0x0000375e        0x4 ..\..\emWinGraphics_v5_46\LinkLibrary\PSoC5\GCC\libemWin_nosnts_cm3_gcc.a(GUIDRV_FlexColor.o)
 .text._Log2PhysX_X0Y1S1
                0x00003762        0x4 ..\..\emWinGraphics_v5_46\LinkLibrary\PSoC5\GCC\libemWin_nosnts_cm3_gcc.a(GUIDRV_FlexColor.o)
 .text._Log2PhysY_X0Y0S0
                0x00003766        0x4 ..\..\emWinGraphics_v5_46\LinkLibrary\PSoC5\GCC\libemWin_nosnts_cm3_gcc.a(GUIDRV_FlexColor.o)
 .text._Log2PhysY_X0Y1S0
                0x0000376a        0x8 ..\..\emWinGraphics_v5_46\LinkLibrary\PSoC5\GCC\libemWin_nosnts_cm3_gcc.a(GUIDRV_FlexColor.o)
 .text._Log2PhysX_X1Y0S0
                0x00003772        0x8 ..\..\emWinGraphics_v5_46\LinkLibrary\PSoC5\GCC\libemWin_nosnts_cm3_gcc.a(GUIDRV_FlexColor.o)
 .text._Log2PhysX_X1Y1S0
                0x0000377a        0x8 ..\..\emWinGraphics_v5_46\LinkLibrary\PSoC5\GCC\libemWin_nosnts_cm3_gcc.a(GUIDRV_FlexColor.o)
 .text._Log2PhysX_X1Y0S1
                0x00003782        0x8 ..\..\emWinGraphics_v5_46\LinkLibrary\PSoC5\GCC\libemWin_nosnts_cm3_gcc.a(GUIDRV_FlexColor.o)
 .text._Log2PhysX_X1Y1S1
                0x0000378a        0x8 ..\..\emWinGraphics_v5_46\LinkLibrary\PSoC5\GCC\libemWin_nosnts_cm3_gcc.a(GUIDRV_FlexColor.o)
 .text._Log2PhysY_X0Y1S1
                0x00003792        0x8 ..\..\emWinGraphics_v5_46\LinkLibrary\PSoC5\GCC\libemWin_nosnts_cm3_gcc.a(GUIDRV_FlexColor.o)
 .text.GUIDRV_FlexColor__SetPixelIndexNoCache
                0x0000379a       0x88 ..\..\emWinGraphics_v5_46\LinkLibrary\PSoC5\GCC\libemWin_nosnts_cm3_gcc.a(GUIDRV_FlexColor.o)
                0x0000379a                GUIDRV_FlexColor__SetPixelIndexNoCache
 .text.GUIDRV_FlexColor__GetPixelIndexNoCache
                0x00003822       0xb2 ..\..\emWinGraphics_v5_46\LinkLibrary\PSoC5\GCC\libemWin_nosnts_cm3_gcc.a(GUIDRV_FlexColor.o)
                0x00003822                GUIDRV_FlexColor__GetPixelIndexNoCache
 .text.GUIDRV_FlexColor__InitOnce
                0x000038d4       0x3c ..\..\emWinGraphics_v5_46\LinkLibrary\PSoC5\GCC\libemWin_nosnts_cm3_gcc.a(GUIDRV_FlexColor.o)
                0x000038d4                GUIDRV_FlexColor__InitOnce
 .text._SetDevFunc
                0x00003910       0x9c ..\..\emWinGraphics_v5_46\LinkLibrary\PSoC5\GCC\libemWin_nosnts_cm3_gcc.a(GUIDRV_FlexColor.o)
 .text._GetDevFunc_Init
                0x000039ac       0x5a ..\..\emWinGraphics_v5_46\LinkLibrary\PSoC5\GCC\libemWin_nosnts_cm3_gcc.a(GUIDRV_FlexColor.o)
 .text._GetDevFunc_SetSize
                0x00003a06       0x14 ..\..\emWinGraphics_v5_46\LinkLibrary\PSoC5\GCC\libemWin_nosnts_cm3_gcc.a(GUIDRV_FlexColor.o)
 .text._GetDevFunc_SetVSize
                0x00003a1a       0x14 ..\..\emWinGraphics_v5_46\LinkLibrary\PSoC5\GCC\libemWin_nosnts_cm3_gcc.a(GUIDRV_FlexColor.o)
 .text._GetDevFunc_Off
                0x00003a2e       0x16 ..\..\emWinGraphics_v5_46\LinkLibrary\PSoC5\GCC\libemWin_nosnts_cm3_gcc.a(GUIDRV_FlexColor.o)
 .text._GetDevFunc_On
                0x00003a44       0x16 ..\..\emWinGraphics_v5_46\LinkLibrary\PSoC5\GCC\libemWin_nosnts_cm3_gcc.a(GUIDRV_FlexColor.o)
 .text.GUIDRV_FlexColor_Config
                0x00003a5a       0x3c ..\..\emWinGraphics_v5_46\LinkLibrary\PSoC5\GCC\libemWin_nosnts_cm3_gcc.a(GUIDRV_FlexColor.o)
                0x00003a5a                GUIDRV_FlexColor_Config
 .text.GUIDRV_FlexColor_SetFunc
                0x00003a96       0x32 ..\..\emWinGraphics_v5_46\LinkLibrary\PSoC5\GCC\libemWin_nosnts_cm3_gcc.a(GUIDRV_FlexColor.o)
                0x00003a96                GUIDRV_FlexColor_SetFunc
 .text._WriteU16_A1
                0x00003ac8       0x14 ..\..\emWinGraphics_v5_46\LinkLibrary\PSoC5\GCC\libemWin_nosnts_cm3_gcc.a(GUIDRV_FlexColor_16bpp_C0B8.o)
 .text._WriteDataMP
                0x00003adc       0x4e ..\..\emWinGraphics_v5_46\LinkLibrary\PSoC5\GCC\libemWin_nosnts_cm3_gcc.a(GUIDRV_FlexColor_16bpp_C0B8.o)
 .text._ReadData
                0x00003b2a        0xa ..\..\emWinGraphics_v5_46\LinkLibrary\PSoC5\GCC\libemWin_nosnts_cm3_gcc.a(GUIDRV_FlexColor_16bpp_C0B8.o)
 .text._WriteData
                0x00003b34        0x6 ..\..\emWinGraphics_v5_46\LinkLibrary\PSoC5\GCC\libemWin_nosnts_cm3_gcc.a(GUIDRV_FlexColor_16bpp_C0B8.o)
 *fill*         0x00003b3a        0x2 
 .text._FillRect
                0x00003b3c      0x104 ..\..\emWinGraphics_v5_46\LinkLibrary\PSoC5\GCC\libemWin_nosnts_cm3_gcc.a(GUIDRV_FlexColor_16bpp_C0B8.o)
 .text._DrawBitmap
                0x00003c40      0x528 ..\..\emWinGraphics_v5_46\LinkLibrary\PSoC5\GCC\libemWin_nosnts_cm3_gcc.a(GUIDRV_FlexColor_16bpp_C0B8.o)
 .text.GUIDRV_FlexColor_SetMode16bppC0B8
                0x00004168       0x68 ..\..\emWinGraphics_v5_46\LinkLibrary\PSoC5\GCC\libemWin_nosnts_cm3_gcc.a(GUIDRV_FlexColor_16bpp_C0B8.o)
                0x00004168                GUIDRV_FlexColor_SetMode16bppC0B8
 .text._SetPhysRAMAddr
                0x000041d0       0xa6 ..\..\emWinGraphics_v5_46\LinkLibrary\PSoC5\GCC\libemWin_nosnts_cm3_gcc.a(GUIDRV_FlexColor_Func66709.o)
 .text._SetRect
                0x00004276       0xa6 ..\..\emWinGraphics_v5_46\LinkLibrary\PSoC5\GCC\libemWin_nosnts_cm3_gcc.a(GUIDRV_FlexColor_Func66709.o)
 .text._SetOrientation
                0x0000431c       0x40 ..\..\emWinGraphics_v5_46\LinkLibrary\PSoC5\GCC\libemWin_nosnts_cm3_gcc.a(GUIDRV_FlexColor_Func66709.o)
 .text._ReadPixel_16bpp_B8
                0x0000435c       0x38 ..\..\emWinGraphics_v5_46\LinkLibrary\PSoC5\GCC\libemWin_nosnts_cm3_gcc.a(GUIDRV_FlexColor_Func66709.o)
 .text._ReadPixel_16bpp_B16_I
                0x00004394       0x3c ..\..\emWinGraphics_v5_46\LinkLibrary\PSoC5\GCC\libemWin_nosnts_cm3_gcc.a(GUIDRV_FlexColor_Func66709.o)
 .text._SetReg_B8
                0x000043d0       0x1a ..\..\emWinGraphics_v5_46\LinkLibrary\PSoC5\GCC\libemWin_nosnts_cm3_gcc.a(GUIDRV_FlexColor_Func66709.o)
 .text._SetReg_B16
                0x000043ea        0x8 ..\..\emWinGraphics_v5_46\LinkLibrary\PSoC5\GCC\libemWin_nosnts_cm3_gcc.a(GUIDRV_FlexColor_Func66709.o)
 .text._WritePara_B8
                0x000043f2        0x8 ..\..\emWinGraphics_v5_46\LinkLibrary\PSoC5\GCC\libemWin_nosnts_cm3_gcc.a(GUIDRV_FlexColor_Func66709.o)
 .text._WritePara_B16
                0x000043fa        0x8 ..\..\emWinGraphics_v5_46\LinkLibrary\PSoC5\GCC\libemWin_nosnts_cm3_gcc.a(GUIDRV_FlexColor_Func66709.o)
 *fill*         0x00004402        0x2 
 .text._SetInterface
                0x00004404       0x34 ..\..\emWinGraphics_v5_46\LinkLibrary\PSoC5\GCC\libemWin_nosnts_cm3_gcc.a(GUIDRV_FlexColor_Func66709.o)
 .text._ReadRect_16bpp_B8
                0x00004438       0x66 ..\..\emWinGraphics_v5_46\LinkLibrary\PSoC5\GCC\libemWin_nosnts_cm3_gcc.a(GUIDRV_FlexColor_Func66709.o)
 .text._ReadRect_16bpp_B16_I
                0x0000449e       0x6a ..\..\emWinGraphics_v5_46\LinkLibrary\PSoC5\GCC\libemWin_nosnts_cm3_gcc.a(GUIDRV_FlexColor_Func66709.o)
 .text.GUIDRV_FlexColor_SetFunc66709
                0x00004508       0x6c ..\..\emWinGraphics_v5_46\LinkLibrary\PSoC5\GCC\libemWin_nosnts_cm3_gcc.a(GUIDRV_FlexColor_Func66709.o)
                0x00004508                GUIDRV_FlexColor_SetFunc66709
 .text._SetDrawMode
                0x00004574       0x28 ..\..\emWinGraphics_v5_46\LinkLibrary\PSoC5\GCC\libemWin_nosnts_cm3_gcc.a(LCD.o)
 .text.LCD_SetDrawMode
                0x0000459c        0xc ..\..\emWinGraphics_v5_46\LinkLibrary\PSoC5\GCC\libemWin_nosnts_cm3_gcc.a(LCD.o)
                0x0000459c                LCD_SetDrawMode
 .text.LCD_DrawPixel
                0x000045a8       0x60 ..\..\emWinGraphics_v5_46\LinkLibrary\PSoC5\GCC\libemWin_nosnts_cm3_gcc.a(LCD.o)
                0x000045a8                LCD_DrawPixel
 .text.LCD_DrawHLine
                0x00004608       0x50 ..\..\emWinGraphics_v5_46\LinkLibrary\PSoC5\GCC\libemWin_nosnts_cm3_gcc.a(LCD.o)
                0x00004608                LCD_DrawHLine
 .text.LCD_DrawVLine
                0x00004658       0x54 ..\..\emWinGraphics_v5_46\LinkLibrary\PSoC5\GCC\libemWin_nosnts_cm3_gcc.a(LCD.o)
                0x00004658                LCD_DrawVLine
 .text.LCD_FillRect
                0x000046ac       0x58 ..\..\emWinGraphics_v5_46\LinkLibrary\PSoC5\GCC\libemWin_nosnts_cm3_gcc.a(LCD.o)
                0x000046ac                LCD_FillRect
 .text.LCD__DrawBitmap_1bpp
                0x00004704      0x1d8 ..\..\emWinGraphics_v5_46\LinkLibrary\PSoC5\GCC\libemWin_nosnts_cm3_gcc.a(LCD.o)
                0x00004704                LCD__DrawBitmap_1bpp
 .text.LCD_DrawBitmap
                0x000048dc      0x224 ..\..\emWinGraphics_v5_46\LinkLibrary\PSoC5\GCC\libemWin_nosnts_cm3_gcc.a(LCD.o)
                0x000048dc                LCD_DrawBitmap
 .text.LCD_SetClipRectMax
                0x00004b00       0x1c ..\..\emWinGraphics_v5_46\LinkLibrary\PSoC5\GCC\libemWin_nosnts_cm3_gcc.a(LCD.o)
                0x00004b00                LCD_SetClipRectMax
 .text.LCD_Init
                0x00004b1c       0x90 ..\..\emWinGraphics_v5_46\LinkLibrary\PSoC5\GCC\libemWin_nosnts_cm3_gcc.a(LCD.o)
                0x00004b1c                LCD_Init
 .text.LCD_Color2Index
                0x00004bac       0x1c ..\..\emWinGraphics_v5_46\LinkLibrary\PSoC5\GCC\libemWin_nosnts_cm3_gcc.a(LCD.o)
                0x00004bac                LCD_Color2Index
 .text.LCD_Index2Color
                0x00004bc8       0x1c ..\..\emWinGraphics_v5_46\LinkLibrary\PSoC5\GCC\libemWin_nosnts_cm3_gcc.a(LCD.o)
                0x00004bc8                LCD_Index2Color
 .text.LCD_SetColorIndex
                0x00004be4       0x18 ..\..\emWinGraphics_v5_46\LinkLibrary\PSoC5\GCC\libemWin_nosnts_cm3_gcc.a(LCD.o)
                0x00004be4                LCD_SetColorIndex
 .text._SetColor
                0x00004bfc       0x20 ..\..\emWinGraphics_v5_46\LinkLibrary\PSoC5\GCC\libemWin_nosnts_cm3_gcc.a(LCD.o)
 .text.LCD_SetBkColorIndex
                0x00004c1c       0x18 ..\..\emWinGraphics_v5_46\LinkLibrary\PSoC5\GCC\libemWin_nosnts_cm3_gcc.a(LCD.o)
                0x00004c1c                LCD_SetBkColorIndex
 .text._SetBkColor
                0x00004c34       0x20 ..\..\emWinGraphics_v5_46\LinkLibrary\PSoC5\GCC\libemWin_nosnts_cm3_gcc.a(LCD.o)
 .text.LCD_SetBkColor
                0x00004c54        0xc ..\..\emWinGraphics_v5_46\LinkLibrary\PSoC5\GCC\libemWin_nosnts_cm3_gcc.a(LCD.o)
                0x00004c54                LCD_SetBkColor
 .text.LCD_SetColor
                0x00004c60        0xc ..\..\emWinGraphics_v5_46\LinkLibrary\PSoC5\GCC\libemWin_nosnts_cm3_gcc.a(LCD.o)
                0x00004c60                LCD_SetColor
 .text._OnExit  0x00004c6c       0x1c ..\..\emWinGraphics_v5_46\LinkLibrary\PSoC5\GCC\libemWin_nosnts_cm3_gcc.a(LCD_Color.o)
 .text.LCD_InitColors
                0x00004c88       0x3c ..\..\emWinGraphics_v5_46\LinkLibrary\PSoC5\GCC\libemWin_nosnts_cm3_gcc.a(LCD_Color.o)
                0x00004c88                LCD_InitColors
 .text.LCD_GetpPalConvTableUncached
                0x00004cc4       0x6c ..\..\emWinGraphics_v5_46\LinkLibrary\PSoC5\GCC\libemWin_nosnts_cm3_gcc.a(LCD_Color.o)
                0x00004cc4                LCD_GetpPalConvTableUncached
 .text.LCD_GetpPalConvTableBM
                0x00004d30        0x4 ..\..\emWinGraphics_v5_46\LinkLibrary\PSoC5\GCC\libemWin_nosnts_cm3_gcc.a(LCD_Color.o)
                0x00004d30                LCD_GetpPalConvTableBM
 .text.LCD_InitLUT
                0x00004d34       0x88 ..\..\emWinGraphics_v5_46\LinkLibrary\PSoC5\GCC\libemWin_nosnts_cm3_gcc.a(LCD_Color.o)
                0x00004d34                LCD_InitLUT
 .text._GetDevProp.part.0
                0x00004dbc       0x18 ..\..\emWinGraphics_v5_46\LinkLibrary\PSoC5\GCC\libemWin_nosnts_cm3_gcc.a(LCD_GetEx.o)
 .text._GetDevProp
                0x00004dd4        0xc ..\..\emWinGraphics_v5_46\LinkLibrary\PSoC5\GCC\libemWin_nosnts_cm3_gcc.a(LCD_GetEx.o)
 .text._GetMaxValue
                0x00004de0       0x10 ..\..\emWinGraphics_v5_46\LinkLibrary\PSoC5\GCC\libemWin_nosnts_cm3_gcc.a(LCD_GetEx.o)
 .text.LCD_GetBitsPerPixelEx
                0x00004df0        0x6 ..\..\emWinGraphics_v5_46\LinkLibrary\PSoC5\GCC\libemWin_nosnts_cm3_gcc.a(LCD_GetEx.o)
                0x00004df0                LCD_GetBitsPerPixelEx
 .text.LCD_GetNumColorsEx
                0x00004df6        0x6 ..\..\emWinGraphics_v5_46\LinkLibrary\PSoC5\GCC\libemWin_nosnts_cm3_gcc.a(LCD_GetEx.o)
                0x00004df6                LCD_GetNumColorsEx
 .text.LCD_GetNumColors
                0x00004dfc       0x10 ..\..\emWinGraphics_v5_46\LinkLibrary\PSoC5\GCC\libemWin_nosnts_cm3_gcc.a(LCD_GetEx.o)
                0x00004dfc                LCD_GetNumColors
 .text.GUI_GetBitsPerPixelEx
                0x00004e0c       0x14 ..\..\emWinGraphics_v5_46\LinkLibrary\PSoC5\GCC\libemWin_nosnts_cm3_gcc.a(LCD_GetEx.o)
                0x00004e0c                GUI_GetBitsPerPixelEx
 .text.LCD_GetPaletteEx
                0x00004e20       0x16 ..\..\emWinGraphics_v5_46\LinkLibrary\PSoC5\GCC\libemWin_nosnts_cm3_gcc.a(LCD_GetEx.o)
                0x00004e20                LCD_GetPaletteEx
 *fill*         0x00004e36        0x2 
 .text.LCD_GetPalette
                0x00004e38       0x10 ..\..\emWinGraphics_v5_46\LinkLibrary\PSoC5\GCC\libemWin_nosnts_cm3_gcc.a(LCD_GetEx.o)
                0x00004e38                LCD_GetPalette
 .text.GUI_GetpfIndex2ColorEx
                0x00004e48       0x10 ..\..\emWinGraphics_v5_46\LinkLibrary\PSoC5\GCC\libemWin_nosnts_cm3_gcc.a(LCD_GetEx.o)
                0x00004e48                GUI_GetpfIndex2ColorEx
 .text.GUI_GetpfColor2IndexEx
                0x00004e58       0x10 ..\..\emWinGraphics_v5_46\LinkLibrary\PSoC5\GCC\libemWin_nosnts_cm3_gcc.a(LCD_GetEx.o)
                0x00004e58                GUI_GetpfColor2IndexEx
 .text.LCD_GetXSizeMax
                0x00004e68        0x6 ..\..\emWinGraphics_v5_46\LinkLibrary\PSoC5\GCC\libemWin_nosnts_cm3_gcc.a(LCD_GetEx.o)
                0x00004e68                LCD_GetXSizeMax
 .text.LCD_GetYSizeMax
                0x00004e6e        0x6 ..\..\emWinGraphics_v5_46\LinkLibrary\PSoC5\GCC\libemWin_nosnts_cm3_gcc.a(LCD_GetEx.o)
                0x00004e6e                LCD_GetYSizeMax
 .text.LCD_SetDisplaySize
                0x00004e74        0xc ..\..\emWinGraphics_v5_46\LinkLibrary\PSoC5\GCC\libemWin_nosnts_cm3_gcc.a(LCD_GetEx.o)
                0x00004e74                LCD_SetDisplaySize
 .text.LCD_GetXSizeDisplay
                0x00004e80        0xc ..\..\emWinGraphics_v5_46\LinkLibrary\PSoC5\GCC\libemWin_nosnts_cm3_gcc.a(LCD_GetEx.o)
                0x00004e80                LCD_GetXSizeDisplay
 .text.LCD_GetYSizeDisplay
                0x00004e8c        0xc ..\..\emWinGraphics_v5_46\LinkLibrary\PSoC5\GCC\libemWin_nosnts_cm3_gcc.a(LCD_GetEx.o)
                0x00004e8c                LCD_GetYSizeDisplay
 .text.LCD__GetBPP
                0x00004e98       0x7e ..\..\emWinGraphics_v5_46\LinkLibrary\PSoC5\GCC\libemWin_nosnts_cm3_gcc.a(LCD_GetEx.o)
                0x00004e98                LCD__GetBPP
 .text.LCD__GetBPPDevice
                0x00004f16       0x2c ..\..\emWinGraphics_v5_46\LinkLibrary\PSoC5\GCC\libemWin_nosnts_cm3_gcc.a(LCD_GetEx.o)
                0x00004f16                LCD__GetBPPDevice
 .text.LCD_GetNumLayers
                0x00004f42       0x10 ..\..\emWinGraphics_v5_46\LinkLibrary\PSoC5\GCC\libemWin_nosnts_cm3_gcc.a(LCD_GetNumDisplays.o)
                0x00004f42                LCD_GetNumLayers
 *fill*         0x00004f52        0x2 
 .text.LCD_SelectLCD
                0x00004f54       0x40 ..\..\emWinGraphics_v5_46\LinkLibrary\PSoC5\GCC\libemWin_nosnts_cm3_gcc.a(LCD_SelectLCD.o)
                0x00004f54                LCD_SelectLCD
 .text.LCD_SetLUTEntryEx
                0x00004f94       0x30 ..\..\emWinGraphics_v5_46\LinkLibrary\PSoC5\GCC\libemWin_nosnts_cm3_gcc.a(LCD_Set.o)
                0x00004f94                LCD_SetLUTEntryEx
 .text.LCD_SetSizeEx
                0x00004fc4       0x30 ..\..\emWinGraphics_v5_46\LinkLibrary\PSoC5\GCC\libemWin_nosnts_cm3_gcc.a(LCD_Set.o)
                0x00004fc4                LCD_SetSizeEx
 .text.LCD_SetVSizeEx
                0x00004ff4       0x30 ..\..\emWinGraphics_v5_46\LinkLibrary\PSoC5\GCC\libemWin_nosnts_cm3_gcc.a(LCD_Set.o)
                0x00004ff4                LCD_SetVSizeEx
 .text.LCD_UpdateColorIndices
                0x00005024       0x24 ..\..\emWinGraphics_v5_46\LinkLibrary\PSoC5\GCC\libemWin_nosnts_cm3_gcc.a(LCD_UpdateColorIndices.o)
                0x00005024                LCD_UpdateColorIndices
 .text._OnExit  0x00005048       0x88 ..\..\emWinGraphics_v5_46\LinkLibrary\PSoC5\GCC\libemWin_nosnts_cm3_gcc.a(WM.o)
 .text._Findy1  0x000050d0       0xa6 ..\..\emWinGraphics_v5_46\LinkLibrary\PSoC5\GCC\libemWin_nosnts_cm3_gcc.a(WM.o)
 .text._Findx0  0x00005176       0x86 ..\..\emWinGraphics_v5_46\LinkLibrary\PSoC5\GCC\libemWin_nosnts_cm3_gcc.a(WM.o)
 .text._Findx1  0x000051fc       0x72 ..\..\emWinGraphics_v5_46\LinkLibrary\PSoC5\GCC\libemWin_nosnts_cm3_gcc.a(WM.o)
 *fill*         0x0000526e        0x2 
 .text.WM__ClipAtParentBorders
                0x00005270       0x50 ..\..\emWinGraphics_v5_46\LinkLibrary\PSoC5\GCC\libemWin_nosnts_cm3_gcc.a(WM.o)
                0x00005270                WM__ClipAtParentBorders
 .text.WM__InsertWindowIntoList
                0x000052c0       0xac ..\..\emWinGraphics_v5_46\LinkLibrary\PSoC5\GCC\libemWin_nosnts_cm3_gcc.a(WM.o)
                0x000052c0                WM__InsertWindowIntoList
 .text.WM__Client2Screen
                0x0000536c       0x10 ..\..\emWinGraphics_v5_46\LinkLibrary\PSoC5\GCC\libemWin_nosnts_cm3_gcc.a(WM.o)
                0x0000536c                WM__Client2Screen
 .text._SetClipRectUserIntersect
                0x0000537c       0x50 ..\..\emWinGraphics_v5_46\LinkLibrary\PSoC5\GCC\libemWin_nosnts_cm3_gcc.a(WM.o)
 .text.WM__ActivateClipRect
                0x000053cc       0x48 ..\..\emWinGraphics_v5_46\LinkLibrary\PSoC5\GCC\libemWin_nosnts_cm3_gcc.a(WM.o)
                0x000053cc                WM__ActivateClipRect
 .text.WM__InvalidateDrawAndDescs
                0x00005414       0x50 ..\..\emWinGraphics_v5_46\LinkLibrary\PSoC5\GCC\libemWin_nosnts_cm3_gcc.a(WM.o)
                0x00005414                WM__InvalidateDrawAndDescs
 .text.WM__RectIsNZ
                0x00005464       0x22 ..\..\emWinGraphics_v5_46\LinkLibrary\PSoC5\GCC\libemWin_nosnts_cm3_gcc.a(WM.o)
                0x00005464                WM__RectIsNZ
 *fill*         0x00005486        0x2 
 .text._Invalidate1Abs
                0x00005488       0x84 ..\..\emWinGraphics_v5_46\LinkLibrary\PSoC5\GCC\libemWin_nosnts_cm3_gcc.a(WM.o)
 .text.WM__Invalidate1Abs
                0x0000550c        0x6 ..\..\emWinGraphics_v5_46\LinkLibrary\PSoC5\GCC\libemWin_nosnts_cm3_gcc.a(WM.o)
                0x0000550c                WM__Invalidate1Abs
 .text.WM_InvalidateWindowAndDescsEx
                0x00005512       0x64 ..\..\emWinGraphics_v5_46\LinkLibrary\PSoC5\GCC\libemWin_nosnts_cm3_gcc.a(WM.o)
                0x00005512                WM_InvalidateWindowAndDescsEx
 .text.WM__InvalidateRect
                0x00005576       0x76 ..\..\emWinGraphics_v5_46\LinkLibrary\PSoC5\GCC\libemWin_nosnts_cm3_gcc.a(WM.o)
                0x00005576                WM__InvalidateRect
 .text.WM__InvalidateRectEx
                0x000055ec        0x6 ..\..\emWinGraphics_v5_46\LinkLibrary\PSoC5\GCC\libemWin_nosnts_cm3_gcc.a(WM.o)
                0x000055ec                WM__InvalidateRectEx
 .text.WM__SendMsgNoData
                0x000055f2       0x16 ..\..\emWinGraphics_v5_46\LinkLibrary\PSoC5\GCC\libemWin_nosnts_cm3_gcc.a(WM.o)
                0x000055f2                WM__SendMsgNoData
 .text.WM__GetClientRectWin
                0x00005608       0x18 ..\..\emWinGraphics_v5_46\LinkLibrary\PSoC5\GCC\libemWin_nosnts_cm3_gcc.a(WM.o)
                0x00005608                WM__GetClientRectWin
 .text.WM_InvalidateRect
                0x00005620       0x78 ..\..\emWinGraphics_v5_46\LinkLibrary\PSoC5\GCC\libemWin_nosnts_cm3_gcc.a(WM.o)
                0x00005620                WM_InvalidateRect
 .text.WM_InvalidateWindow
                0x00005698        0x6 ..\..\emWinGraphics_v5_46\LinkLibrary\PSoC5\GCC\libemWin_nosnts_cm3_gcc.a(WM.o)
                0x00005698                WM_InvalidateWindow
 *fill*         0x0000569e        0x2 
 .text.WM_SelectWindow
                0x000056a0       0x38 ..\..\emWinGraphics_v5_46\LinkLibrary\PSoC5\GCC\libemWin_nosnts_cm3_gcc.a(WM.o)
                0x000056a0                WM_SelectWindow
 .text.WM_CreateWindowAsChild
                0x000056d8      0x154 ..\..\emWinGraphics_v5_46\LinkLibrary\PSoC5\GCC\libemWin_nosnts_cm3_gcc.a(WM.o)
                0x000056d8                WM_CreateWindowAsChild
 .text.WM_CreateWindow
                0x0000582c       0x1a ..\..\emWinGraphics_v5_46\LinkLibrary\PSoC5\GCC\libemWin_nosnts_cm3_gcc.a(WM.o)
                0x0000582c                WM_CreateWindow
 *fill*         0x00005846        0x2 
 .text.WM__GetNextIVR
                0x00005848      0x184 ..\..\emWinGraphics_v5_46\LinkLibrary\PSoC5\GCC\libemWin_nosnts_cm3_gcc.a(WM.o)
                0x00005848                WM__GetNextIVR
 .text.WM__InitIVRSearch
                0x000059cc      0x100 ..\..\emWinGraphics_v5_46\LinkLibrary\PSoC5\GCC\libemWin_nosnts_cm3_gcc.a(WM.o)
                0x000059cc                WM__InitIVRSearch
 .text.WM_Activate
                0x00005acc       0x10 ..\..\emWinGraphics_v5_46\LinkLibrary\PSoC5\GCC\libemWin_nosnts_cm3_gcc.a(WM.o)
                0x00005acc                WM_Activate
 .text.WM_DefaultProc
                0x00005adc       0x4c ..\..\emWinGraphics_v5_46\LinkLibrary\PSoC5\GCC\libemWin_nosnts_cm3_gcc.a(WM.o)
                0x00005adc                WM_DefaultProc
 .text._cbBackWin
                0x00005b28       0x48 ..\..\emWinGraphics_v5_46\LinkLibrary\PSoC5\GCC\libemWin_nosnts_cm3_gcc.a(WM.o)
 .text.WM_Init  0x00005b70       0xa8 ..\..\emWinGraphics_v5_46\LinkLibrary\PSoC5\GCC\libemWin_nosnts_cm3_gcc.a(WM.o)
                0x00005b70                WM_Init
 .text.WM__GetFirstSibling
                0x00005c18       0x12 ..\..\emWinGraphics_v5_46\LinkLibrary\PSoC5\GCC\libemWin_nosnts_cm3_gcc.a(WM__Private.o)
                0x00005c18                WM__GetFirstSibling
 .text.WM__GetPrevSibling
                0x00005c2a       0x26 ..\..\emWinGraphics_v5_46\LinkLibrary\PSoC5\GCC\libemWin_nosnts_cm3_gcc.a(WM__Private.o)
                0x00005c2a                WM__GetPrevSibling
 .text.WM__SendMessage
                0x00005c50       0x3c ..\..\emWinGraphics_v5_46\LinkLibrary\PSoC5\GCC\libemWin_nosnts_cm3_gcc.a(WM__Private.o)
                0x00005c50                WM__SendMessage
 .text.WM__AddCriticalHandle
                0x00005c8c       0x10 ..\..\emWinGraphics_v5_46\LinkLibrary\PSoC5\GCC\libemWin_nosnts_cm3_gcc.a(WM__Private.o)
                0x00005c8c                WM__AddCriticalHandle
 .text.WM__GetClientRectEx
                0x00005c9c       0x22 ..\..\emWinGraphics_v5_46\LinkLibrary\PSoC5\GCC\libemWin_nosnts_cm3_gcc.a(WM__Private.o)
                0x00005c9c                WM__GetClientRectEx
 *fill*         0x00005cbe        0x2 
 .text.WM_GetDesktopWindow
                0x00005cc0        0xc ..\..\emWinGraphics_v5_46\LinkLibrary\PSoC5\GCC\libemWin_nosnts_cm3_gcc.a(WM_Lib.o)
                0x00005cc0                WM_GetDesktopWindow
 .text.WM_GetFirstChild
                0x00005ccc       0x10 ..\..\emWinGraphics_v5_46\LinkLibrary\PSoC5\GCC\libemWin_nosnts_cm3_gcc.a(WM_Lib.o)
                0x00005ccc                WM_GetFirstChild
 .text.WM_GetParent
                0x00005cdc       0x10 ..\..\emWinGraphics_v5_46\LinkLibrary\PSoC5\GCC\libemWin_nosnts_cm3_gcc.a(WM_Lib.o)
                0x00005cdc                WM_GetParent
 .text.WM_BringToBottom
                0x00005cec       0x86 ..\..\emWinGraphics_v5_46\LinkLibrary\PSoC5\GCC\libemWin_nosnts_cm3_gcc.a(WM_Lib.o)
                0x00005cec                WM_BringToBottom
 .text.WM_SendToParent
                0x00005d72       0x1c ..\..\emWinGraphics_v5_46\LinkLibrary\PSoC5\GCC\libemWin_nosnts_cm3_gcc.a(WM_Lib.o)
                0x00005d72                WM_SendToParent
 *fill*         0x00005d8e        0x2 
 .text.WM_SetUserClipRect
                0x00005d90       0x18 ..\..\emWinGraphics_v5_46\LinkLibrary\PSoC5\GCC\libemWin_nosnts_cm3_gcc.a(WM_Lib.o)
                0x00005d90                WM_SetUserClipRect
 .text.GUI__ManageCacheEx
                0x00005da8       0xd8 ..\..\emWinGraphics_v5_46\LinkLibrary\PSoC5\GCC\libemWin_nosnts_cm3_gcc.a(GUI__ManageCache.o)
                0x00005da8                GUI__ManageCacheEx
 .text.GUI__ManageCache
                0x00005e80       0x10 ..\..\emWinGraphics_v5_46\LinkLibrary\PSoC5\GCC\libemWin_nosnts_cm3_gcc.a(GUI__ManageCache.o)
                0x00005e80                GUI__ManageCache
 .text.GUI__IntersectRect
                0x00005e90       0x3a ..\..\emWinGraphics_v5_46\LinkLibrary\PSoC5\GCC\libemWin_nosnts_cm3_gcc.a(GUI__Private.o)
                0x00005e90                GUI__IntersectRect
 .text.GUI__IntersectRects
                0x00005eca       0x56 ..\..\emWinGraphics_v5_46\LinkLibrary\PSoC5\GCC\libemWin_nosnts_cm3_gcc.a(GUI__Private.o)
                0x00005eca                GUI__IntersectRects
 .text.GUI__memset16
                0x00005f20       0x64 ..\..\emWinGraphics_v5_46\LinkLibrary\PSoC5\GCC\libemWin_nosnts_cm3_gcc.a(GUI__Private.o)
                0x00005f20                GUI__memset16
 .text._GetWordWrap
                0x00005f84       0x98 ..\..\emWinGraphics_v5_46\LinkLibrary\PSoC5\GCC\libemWin_nosnts_cm3_gcc.a(GUI__Wrap.o)
 .text._GetCharWrap
                0x0000601c       0x36 ..\..\emWinGraphics_v5_46\LinkLibrary\PSoC5\GCC\libemWin_nosnts_cm3_gcc.a(GUI__Wrap.o)
 *fill*         0x00006052        0x2 
 .text._WrapGetNumCharsDisp
                0x00006054       0x2c ..\..\emWinGraphics_v5_46\LinkLibrary\PSoC5\GCC\libemWin_nosnts_cm3_gcc.a(GUI__Wrap.o)
 .text.GUI__WrapGetNumCharsDisp
                0x00006080        0x6 ..\..\emWinGraphics_v5_46\LinkLibrary\PSoC5\GCC\libemWin_nosnts_cm3_gcc.a(GUI__Wrap.o)
                0x00006080                GUI__WrapGetNumCharsDisp
 .text.GUI__WrapGetNumCharsToNextLine
                0x00006086       0x5e ..\..\emWinGraphics_v5_46\LinkLibrary\PSoC5\GCC\libemWin_nosnts_cm3_gcc.a(GUI__Wrap.o)
                0x00006086                GUI__WrapGetNumCharsToNextLine
 .text.GUI__WrapGetNumBytesToNextLine
                0x000060e4       0x14 ..\..\emWinGraphics_v5_46\LinkLibrary\PSoC5\GCC\libemWin_nosnts_cm3_gcc.a(GUI__Wrap.o)
                0x000060e4                GUI__WrapGetNumBytesToNextLine
 .text.GUI_GetYAdjust
                0x000060f8       0x30 ..\..\emWinGraphics_v5_46\LinkLibrary\PSoC5\GCC\libemWin_nosnts_cm3_gcc.a(GUI_Char.o)
                0x000060f8                GUI_GetYAdjust
 .text.GUI_GetFontDistY
                0x00006128       0x10 ..\..\emWinGraphics_v5_46\LinkLibrary\PSoC5\GCC\libemWin_nosnts_cm3_gcc.a(GUI_Char.o)
                0x00006128                GUI_GetFontDistY
 .text.GUI_GetCharDistX
                0x00006138       0x10 ..\..\emWinGraphics_v5_46\LinkLibrary\PSoC5\GCC\libemWin_nosnts_cm3_gcc.a(GUI_Char.o)
                0x00006138                GUI_GetCharDistX
 .text.GUI_GetCharDistXEx
                0x00006148       0x10 ..\..\emWinGraphics_v5_46\LinkLibrary\PSoC5\GCC\libemWin_nosnts_cm3_gcc.a(GUI_Char.o)
                0x00006148                GUI_GetCharDistXEx
 .text._Log2VisBuffered
                0x00006158        0x2 ..\..\emWinGraphics_v5_46\LinkLibrary\PSoC5\GCC\libemWin_nosnts_cm3_gcc.a(GUI_CharLine.o)
 *fill*         0x0000615a        0x2 
 .text._DispLine
                0x0000615c       0x9c ..\..\emWinGraphics_v5_46\LinkLibrary\PSoC5\GCC\libemWin_nosnts_cm3_gcc.a(GUI_CharLine.o)
 .text.GUI__GetLineNumChars
                0x000061f8       0x38 ..\..\emWinGraphics_v5_46\LinkLibrary\PSoC5\GCC\libemWin_nosnts_cm3_gcc.a(GUI_CharLine.o)
                0x000061f8                GUI__GetLineNumChars
 .text.GUI__GetOverlap
                0x00006230       0x1c ..\..\emWinGraphics_v5_46\LinkLibrary\PSoC5\GCC\libemWin_nosnts_cm3_gcc.a(GUI_CharLine.o)
                0x00006230                GUI__GetOverlap
 .text.GUI__GetLineDistX
                0x0000624c       0x60 ..\..\emWinGraphics_v5_46\LinkLibrary\PSoC5\GCC\libemWin_nosnts_cm3_gcc.a(GUI_CharLine.o)
                0x0000624c                GUI__GetLineDistX
 .text.GUI__DispLine
                0x000062ac       0xa8 ..\..\emWinGraphics_v5_46\LinkLibrary\PSoC5\GCC\libemWin_nosnts_cm3_gcc.a(GUI_CharLine.o)
                0x000062ac                GUI__DispLine
 .text.GL_DrawPoint
                0x00006354       0x20 ..\..\emWinGraphics_v5_46\LinkLibrary\PSoC5\GCC\libemWin_nosnts_cm3_gcc.a(GUI_DrawLib.o)
                0x00006354                GL_DrawPoint
 .text.GUI_SelectLayer
                0x00006374       0x24 ..\..\emWinGraphics_v5_46\LinkLibrary\PSoC5\GCC\libemWin_nosnts_cm3_gcc.a(GUI_SelectLayer.o)
                0x00006374                GUI_SelectLayer
 .text._GetIndexMask_0
                0x00006398       0x52 ..\..\emWinGraphics_v5_46\LinkLibrary\PSoC5\GCC\libemWin_nosnts_cm3_gcc.a(GUICC_0.o)
 .text._Index2Color_0
                0x000063ea       0x1e ..\..\emWinGraphics_v5_46\LinkLibrary\PSoC5\GCC\libemWin_nosnts_cm3_gcc.a(GUICC_0.o)
 .text._Color2Index_0
                0x00006408       0x52 ..\..\emWinGraphics_v5_46\LinkLibrary\PSoC5\GCC\libemWin_nosnts_cm3_gcc.a(GUICC_0.o)
 .text.GUI_MEMDEV_GetBitsPerPixel
                0x0000645a       0x2a ..\..\emWinGraphics_v5_46\LinkLibrary\PSoC5\GCC\libemWin_nosnts_cm3_gcc.a(GUIDEV.o)
                0x0000645a                GUI_MEMDEV_GetBitsPerPixel
 .text.GUI_MEMDEV_Delete
                0x00006484       0x44 ..\..\emWinGraphics_v5_46\LinkLibrary\PSoC5\GCC\libemWin_nosnts_cm3_gcc.a(GUIDEV.o)
                0x00006484                GUI_MEMDEV_Delete
 .text._GetDevData
                0x000064c8       0x10 ..\..\emWinGraphics_v5_46\LinkLibrary\PSoC5\GCC\libemWin_nosnts_cm3_gcc.a(GUIDEV_16.o)
 .text._GetDevFunc
                0x000064d8       0x10 ..\..\emWinGraphics_v5_46\LinkLibrary\PSoC5\GCC\libemWin_nosnts_cm3_gcc.a(GUIDEV_16.o)
 .text._SetOrg  0x000064e8        0xc ..\..\emWinGraphics_v5_46\LinkLibrary\PSoC5\GCC\libemWin_nosnts_cm3_gcc.a(GUIDEV_16.o)
 .text._GetRect
                0x000064f4       0x36 ..\..\emWinGraphics_v5_46\LinkLibrary\PSoC5\GCC\libemWin_nosnts_cm3_gcc.a(GUIDEV_16.o)
 *fill*         0x0000652a        0x2 
 .text._XY2PTR  0x0000652c       0x40 ..\..\emWinGraphics_v5_46\LinkLibrary\PSoC5\GCC\libemWin_nosnts_cm3_gcc.a(GUIDEV_16.o)
 .text._GetPixelIndex
                0x0000656c        0xe ..\..\emWinGraphics_v5_46\LinkLibrary\PSoC5\GCC\libemWin_nosnts_cm3_gcc.a(GUIDEV_16.o)
 *fill*         0x0000657a        0x2 
 .text._XorPixel
                0x0000657c       0x58 ..\..\emWinGraphics_v5_46\LinkLibrary\PSoC5\GCC\libemWin_nosnts_cm3_gcc.a(GUIDEV_16.o)
 .text._SetPixelIndex
                0x000065d4       0x4c ..\..\emWinGraphics_v5_46\LinkLibrary\PSoC5\GCC\libemWin_nosnts_cm3_gcc.a(GUIDEV_16.o)
 .text._DrawVLine
                0x00006620       0xbc ..\..\emWinGraphics_v5_46\LinkLibrary\PSoC5\GCC\libemWin_nosnts_cm3_gcc.a(GUIDEV_16.o)
 .text._FillRect
                0x000066dc       0xb4 ..\..\emWinGraphics_v5_46\LinkLibrary\PSoC5\GCC\libemWin_nosnts_cm3_gcc.a(GUIDEV_16.o)
 .text._DrawHLine
                0x00006790        0xe ..\..\emWinGraphics_v5_46\LinkLibrary\PSoC5\GCC\libemWin_nosnts_cm3_gcc.a(GUIDEV_16.o)
 *fill*         0x0000679e        0x2 
 .text._DrawBitmap
                0x000067a0      0x720 ..\..\emWinGraphics_v5_46\LinkLibrary\PSoC5\GCC\libemWin_nosnts_cm3_gcc.a(GUIDEV_16.o)
 .text._GetDevProp
                0x00006ec0       0x18 ..\..\emWinGraphics_v5_46\LinkLibrary\PSoC5\GCC\libemWin_nosnts_cm3_gcc.a(GUIDEV_16.o)
 .text.GUI_USAGE_DecUseCnt
                0x00006ed8       0x28 ..\..\emWinGraphics_v5_46\LinkLibrary\PSoC5\GCC\libemWin_nosnts_cm3_gcc.a(GUIDEV_Usage.o)
                0x00006ed8                GUI_USAGE_DecUseCnt
 .text.GUI_USAGE_AddRect
                0x00006f00       0x26 ..\..\emWinGraphics_v5_46\LinkLibrary\PSoC5\GCC\libemWin_nosnts_cm3_gcc.a(GUIDEV_Usage.o)
                0x00006f00                GUI_USAGE_AddRect
 .text._Convert16
                0x00006f26       0x3e ..\..\emWinGraphics_v5_46\LinkLibrary\PSoC5\GCC\libemWin_nosnts_cm3_gcc.a(GUIDEV_WriteToActiveOpaque.o)
 .text._Convert8
                0x00006f64       0x42 ..\..\emWinGraphics_v5_46\LinkLibrary\PSoC5\GCC\libemWin_nosnts_cm3_gcc.a(GUIDEV_WriteToActiveOpaque.o)
 *fill*         0x00006fa6        0x2 
 .text.GUI_MEMDEV__WriteToActiveOpaque
                0x00006fa8      0x74c ..\..\emWinGraphics_v5_46\LinkLibrary\PSoC5\GCC\libemWin_nosnts_cm3_gcc.a(GUIDEV_WriteToActiveOpaque.o)
                0x00006fa8                GUI_MEMDEV__WriteToActiveOpaque
 .text.LCD_SetClipRectEx
                0x000076f4       0x30 ..\..\emWinGraphics_v5_46\LinkLibrary\PSoC5\GCC\libemWin_nosnts_cm3_gcc.a(LCD_SetClipRectEx.o)
                0x000076f4                LCD_SetClipRectEx
 .text.GUI__CompactPixelIndices
                0x00007724      0x16e ..\..\emWinGraphics_v5_46\LinkLibrary\PSoC5\GCC\libemWin_nosnts_cm3_gcc.a(GUI__CompactPixelIndices.o)
                0x00007724                GUI__CompactPixelIndices
 .text.GUI_MEMDEV_GetDataPtr
                0x00007892       0x20 ..\..\emWinGraphics_v5_46\LinkLibrary\PSoC5\GCC\libemWin_nosnts_cm3_gcc.a(GUIDEV_GetDataPtr.o)
                0x00007892                GUI_MEMDEV_GetDataPtr
 *fill*         0x000078b2        0x2 
 .text          0x000078b4      0x370 c:/program files (x86)/cypress/psoc creator/3.3/psoc creator/import/gnu/arm/4.9.3/bin/../lib/gcc/arm-none-eabi/4.9.3/armv7-m\libgcc.a(_arm_addsubdf3.o)
                0x000078b4                __aeabi_drsub
                0x000078bc                __aeabi_dsub
                0x000078bc                __subdf3
                0x000078c0                __aeabi_dadd
                0x000078c0                __adddf3
                0x00007b38                __floatunsidf
                0x00007b38                __aeabi_ui2d
                0x00007b58                __floatsidf
                0x00007b58                __aeabi_i2d
                0x00007b7c                __aeabi_f2d
                0x00007b7c                __extendsfdf2
                0x00007bb8                __floatundidf
                0x00007bb8                __aeabi_ul2d
                0x00007bc8                __floatdidf
                0x00007bc8                __aeabi_l2d
 .text          0x00007c24      0x424 c:/program files (x86)/cypress/psoc creator/3.3/psoc creator/import/gnu/arm/4.9.3/bin/../lib/gcc/arm-none-eabi/4.9.3/armv7-m\libgcc.a(_arm_muldivdf3.o)
                0x00007c24                __aeabi_dmul
                0x00007c24                __muldf3
                0x00007e78                __divdf3
                0x00007e78                __aeabi_ddiv
 .text          0x00008048       0x50 c:/program files (x86)/cypress/psoc creator/3.3/psoc creator/import/gnu/arm/4.9.3/bin/../lib/gcc/arm-none-eabi/4.9.3/armv7-m\libgcc.a(_arm_fixdfsi.o)
                0x00008048                __aeabi_d2iz
                0x00008048                __fixdfsi
 .text.__errno  0x00008098        0xc c:/program files (x86)/cypress/psoc creator/3.3/psoc creator/import/gnu/arm/4.9.3/bin/../lib/gcc/arm-none-eabi/4.9.3/../../../../arm-none-eabi/lib/armv7-m\libg_nano.a(lib_a-errno.o)
                0x00008098                __errno
 .text.__libc_init_array
                0x000080a4       0x4c c:/program files (x86)/cypress/psoc creator/3.3/psoc creator/import/gnu/arm/4.9.3/bin/../lib/gcc/arm-none-eabi/4.9.3/../../../../arm-none-eabi/lib/armv7-m\libg_nano.a(lib_a-init.o)
                0x000080a4                __libc_init_array
 .text.malloc   0x000080f0       0x10 c:/program files (x86)/cypress/psoc creator/3.3/psoc creator/import/gnu/arm/4.9.3/bin/../lib/gcc/arm-none-eabi/4.9.3/../../../../arm-none-eabi/lib/armv7-m\libg_nano.a(lib_a-malloc.o)
                0x000080f0                malloc
 .text.memcpy   0x00008100       0x16 c:/program files (x86)/cypress/psoc creator/3.3/psoc creator/import/gnu/arm/4.9.3/bin/../lib/gcc/arm-none-eabi/4.9.3/../../../../arm-none-eabi/lib/armv7-m\libg_nano.a(lib_a-memcpy.o)
                0x00008100                memcpy
 .text.memmove  0x00008116       0x36 c:/program files (x86)/cypress/psoc creator/3.3/psoc creator/import/gnu/arm/4.9.3/bin/../lib/gcc/arm-none-eabi/4.9.3/../../../../arm-none-eabi/lib/armv7-m\libg_nano.a(lib_a-memmove.o)
                0x00008116                memmove
 .text.memset   0x0000814c       0x10 c:/program files (x86)/cypress/psoc creator/3.3/psoc creator/import/gnu/arm/4.9.3/bin/../lib/gcc/arm-none-eabi/4.9.3/../../../../arm-none-eabi/lib/armv7-m\libg_nano.a(lib_a-memset.o)
                0x0000814c                memset
 .text._malloc_r
                0x0000815c       0xac c:/program files (x86)/cypress/psoc creator/3.3/psoc creator/import/gnu/arm/4.9.3/bin/../lib/gcc/arm-none-eabi/4.9.3/../../../../arm-none-eabi/lib/armv7-m\libg_nano.a(lib_a-nano-mallocr.o)
                0x0000815c                _malloc_r
 .text._sbrk_r  0x00008208       0x20 c:/program files (x86)/cypress/psoc creator/3.3/psoc creator/import/gnu/arm/4.9.3/bin/../lib/gcc/arm-none-eabi/4.9.3/../../../../arm-none-eabi/lib/armv7-m\libg_nano.a(lib_a-sbrkr.o)
                0x00008208                _sbrk_r
 .text.strcpy   0x00008228       0x10 c:/program files (x86)/cypress/psoc creator/3.3/psoc creator/import/gnu/arm/4.9.3/bin/../lib/gcc/arm-none-eabi/4.9.3/../../../../arm-none-eabi/lib/armv7-m\libg_nano.a(lib_a-strcpy.o)
                0x00008228                strcpy
 *(.plt)
 *(.gnu.warning)
 *(.glue_7t)
 .glue_7t       0x00000000        0x0 linker stubs
 *(.glue_7)
 .glue_7        0x00000000        0x0 linker stubs
 *(.vfp11_veneer)
 .vfp11_veneer  0x00000000        0x0 linker stubs
 *(.bootloader)
 *(.ARM.extab* .gnu.linkonce.armextab.*)
 *(.gcc_except_table)

.v4_bx          0x00008238        0x0
 .v4_bx         0x00000000        0x0 linker stubs

.iplt           0x00008238        0x0
 .iplt          0x00000000        0x0 c:/program files (x86)/cypress/psoc creator/3.3/psoc creator/import/gnu/arm/4.9.3/bin/../lib/gcc/arm-none-eabi/4.9.3/armv7-m/crtbegin.o

.eh_frame_hdr
 *(.eh_frame_hdr)

.eh_frame       0x00008238        0x4
 *(.eh_frame)
 .eh_frame      0x00008238        0x0 c:/program files (x86)/cypress/psoc creator/3.3/psoc creator/import/gnu/arm/4.9.3/bin/../lib/gcc/arm-none-eabi/4.9.3/armv7-m/crtbegin.o
 .eh_frame      0x00008238        0x4 c:/program files (x86)/cypress/psoc creator/3.3/psoc creator/import/gnu/arm/4.9.3/bin/../lib/gcc/arm-none-eabi/4.9.3/armv7-m/crtend.o
                0x0000823c                PROVIDE (__exidx_start, .)

.ARM.exidx
 *(.ARM.exidx* .gnu.linkonce.armexidx.*)
                0x0000823c                __exidx_end = .

.rodata         0x0000823c     0x1c2c
 *(.rodata .rodata.* .gnu.linkonce.r.*)
 .rodata        0x0000823c       0x20 .\CortexM3\ARM_GCC_493\Debug\main.o
                0x0000823c                UpArrowPoints
                0x00008248                DownArrowPoints
 .rodata.str1.4
                0x0000825c       0xa7 .\CortexM3\ARM_GCC_493\Debug\main.o
                                 0xa8 (size before relaxing)
 *fill*         0x00008303        0x1 
 .rodata        0x00008304       0x40 .\CortexM3\ARM_GCC_493\Debug\drinks.o
                0x00008340                NUM_DRINKS
 .rodata.str1.4
                0x00008344       0x64 .\CortexM3\ARM_GCC_493\Debug\drinks.o
 .rodata        0x000083a8       0x30 .\CortexM3\ARM_GCC_493\Debug\Bartender.a(cyfitter_cfg.o)
 .rodata        0x000083d8      0x73c ..\..\emWinGraphics_v5_46\LinkLibrary\PSoC5\GCC\libemWin_nosnts_cm3_gcc.a(F6x8.o)
                0x000083d8                GUI_Font6x9
                0x000083fc                GUI_Font6x8
 .rodata        0x00008b14      0xd0c ..\..\emWinGraphics_v5_46\LinkLibrary\PSoC5\GCC\libemWin_nosnts_cm3_gcc.a(F8x16.o)
                0x00008b14                GUI_Font8x16x3x3
                0x00008b38                GUI_Font8x16x2x2
                0x00008b5c                GUI_Font8x16x1x2
                0x00008ba8                GUI_Font8x18
                0x00008bcc                GUI_Font8x17
                0x00008bf0                GUI_Font8x16
 .rodata        0x00009820        0x8 ..\..\emWinGraphics_v5_46\LinkLibrary\PSoC5\GCC\libemWin_nosnts_cm3_gcc.a(GUI_Core.o)
 .rodata.str1.1
                0x00009828       0x14 ..\..\emWinGraphics_v5_46\LinkLibrary\PSoC5\GCC\libemWin_nosnts_cm3_gcc.a(GUI_Core.o)
 .rodata        0x0000983c       0x44 ..\..\emWinGraphics_v5_46\LinkLibrary\PSoC5\GCC\libemWin_nosnts_cm3_gcc.a(GUI_DrawLine.o)
                0x0000985e                aTan
 .rodata        0x00009880       0x10 ..\..\emWinGraphics_v5_46\LinkLibrary\PSoC5\GCC\libemWin_nosnts_cm3_gcc.a(GUI_UC_EncodeNone.o)
                0x00009880                GUI_UC_None
 .rodata        0x00009890       0x18 ..\..\emWinGraphics_v5_46\LinkLibrary\PSoC5\GCC\libemWin_nosnts_cm3_gcc.a(GUICC_M565.o)
                0x00009890                LCD_API_ColorConv_M565
 .rodata        0x000098a8       0x74 ..\..\emWinGraphics_v5_46\LinkLibrary\PSoC5\GCC\libemWin_nosnts_cm3_gcc.a(GUIDRV_FlexColor.o)
                0x000098e8                GUIDRV_FlexColor_API
 .rodata        0x0000991c        0x8 ..\..\emWinGraphics_v5_46\LinkLibrary\PSoC5\GCC\libemWin_nosnts_cm3_gcc.a(GUIDRV_FlexColor_Func66709.o)
 .rodata        0x00009924        0xc ..\..\emWinGraphics_v5_46\LinkLibrary\PSoC5\GCC\libemWin_nosnts_cm3_gcc.a(LCD.o)
 .rodata        0x00009930      0x370 ..\..\emWinGraphics_v5_46\LinkLibrary\PSoC5\GCC\libemWin_nosnts_cm3_gcc.a(GUI__DivTbl.o)
                0x00009930                GUI__aConvert_255_63
                0x00009a30                GUI__aConvert_255_31
                0x00009b30                GUI__aConvert_255_15
                0x00009c30                GUI__aConvert_63_255
                0x00009c70                GUI__aConvert_31_255
                0x00009c90                GUI__aConvert_15_255
 .rodata        0x00009ca0       0x18 ..\..\emWinGraphics_v5_46\LinkLibrary\PSoC5\GCC\libemWin_nosnts_cm3_gcc.a(GUICC_0.o)
                0x00009ca0                LCD_API_ColorConv_0
 .rodata        0x00009cb8       0x74 ..\..\emWinGraphics_v5_46\LinkLibrary\PSoC5\GCC\libemWin_nosnts_cm3_gcc.a(GUIDEV_16.o)
                0x00009cb8                GUI_MEMDEV_DEVICE_16
 .rodata        0x00009d2c      0x100 ..\..\emWinGraphics_v5_46\LinkLibrary\PSoC5\GCC\libemWin_nosnts_cm3_gcc.a(LCD_Mirror.o)
                0x00009d2c                LCD_aMirror
 .rodata.str1.1
                0x00009e2c        0x2 c:/program files (x86)/cypress/psoc creator/3.3/psoc creator/import/gnu/arm/4.9.3/bin/../lib/gcc/arm-none-eabi/4.9.3/../../../../arm-none-eabi/lib/armv7-m\libg_nano.a(lib_a-impure.o)
                0x00009e30                . = ALIGN (0x4)
 *fill*         0x00009e2e        0x2 
 *(.init)
 .init          0x00009e30        0x4 c:/program files (x86)/cypress/psoc creator/3.3/psoc creator/import/gnu/arm/4.9.3/bin/../lib/gcc/arm-none-eabi/4.9.3/armv7-m/crti.o
                0x00009e30                _init
 .init          0x00009e34        0x8 c:/program files (x86)/cypress/psoc creator/3.3/psoc creator/import/gnu/arm/4.9.3/bin/../lib/gcc/arm-none-eabi/4.9.3/armv7-m/crtn.o
                0x00009e3c                . = ALIGN (0x4)
                0x00009e3c                __preinit_array_start = .
 *(.preinit_array)
                0x00009e3c                __preinit_array_end = .
                0x00009e3c                . = ALIGN (0x4)
                0x00009e3c                __init_array_start = .
 *(SORT(.init_array.*))
 *(.init_array)
 .init_array    0x00009e3c        0x4 c:/program files (x86)/cypress/psoc creator/3.3/psoc creator/import/gnu/arm/4.9.3/bin/../lib/gcc/arm-none-eabi/4.9.3/armv7-m/crtbegin.o
 .init_array    0x00009e40        0x4 .\CortexM3\ARM_GCC_493\Debug\Cm3Start.o
                0x00009e44                __init_array_end = .
                0x00009e44                . = ALIGN (0x4)
 *(.fini)
 .fini          0x00009e44        0x4 c:/program files (x86)/cypress/psoc creator/3.3/psoc creator/import/gnu/arm/4.9.3/bin/../lib/gcc/arm-none-eabi/4.9.3/armv7-m/crti.o
                0x00009e44                _fini
 .fini          0x00009e48        0x8 c:/program files (x86)/cypress/psoc creator/3.3/psoc creator/import/gnu/arm/4.9.3/bin/../lib/gcc/arm-none-eabi/4.9.3/armv7-m/crtn.o
                0x00009e50                . = ALIGN (0x4)
                0x00009e50                __fini_array_start = .
 *(.fini_array)
 .fini_array    0x00009e50        0x4 c:/program files (x86)/cypress/psoc creator/3.3/psoc creator/import/gnu/arm/4.9.3/bin/../lib/gcc/arm-none-eabi/4.9.3/armv7-m/crtbegin.o
 *(SORT(.fini_array.*))
                0x00009e54                __fini_array_end = .
                0x00009e54                . = ALIGN (0x4)
 *crtbegin.o(.ctors)
 *(EXCLUDE_FILE(*crtend.o) .ctors)
 *(SORT(.ctors.*))
 *crtend.o(.ctors)
                0x00009e54                . = ALIGN (0x4)
 *crtbegin.o(.dtors)
 *(EXCLUDE_FILE(*crtend.o) .dtors)
 *(SORT(.dtors.*))
 *crtend.o(.dtors)
                0x00009e54                . = ALIGN (0x4)
                0x00009e54                __cy_regions = .
                0x00009e54        0x4 LONG 0x9e68 __cy_region_init_ram
                0x00009e58        0x4 LONG 0x1fff8108 __cy_region_start_data
                0x00009e5c        0x4 LONG 0x878 __cy_region_init_size_ram
                0x00009e60        0x4 LONG 0x2458 __cy_region_zero_size_ram
                0x00009e64                __cy_regions_end = .
                0x00009e68                . = ALIGN (0x8)
 *fill*         0x00009e64        0x4 
                0x00009e68                _etext = .

.cy_checksum_exclude
                0x00009e68        0x0
 *(.cy_checksum_exclude)

.ramvectors     0x1fff8000      0x100
                0x1fff8000                __cy_region_start_ram = .
 *(.ramvectors)
 .ramvectors    0x1fff8000      0x100 .\CortexM3\ARM_GCC_493\Debug\Cm3Start.o
                0x1fff8000                CyRamVectors

.noinit         0x1fff8100        0x5
 *(.noinit)
 .noinit        0x1fff8100        0x4 .\CortexM3\ARM_GCC_493\Debug\Cm3Start.o
 .noinit        0x1fff8104        0x1 .\CortexM3\ARM_GCC_493\Debug\Bartender.a(CyLib.o)
                0x1fff8104                CyResetStatus

.data           0x1fff8108      0x878 load address 0x00009e68
                0x1fff8108                __cy_region_start_data = .
 *(.jcr)
 .jcr           0x1fff8108        0x0 c:/program files (x86)/cypress/psoc creator/3.3/psoc creator/import/gnu/arm/4.9.3/bin/../lib/gcc/arm-none-eabi/4.9.3/armv7-m/crtbegin.o
 .jcr           0x1fff8108        0x4 c:/program files (x86)/cypress/psoc creator/3.3/psoc creator/import/gnu/arm/4.9.3/bin/../lib/gcc/arm-none-eabi/4.9.3/armv7-m/crtend.o
 *(.got.plt)
 *(.got)
 *(.shdata)
 *(.data .data.* .gnu.linkonce.d.*)
 .data          0x1fff810c       0x24 .\CortexM3\ARM_GCC_493\Debug\main.o
                0x1fff810c                menu_length
                0x1fff8110                special_sequence
 .data          0x1fff8130      0x7a0 .\CortexM3\ARM_GCC_493\Debug\drinks.o
                0x1fff8130                Liquids
 .data          0x1fff88d0        0x4 .\CortexM3\ARM_GCC_493\Debug\Cm3Start.o
 .data          0x1fff88d4       0x10 .\CortexM3\ARM_GCC_493\Debug\Bartender.a(CyLib.o)
                0x1fff88d4                cydelay_32k_ms
                0x1fff88d8                cydelay_freq_khz
                0x1fff88dc                cydelay_freq_mhz
                0x1fff88e0                cydelay_freq_hz
 .data          0x1fff88e4       0x10 ..\..\emWinGraphics_v5_46\LinkLibrary\PSoC5\GCC\libemWin_nosnts_cm3_gcc.a(GUI_Core.o)
                0x1fff88e4                GUI_pContext
                0x1fff88e8                GUI_pfGetpPalConvTable
                0x1fff88ec                GUI__ColorDefault
                0x1fff88f0                GUI__pFontDefault
 .data          0x1fff88f4        0x8 ..\..\emWinGraphics_v5_46\LinkLibrary\PSoC5\GCC\libemWin_nosnts_cm3_gcc.a(GUIDRV_FlexColor_Func66709.o)
 .data          0x1fff88fc        0x4 ..\..\emWinGraphics_v5_46\LinkLibrary\PSoC5\GCC\libemWin_nosnts_cm3_gcc.a(LCD.o)
                0x1fff88fc                LCD__pSetColorAPI
 .data          0x1fff8900        0x4 ..\..\emWinGraphics_v5_46\LinkLibrary\PSoC5\GCC\libemWin_nosnts_cm3_gcc.a(LCD_Color.o)
 .data          0x1fff8904        0x8 ..\..\emWinGraphics_v5_46\LinkLibrary\PSoC5\GCC\libemWin_nosnts_cm3_gcc.a(GUI__Private.o)
                0x1fff8904                GUI__pfMemcpy
                0x1fff8908                GUI__pfMemset
 .data          0x1fff890c        0x8 ..\..\emWinGraphics_v5_46\LinkLibrary\PSoC5\GCC\libemWin_nosnts_cm3_gcc.a(GUI__Wrap.o)
                0x1fff890c                GUI__Wrap_pfGetWordWrap
                0x1fff8910                GUI__Wrap_pfGetCharWrap
 .data          0x1fff8914        0x4 ..\..\emWinGraphics_v5_46\LinkLibrary\PSoC5\GCC\libemWin_nosnts_cm3_gcc.a(GUI_CharLine.o)
                0x1fff8914                GUI_CharLine_pfLog2Vis
 .data.impure_data
                0x1fff8918       0x60 c:/program files (x86)/cypress/psoc creator/3.3/psoc creator/import/gnu/arm/4.9.3/bin/../lib/gcc/arm-none-eabi/4.9.3/../../../../arm-none-eabi/lib/armv7-m\libg_nano.a(lib_a-impure.o)
 .data._impure_ptr
                0x1fff8978        0x4 c:/program files (x86)/cypress/psoc creator/3.3/psoc creator/import/gnu/arm/4.9.3/bin/../lib/gcc/arm-none-eabi/4.9.3/../../../../arm-none-eabi/lib/armv7-m\libg_nano.a(lib_a-impure.o)
                0x1fff8978                _impure_ptr
                0x1fff8980                . = ALIGN (0x8)
 *fill*         0x1fff897c        0x4 
 *(.ram)
                0x1fff8980                _edata = .
