ARM GAS  C:\Users\mark6\AppData\Local\Temp\cc7ovjaw.s 			page 1


   1              		.syntax unified
   2              		.cpu cortex-m3
   3              		.fpu softvfp
   4              		.eabi_attribute 20, 1
   5              		.eabi_attribute 21, 1
   6              		.eabi_attribute 23, 3
   7              		.eabi_attribute 24, 1
   8              		.eabi_attribute 25, 1
   9              		.eabi_attribute 26, 1
  10              		.eabi_attribute 30, 1
  11              		.eabi_attribute 34, 1
  12              		.eabi_attribute 18, 4
  13              		.thumb
  14              		.file	"GUI_X.c"
  15              		.text
  16              	.Ltext0:
  17              		.cfi_sections	.debug_frame
  18              		.section	.text.GUI_X_Systick_Intr,"ax",%progbits
  19              		.align	2
  20              		.global	GUI_X_Systick_Intr
  21              		.thumb
  22              		.thumb_func
  23              		.type	GUI_X_Systick_Intr, %function
  24              	GUI_X_Systick_Intr:
  25              	.LFB70:
  26              		.file 1 "..\\..\\..\\..\\College-MIT\\S6Spring2020\\6.115\\FinalProject\\BunkerKnowledge\\PSoC_5_F
   1:..\..\..\..\College-MIT\S6Spring2020\6.115\FinalProject\BunkerKnowledge\PSoC_5_Files\Processor.cydsn/GUI_X.c **** /*********************************************************************
   2:..\..\..\..\College-MIT\S6Spring2020\6.115\FinalProject\BunkerKnowledge\PSoC_5_Files\Processor.cydsn/GUI_X.c **** *                SEGGER Microcontroller GmbH & Co. KG                *
   3:..\..\..\..\College-MIT\S6Spring2020\6.115\FinalProject\BunkerKnowledge\PSoC_5_Files\Processor.cydsn/GUI_X.c **** *        Solutions for real time microcontroller applications        *
   4:..\..\..\..\College-MIT\S6Spring2020\6.115\FinalProject\BunkerKnowledge\PSoC_5_Files\Processor.cydsn/GUI_X.c **** **********************************************************************
   5:..\..\..\..\College-MIT\S6Spring2020\6.115\FinalProject\BunkerKnowledge\PSoC_5_Files\Processor.cydsn/GUI_X.c **** *                                                                    *
   6:..\..\..\..\College-MIT\S6Spring2020\6.115\FinalProject\BunkerKnowledge\PSoC_5_Files\Processor.cydsn/GUI_X.c **** *        (c) 1996 - 2017  SEGGER Microcontroller GmbH & Co. KG       *
   7:..\..\..\..\College-MIT\S6Spring2020\6.115\FinalProject\BunkerKnowledge\PSoC_5_Files\Processor.cydsn/GUI_X.c **** *                                                                    *
   8:..\..\..\..\College-MIT\S6Spring2020\6.115\FinalProject\BunkerKnowledge\PSoC_5_Files\Processor.cydsn/GUI_X.c **** *        Internet: www.segger.com    Support:  support@segger.com    *
   9:..\..\..\..\College-MIT\S6Spring2020\6.115\FinalProject\BunkerKnowledge\PSoC_5_Files\Processor.cydsn/GUI_X.c **** *                                                                    *
  10:..\..\..\..\College-MIT\S6Spring2020\6.115\FinalProject\BunkerKnowledge\PSoC_5_Files\Processor.cydsn/GUI_X.c **** **********************************************************************
  11:..\..\..\..\College-MIT\S6Spring2020\6.115\FinalProject\BunkerKnowledge\PSoC_5_Files\Processor.cydsn/GUI_X.c **** 
  12:..\..\..\..\College-MIT\S6Spring2020\6.115\FinalProject\BunkerKnowledge\PSoC_5_Files\Processor.cydsn/GUI_X.c **** ** emWin V5.46 - Graphical user interface for embedded applications **
  13:..\..\..\..\College-MIT\S6Spring2020\6.115\FinalProject\BunkerKnowledge\PSoC_5_Files\Processor.cydsn/GUI_X.c **** All  Intellectual Property rights  in the Software belongs to  SEGGER.
  14:..\..\..\..\College-MIT\S6Spring2020\6.115\FinalProject\BunkerKnowledge\PSoC_5_Files\Processor.cydsn/GUI_X.c **** emWin is protected by  international copyright laws.  Knowledge of the
  15:..\..\..\..\College-MIT\S6Spring2020\6.115\FinalProject\BunkerKnowledge\PSoC_5_Files\Processor.cydsn/GUI_X.c **** source code may not be used to write a similar product.  This file may
  16:..\..\..\..\College-MIT\S6Spring2020\6.115\FinalProject\BunkerKnowledge\PSoC_5_Files\Processor.cydsn/GUI_X.c **** only be used in accordance with the following terms:
  17:..\..\..\..\College-MIT\S6Spring2020\6.115\FinalProject\BunkerKnowledge\PSoC_5_Files\Processor.cydsn/GUI_X.c **** 
  18:..\..\..\..\College-MIT\S6Spring2020\6.115\FinalProject\BunkerKnowledge\PSoC_5_Files\Processor.cydsn/GUI_X.c **** The software  has been licensed to  Cypress Semiconductor Corporation,
  19:..\..\..\..\College-MIT\S6Spring2020\6.115\FinalProject\BunkerKnowledge\PSoC_5_Files\Processor.cydsn/GUI_X.c **** whose registered  office is situated  at 198 Champion Ct. San Jose, CA 
  20:..\..\..\..\College-MIT\S6Spring2020\6.115\FinalProject\BunkerKnowledge\PSoC_5_Files\Processor.cydsn/GUI_X.c **** 95134 USA  solely for the  purposes of creating  libraries for Cypress
  21:..\..\..\..\College-MIT\S6Spring2020\6.115\FinalProject\BunkerKnowledge\PSoC_5_Files\Processor.cydsn/GUI_X.c **** PSoC3 and  PSoC5 processor-based devices,  sublicensed and distributed
  22:..\..\..\..\College-MIT\S6Spring2020\6.115\FinalProject\BunkerKnowledge\PSoC_5_Files\Processor.cydsn/GUI_X.c **** under  the  terms  and  conditions  of  the  Cypress  End User License
  23:..\..\..\..\College-MIT\S6Spring2020\6.115\FinalProject\BunkerKnowledge\PSoC_5_Files\Processor.cydsn/GUI_X.c **** Agreement.
  24:..\..\..\..\College-MIT\S6Spring2020\6.115\FinalProject\BunkerKnowledge\PSoC_5_Files\Processor.cydsn/GUI_X.c **** Full source code is available at: www.segger.com
  25:..\..\..\..\College-MIT\S6Spring2020\6.115\FinalProject\BunkerKnowledge\PSoC_5_Files\Processor.cydsn/GUI_X.c **** 
  26:..\..\..\..\College-MIT\S6Spring2020\6.115\FinalProject\BunkerKnowledge\PSoC_5_Files\Processor.cydsn/GUI_X.c **** We appreciate your understanding and fairness.
  27:..\..\..\..\College-MIT\S6Spring2020\6.115\FinalProject\BunkerKnowledge\PSoC_5_Files\Processor.cydsn/GUI_X.c **** ----------------------------------------------------------------------
  28:..\..\..\..\College-MIT\S6Spring2020\6.115\FinalProject\BunkerKnowledge\PSoC_5_Files\Processor.cydsn/GUI_X.c **** Licensing information
  29:..\..\..\..\College-MIT\S6Spring2020\6.115\FinalProject\BunkerKnowledge\PSoC_5_Files\Processor.cydsn/GUI_X.c **** Licensor:                 SEGGER Microcontroller Systems LLC
  30:..\..\..\..\College-MIT\S6Spring2020\6.115\FinalProject\BunkerKnowledge\PSoC_5_Files\Processor.cydsn/GUI_X.c **** Licensed to:              Cypress Semiconductor Corp, 198 Champion Ct., San Jose, CA 95134, USA
  31:..\..\..\..\College-MIT\S6Spring2020\6.115\FinalProject\BunkerKnowledge\PSoC_5_Files\Processor.cydsn/GUI_X.c **** Licensed SEGGER software: emWin
ARM GAS  C:\Users\mark6\AppData\Local\Temp\cc7ovjaw.s 			page 2


  32:..\..\..\..\College-MIT\S6Spring2020\6.115\FinalProject\BunkerKnowledge\PSoC_5_Files\Processor.cydsn/GUI_X.c **** License number:           GUI-00319
  33:..\..\..\..\College-MIT\S6Spring2020\6.115\FinalProject\BunkerKnowledge\PSoC_5_Files\Processor.cydsn/GUI_X.c **** License model:            Services and License Agreement, signed June 10th, 2009
  34:..\..\..\..\College-MIT\S6Spring2020\6.115\FinalProject\BunkerKnowledge\PSoC_5_Files\Processor.cydsn/GUI_X.c **** Licensed platform:        Any Cypress platform (Initial targets are: PSoC3, PSoC5)
  35:..\..\..\..\College-MIT\S6Spring2020\6.115\FinalProject\BunkerKnowledge\PSoC_5_Files\Processor.cydsn/GUI_X.c **** ----------------------------------------------------------------------
  36:..\..\..\..\College-MIT\S6Spring2020\6.115\FinalProject\BunkerKnowledge\PSoC_5_Files\Processor.cydsn/GUI_X.c **** Support and Update Agreement (SUA)
  37:..\..\..\..\College-MIT\S6Spring2020\6.115\FinalProject\BunkerKnowledge\PSoC_5_Files\Processor.cydsn/GUI_X.c **** SUA period:               2009-06-12 - 2022-07-27
  38:..\..\..\..\College-MIT\S6Spring2020\6.115\FinalProject\BunkerKnowledge\PSoC_5_Files\Processor.cydsn/GUI_X.c **** Contact to extend SUA:    sales@segger.com
  39:..\..\..\..\College-MIT\S6Spring2020\6.115\FinalProject\BunkerKnowledge\PSoC_5_Files\Processor.cydsn/GUI_X.c **** ----------------------------------------------------------------------
  40:..\..\..\..\College-MIT\S6Spring2020\6.115\FinalProject\BunkerKnowledge\PSoC_5_Files\Processor.cydsn/GUI_X.c **** File        : GUI_X.C
  41:..\..\..\..\College-MIT\S6Spring2020\6.115\FinalProject\BunkerKnowledge\PSoC_5_Files\Processor.cydsn/GUI_X.c **** Purpose     : Config / System dependent externals for GUI
  42:..\..\..\..\College-MIT\S6Spring2020\6.115\FinalProject\BunkerKnowledge\PSoC_5_Files\Processor.cydsn/GUI_X.c **** ---------------------------END-OF-HEADER------------------------------
  43:..\..\..\..\College-MIT\S6Spring2020\6.115\FinalProject\BunkerKnowledge\PSoC_5_Files\Processor.cydsn/GUI_X.c **** */
  44:..\..\..\..\College-MIT\S6Spring2020\6.115\FinalProject\BunkerKnowledge\PSoC_5_Files\Processor.cydsn/GUI_X.c **** 
  45:..\..\..\..\College-MIT\S6Spring2020\6.115\FinalProject\BunkerKnowledge\PSoC_5_Files\Processor.cydsn/GUI_X.c **** #include "GUI.h"
  46:..\..\..\..\College-MIT\S6Spring2020\6.115\FinalProject\BunkerKnowledge\PSoC_5_Files\Processor.cydsn/GUI_X.c **** 
  47:..\..\..\..\College-MIT\S6Spring2020\6.115\FinalProject\BunkerKnowledge\PSoC_5_Files\Processor.cydsn/GUI_X.c **** #include "project.h"
  48:..\..\..\..\College-MIT\S6Spring2020\6.115\FinalProject\BunkerKnowledge\PSoC_5_Files\Processor.cydsn/GUI_X.c **** 
  49:..\..\..\..\College-MIT\S6Spring2020\6.115\FinalProject\BunkerKnowledge\PSoC_5_Files\Processor.cydsn/GUI_X.c **** /*********************************************************************
  50:..\..\..\..\College-MIT\S6Spring2020\6.115\FinalProject\BunkerKnowledge\PSoC_5_Files\Processor.cydsn/GUI_X.c **** *
  51:..\..\..\..\College-MIT\S6Spring2020\6.115\FinalProject\BunkerKnowledge\PSoC_5_Files\Processor.cydsn/GUI_X.c **** *       Function Prototypes
  52:..\..\..\..\College-MIT\S6Spring2020\6.115\FinalProject\BunkerKnowledge\PSoC_5_Files\Processor.cydsn/GUI_X.c **** */
  53:..\..\..\..\College-MIT\S6Spring2020\6.115\FinalProject\BunkerKnowledge\PSoC_5_Files\Processor.cydsn/GUI_X.c **** void GUI_X_Systick_Init(void);
  54:..\..\..\..\College-MIT\S6Spring2020\6.115\FinalProject\BunkerKnowledge\PSoC_5_Files\Processor.cydsn/GUI_X.c **** 
  55:..\..\..\..\College-MIT\S6Spring2020\6.115\FinalProject\BunkerKnowledge\PSoC_5_Files\Processor.cydsn/GUI_X.c **** /*********************************************************************
  56:..\..\..\..\College-MIT\S6Spring2020\6.115\FinalProject\BunkerKnowledge\PSoC_5_Files\Processor.cydsn/GUI_X.c **** *
  57:..\..\..\..\College-MIT\S6Spring2020\6.115\FinalProject\BunkerKnowledge\PSoC_5_Files\Processor.cydsn/GUI_X.c **** *       Global data
  58:..\..\..\..\College-MIT\S6Spring2020\6.115\FinalProject\BunkerKnowledge\PSoC_5_Files\Processor.cydsn/GUI_X.c **** */
  59:..\..\..\..\College-MIT\S6Spring2020\6.115\FinalProject\BunkerKnowledge\PSoC_5_Files\Processor.cydsn/GUI_X.c **** volatile GUI_TIMER_TIME OS_TimeMS;
  60:..\..\..\..\College-MIT\S6Spring2020\6.115\FinalProject\BunkerKnowledge\PSoC_5_Files\Processor.cydsn/GUI_X.c **** 
  61:..\..\..\..\College-MIT\S6Spring2020\6.115\FinalProject\BunkerKnowledge\PSoC_5_Files\Processor.cydsn/GUI_X.c **** /*********************************************************************
  62:..\..\..\..\College-MIT\S6Spring2020\6.115\FinalProject\BunkerKnowledge\PSoC_5_Files\Processor.cydsn/GUI_X.c **** *
  63:..\..\..\..\College-MIT\S6Spring2020\6.115\FinalProject\BunkerKnowledge\PSoC_5_Files\Processor.cydsn/GUI_X.c **** *      Timing:
  64:..\..\..\..\College-MIT\S6Spring2020\6.115\FinalProject\BunkerKnowledge\PSoC_5_Files\Processor.cydsn/GUI_X.c **** *                 GUI_X_GetTime()
  65:..\..\..\..\College-MIT\S6Spring2020\6.115\FinalProject\BunkerKnowledge\PSoC_5_Files\Processor.cydsn/GUI_X.c **** *                 GUI_X_Delay(int)
  66:..\..\..\..\College-MIT\S6Spring2020\6.115\FinalProject\BunkerKnowledge\PSoC_5_Files\Processor.cydsn/GUI_X.c **** *
  67:..\..\..\..\College-MIT\S6Spring2020\6.115\FinalProject\BunkerKnowledge\PSoC_5_Files\Processor.cydsn/GUI_X.c **** *   Some timing dependent routines require a GetTime
  68:..\..\..\..\College-MIT\S6Spring2020\6.115\FinalProject\BunkerKnowledge\PSoC_5_Files\Processor.cydsn/GUI_X.c **** *   and delay function. Default time unit (tick), normally is
  69:..\..\..\..\College-MIT\S6Spring2020\6.115\FinalProject\BunkerKnowledge\PSoC_5_Files\Processor.cydsn/GUI_X.c **** *   1 ms.
  70:..\..\..\..\College-MIT\S6Spring2020\6.115\FinalProject\BunkerKnowledge\PSoC_5_Files\Processor.cydsn/GUI_X.c **** */
  71:..\..\..\..\College-MIT\S6Spring2020\6.115\FinalProject\BunkerKnowledge\PSoC_5_Files\Processor.cydsn/GUI_X.c **** 
  72:..\..\..\..\College-MIT\S6Spring2020\6.115\FinalProject\BunkerKnowledge\PSoC_5_Files\Processor.cydsn/GUI_X.c **** GUI_TIMER_TIME GUI_X_GetTime(void) { 
  73:..\..\..\..\College-MIT\S6Spring2020\6.115\FinalProject\BunkerKnowledge\PSoC_5_Files\Processor.cydsn/GUI_X.c ****   return OS_TimeMS; 
  74:..\..\..\..\College-MIT\S6Spring2020\6.115\FinalProject\BunkerKnowledge\PSoC_5_Files\Processor.cydsn/GUI_X.c **** }
  75:..\..\..\..\College-MIT\S6Spring2020\6.115\FinalProject\BunkerKnowledge\PSoC_5_Files\Processor.cydsn/GUI_X.c **** 
  76:..\..\..\..\College-MIT\S6Spring2020\6.115\FinalProject\BunkerKnowledge\PSoC_5_Files\Processor.cydsn/GUI_X.c **** void GUI_X_Delay(int ms) { 
  77:..\..\..\..\College-MIT\S6Spring2020\6.115\FinalProject\BunkerKnowledge\PSoC_5_Files\Processor.cydsn/GUI_X.c ****   int tEnd = OS_TimeMS + ms;
  78:..\..\..\..\College-MIT\S6Spring2020\6.115\FinalProject\BunkerKnowledge\PSoC_5_Files\Processor.cydsn/GUI_X.c ****   while ((tEnd - OS_TimeMS) > 0);
  79:..\..\..\..\College-MIT\S6Spring2020\6.115\FinalProject\BunkerKnowledge\PSoC_5_Files\Processor.cydsn/GUI_X.c **** }
  80:..\..\..\..\College-MIT\S6Spring2020\6.115\FinalProject\BunkerKnowledge\PSoC_5_Files\Processor.cydsn/GUI_X.c **** 
  81:..\..\..\..\College-MIT\S6Spring2020\6.115\FinalProject\BunkerKnowledge\PSoC_5_Files\Processor.cydsn/GUI_X.c **** /*********************************************************************
  82:..\..\..\..\College-MIT\S6Spring2020\6.115\FinalProject\BunkerKnowledge\PSoC_5_Files\Processor.cydsn/GUI_X.c **** *
  83:..\..\..\..\College-MIT\S6Spring2020\6.115\FinalProject\BunkerKnowledge\PSoC_5_Files\Processor.cydsn/GUI_X.c **** *       GUI_X_Init()
  84:..\..\..\..\College-MIT\S6Spring2020\6.115\FinalProject\BunkerKnowledge\PSoC_5_Files\Processor.cydsn/GUI_X.c **** *
  85:..\..\..\..\College-MIT\S6Spring2020\6.115\FinalProject\BunkerKnowledge\PSoC_5_Files\Processor.cydsn/GUI_X.c **** * Note:
  86:..\..\..\..\College-MIT\S6Spring2020\6.115\FinalProject\BunkerKnowledge\PSoC_5_Files\Processor.cydsn/GUI_X.c **** *     GUI_X_Init() is called from GUI_Init is a possibility to init
  87:..\..\..\..\College-MIT\S6Spring2020\6.115\FinalProject\BunkerKnowledge\PSoC_5_Files\Processor.cydsn/GUI_X.c **** *     some hardware which needs to be up and running before the GUI.
  88:..\..\..\..\College-MIT\S6Spring2020\6.115\FinalProject\BunkerKnowledge\PSoC_5_Files\Processor.cydsn/GUI_X.c **** */
ARM GAS  C:\Users\mark6\AppData\Local\Temp\cc7ovjaw.s 			page 3


  89:..\..\..\..\College-MIT\S6Spring2020\6.115\FinalProject\BunkerKnowledge\PSoC_5_Files\Processor.cydsn/GUI_X.c **** void GUI_X_Init(void) {
  90:..\..\..\..\College-MIT\S6Spring2020\6.115\FinalProject\BunkerKnowledge\PSoC_5_Files\Processor.cydsn/GUI_X.c ****   GUI_X_Systick_Init();
  91:..\..\..\..\College-MIT\S6Spring2020\6.115\FinalProject\BunkerKnowledge\PSoC_5_Files\Processor.cydsn/GUI_X.c **** }
  92:..\..\..\..\College-MIT\S6Spring2020\6.115\FinalProject\BunkerKnowledge\PSoC_5_Files\Processor.cydsn/GUI_X.c **** 
  93:..\..\..\..\College-MIT\S6Spring2020\6.115\FinalProject\BunkerKnowledge\PSoC_5_Files\Processor.cydsn/GUI_X.c **** 
  94:..\..\..\..\College-MIT\S6Spring2020\6.115\FinalProject\BunkerKnowledge\PSoC_5_Files\Processor.cydsn/GUI_X.c **** /*********************************************************************
  95:..\..\..\..\College-MIT\S6Spring2020\6.115\FinalProject\BunkerKnowledge\PSoC_5_Files\Processor.cydsn/GUI_X.c **** *
  96:..\..\..\..\College-MIT\S6Spring2020\6.115\FinalProject\BunkerKnowledge\PSoC_5_Files\Processor.cydsn/GUI_X.c **** *       GUI_X_ExecIdle
  97:..\..\..\..\College-MIT\S6Spring2020\6.115\FinalProject\BunkerKnowledge\PSoC_5_Files\Processor.cydsn/GUI_X.c **** *
  98:..\..\..\..\College-MIT\S6Spring2020\6.115\FinalProject\BunkerKnowledge\PSoC_5_Files\Processor.cydsn/GUI_X.c **** * Note:
  99:..\..\..\..\College-MIT\S6Spring2020\6.115\FinalProject\BunkerKnowledge\PSoC_5_Files\Processor.cydsn/GUI_X.c **** *  Called if WM is in idle state
 100:..\..\..\..\College-MIT\S6Spring2020\6.115\FinalProject\BunkerKnowledge\PSoC_5_Files\Processor.cydsn/GUI_X.c **** */
 101:..\..\..\..\College-MIT\S6Spring2020\6.115\FinalProject\BunkerKnowledge\PSoC_5_Files\Processor.cydsn/GUI_X.c **** void GUI_X_ExecIdle(void) {}
 102:..\..\..\..\College-MIT\S6Spring2020\6.115\FinalProject\BunkerKnowledge\PSoC_5_Files\Processor.cydsn/GUI_X.c **** 
 103:..\..\..\..\College-MIT\S6Spring2020\6.115\FinalProject\BunkerKnowledge\PSoC_5_Files\Processor.cydsn/GUI_X.c **** /*********************************************************************
 104:..\..\..\..\College-MIT\S6Spring2020\6.115\FinalProject\BunkerKnowledge\PSoC_5_Files\Processor.cydsn/GUI_X.c **** *
 105:..\..\..\..\College-MIT\S6Spring2020\6.115\FinalProject\BunkerKnowledge\PSoC_5_Files\Processor.cydsn/GUI_X.c **** *      Logging: OS dependent
 106:..\..\..\..\College-MIT\S6Spring2020\6.115\FinalProject\BunkerKnowledge\PSoC_5_Files\Processor.cydsn/GUI_X.c **** 
 107:..\..\..\..\College-MIT\S6Spring2020\6.115\FinalProject\BunkerKnowledge\PSoC_5_Files\Processor.cydsn/GUI_X.c **** Note:
 108:..\..\..\..\College-MIT\S6Spring2020\6.115\FinalProject\BunkerKnowledge\PSoC_5_Files\Processor.cydsn/GUI_X.c ****   Logging is used in higher debug levels only. The typical target
 109:..\..\..\..\College-MIT\S6Spring2020\6.115\FinalProject\BunkerKnowledge\PSoC_5_Files\Processor.cydsn/GUI_X.c ****   build does not use logging and does therefor not require any of
 110:..\..\..\..\College-MIT\S6Spring2020\6.115\FinalProject\BunkerKnowledge\PSoC_5_Files\Processor.cydsn/GUI_X.c ****   the logging routines below. For a release build without logging
 111:..\..\..\..\College-MIT\S6Spring2020\6.115\FinalProject\BunkerKnowledge\PSoC_5_Files\Processor.cydsn/GUI_X.c ****   the routines below may be eliminated to save some space.
 112:..\..\..\..\College-MIT\S6Spring2020\6.115\FinalProject\BunkerKnowledge\PSoC_5_Files\Processor.cydsn/GUI_X.c ****   (If the linker is not function aware and eliminates unreferenced
 113:..\..\..\..\College-MIT\S6Spring2020\6.115\FinalProject\BunkerKnowledge\PSoC_5_Files\Processor.cydsn/GUI_X.c ****   functions automatically)
 114:..\..\..\..\College-MIT\S6Spring2020\6.115\FinalProject\BunkerKnowledge\PSoC_5_Files\Processor.cydsn/GUI_X.c **** 
 115:..\..\..\..\College-MIT\S6Spring2020\6.115\FinalProject\BunkerKnowledge\PSoC_5_Files\Processor.cydsn/GUI_X.c **** */
 116:..\..\..\..\College-MIT\S6Spring2020\6.115\FinalProject\BunkerKnowledge\PSoC_5_Files\Processor.cydsn/GUI_X.c **** 
 117:..\..\..\..\College-MIT\S6Spring2020\6.115\FinalProject\BunkerKnowledge\PSoC_5_Files\Processor.cydsn/GUI_X.c **** void GUI_X_Log     (const char *s) { GUI_USE_PARA(s); }
 118:..\..\..\..\College-MIT\S6Spring2020\6.115\FinalProject\BunkerKnowledge\PSoC_5_Files\Processor.cydsn/GUI_X.c **** void GUI_X_Warn    (const char *s) { GUI_USE_PARA(s); }
 119:..\..\..\..\College-MIT\S6Spring2020\6.115\FinalProject\BunkerKnowledge\PSoC_5_Files\Processor.cydsn/GUI_X.c **** void GUI_X_ErrorOut(const char *s) { GUI_USE_PARA(s); }
 120:..\..\..\..\College-MIT\S6Spring2020\6.115\FinalProject\BunkerKnowledge\PSoC_5_Files\Processor.cydsn/GUI_X.c **** 
 121:..\..\..\..\College-MIT\S6Spring2020\6.115\FinalProject\BunkerKnowledge\PSoC_5_Files\Processor.cydsn/GUI_X.c **** /*********************************************************************
 122:..\..\..\..\College-MIT\S6Spring2020\6.115\FinalProject\BunkerKnowledge\PSoC_5_Files\Processor.cydsn/GUI_X.c **** *
 123:..\..\..\..\College-MIT\S6Spring2020\6.115\FinalProject\BunkerKnowledge\PSoC_5_Files\Processor.cydsn/GUI_X.c **** *         Setup Systick for timing
 124:..\..\..\..\College-MIT\S6Spring2020\6.115\FinalProject\BunkerKnowledge\PSoC_5_Files\Processor.cydsn/GUI_X.c **** *
 125:..\..\..\..\College-MIT\S6Spring2020\6.115\FinalProject\BunkerKnowledge\PSoC_5_Files\Processor.cydsn/GUI_X.c **** */
 126:..\..\..\..\College-MIT\S6Spring2020\6.115\FinalProject\BunkerKnowledge\PSoC_5_Files\Processor.cydsn/GUI_X.c **** /*********************************************************************
 127:..\..\..\..\College-MIT\S6Spring2020\6.115\FinalProject\BunkerKnowledge\PSoC_5_Files\Processor.cydsn/GUI_X.c **** *
 128:..\..\..\..\College-MIT\S6Spring2020\6.115\FinalProject\BunkerKnowledge\PSoC_5_Files\Processor.cydsn/GUI_X.c **** *       GUI_X_Systick_Intr
 129:..\..\..\..\College-MIT\S6Spring2020\6.115\FinalProject\BunkerKnowledge\PSoC_5_Files\Processor.cydsn/GUI_X.c **** *
 130:..\..\..\..\College-MIT\S6Spring2020\6.115\FinalProject\BunkerKnowledge\PSoC_5_Files\Processor.cydsn/GUI_X.c **** * Purpose:
 131:..\..\..\..\College-MIT\S6Spring2020\6.115\FinalProject\BunkerKnowledge\PSoC_5_Files\Processor.cydsn/GUI_X.c **** *   Interrupt Service Routine for Systick.
 132:..\..\..\..\College-MIT\S6Spring2020\6.115\FinalProject\BunkerKnowledge\PSoC_5_Files\Processor.cydsn/GUI_X.c **** */
 133:..\..\..\..\College-MIT\S6Spring2020\6.115\FinalProject\BunkerKnowledge\PSoC_5_Files\Processor.cydsn/GUI_X.c **** void GUI_X_Systick_Intr(void){    
  27              		.loc 1 133 0
  28              		.cfi_startproc
  29              		@ args = 0, pretend = 0, frame = 0
  30              		@ frame_needed = 0, uses_anonymous_args = 0
  31              		@ link register save eliminated.
 134:..\..\..\..\College-MIT\S6Spring2020\6.115\FinalProject\BunkerKnowledge\PSoC_5_Files\Processor.cydsn/GUI_X.c ****   OS_TimeMS++;
  32              		.loc 1 134 0
  33 0000 024A     		ldr	r2, .L2
  34 0002 1368     		ldr	r3, [r2]
  35 0004 0133     		adds	r3, r3, #1
  36 0006 1360     		str	r3, [r2]
  37 0008 7047     		bx	lr
ARM GAS  C:\Users\mark6\AppData\Local\Temp\cc7ovjaw.s 			page 4


  38              	.L3:
  39 000a 00BF     		.align	2
  40              	.L2:
  41 000c 00000000 		.word	OS_TimeMS
  42              		.cfi_endproc
  43              	.LFE70:
  44              		.size	GUI_X_Systick_Intr, .-GUI_X_Systick_Intr
  45              		.section	.text.GUI_X_GetTime,"ax",%progbits
  46              		.align	2
  47              		.global	GUI_X_GetTime
  48              		.thumb
  49              		.thumb_func
  50              		.type	GUI_X_GetTime, %function
  51              	GUI_X_GetTime:
  52              	.LFB63:
  72:..\..\..\..\College-MIT\S6Spring2020\6.115\FinalProject\BunkerKnowledge\PSoC_5_Files\Processor.cydsn/GUI_X.c ****   return OS_TimeMS; 
  53              		.loc 1 72 0
  54              		.cfi_startproc
  55              		@ args = 0, pretend = 0, frame = 0
  56              		@ frame_needed = 0, uses_anonymous_args = 0
  57              		@ link register save eliminated.
  73:..\..\..\..\College-MIT\S6Spring2020\6.115\FinalProject\BunkerKnowledge\PSoC_5_Files\Processor.cydsn/GUI_X.c **** }
  58              		.loc 1 73 0
  59 0000 014B     		ldr	r3, .L5
  60 0002 1868     		ldr	r0, [r3]
  74:..\..\..\..\College-MIT\S6Spring2020\6.115\FinalProject\BunkerKnowledge\PSoC_5_Files\Processor.cydsn/GUI_X.c **** 
  61              		.loc 1 74 0
  62 0004 7047     		bx	lr
  63              	.L6:
  64 0006 00BF     		.align	2
  65              	.L5:
  66 0008 00000000 		.word	OS_TimeMS
  67              		.cfi_endproc
  68              	.LFE63:
  69              		.size	GUI_X_GetTime, .-GUI_X_GetTime
  70              		.section	.text.GUI_X_Delay,"ax",%progbits
  71              		.align	2
  72              		.global	GUI_X_Delay
  73              		.thumb
  74              		.thumb_func
  75              		.type	GUI_X_Delay, %function
  76              	GUI_X_Delay:
  77              	.LFB64:
  76:..\..\..\..\College-MIT\S6Spring2020\6.115\FinalProject\BunkerKnowledge\PSoC_5_Files\Processor.cydsn/GUI_X.c ****   int tEnd = OS_TimeMS + ms;
  78              		.loc 1 76 0
  79              		.cfi_startproc
  80              		@ args = 0, pretend = 0, frame = 0
  81              		@ frame_needed = 0, uses_anonymous_args = 0
  82              		@ link register save eliminated.
  83              	.LVL0:
  77:..\..\..\..\College-MIT\S6Spring2020\6.115\FinalProject\BunkerKnowledge\PSoC_5_Files\Processor.cydsn/GUI_X.c ****   while ((tEnd - OS_TimeMS) > 0);
  84              		.loc 1 77 0
  85 0000 044B     		ldr	r3, .L9
  86 0002 1B68     		ldr	r3, [r3]
  87 0004 1844     		add	r0, r0, r3
  88              	.LVL1:
  89              	.L8:
ARM GAS  C:\Users\mark6\AppData\Local\Temp\cc7ovjaw.s 			page 5


  78:..\..\..\..\College-MIT\S6Spring2020\6.115\FinalProject\BunkerKnowledge\PSoC_5_Files\Processor.cydsn/GUI_X.c **** }
  90              		.loc 1 78 0 discriminator 1
  91 0006 034B     		ldr	r3, .L9
  92 0008 1B68     		ldr	r3, [r3]
  93 000a C31A     		subs	r3, r0, r3
  94 000c 002B     		cmp	r3, #0
  95 000e FADC     		bgt	.L8
  79:..\..\..\..\College-MIT\S6Spring2020\6.115\FinalProject\BunkerKnowledge\PSoC_5_Files\Processor.cydsn/GUI_X.c **** 
  96              		.loc 1 79 0
  97 0010 7047     		bx	lr
  98              	.L10:
  99 0012 00BF     		.align	2
 100              	.L9:
 101 0014 00000000 		.word	OS_TimeMS
 102              		.cfi_endproc
 103              	.LFE64:
 104              		.size	GUI_X_Delay, .-GUI_X_Delay
 105              		.section	.text.GUI_X_ExecIdle,"ax",%progbits
 106              		.align	2
 107              		.global	GUI_X_ExecIdle
 108              		.thumb
 109              		.thumb_func
 110              		.type	GUI_X_ExecIdle, %function
 111              	GUI_X_ExecIdle:
 112              	.LFB66:
 101:..\..\..\..\College-MIT\S6Spring2020\6.115\FinalProject\BunkerKnowledge\PSoC_5_Files\Processor.cydsn/GUI_X.c **** 
 113              		.loc 1 101 0
 114              		.cfi_startproc
 115              		@ args = 0, pretend = 0, frame = 0
 116              		@ frame_needed = 0, uses_anonymous_args = 0
 117              		@ link register save eliminated.
 118 0000 7047     		bx	lr
 119              		.cfi_endproc
 120              	.LFE66:
 121              		.size	GUI_X_ExecIdle, .-GUI_X_ExecIdle
 122 0002 00BF     		.section	.text.GUI_X_Log,"ax",%progbits
 123              		.align	2
 124              		.global	GUI_X_Log
 125              		.thumb
 126              		.thumb_func
 127              		.type	GUI_X_Log, %function
 128              	GUI_X_Log:
 129              	.LFB67:
 117:..\..\..\..\College-MIT\S6Spring2020\6.115\FinalProject\BunkerKnowledge\PSoC_5_Files\Processor.cydsn/GUI_X.c **** void GUI_X_Warn    (const char *s) { GUI_USE_PARA(s); }
 130              		.loc 1 117 0
 131              		.cfi_startproc
 132              		@ args = 0, pretend = 0, frame = 0
 133              		@ frame_needed = 0, uses_anonymous_args = 0
 134              		@ link register save eliminated.
 135              	.LVL2:
 136 0000 7047     		bx	lr
 137              		.cfi_endproc
 138              	.LFE67:
 139              		.size	GUI_X_Log, .-GUI_X_Log
 140 0002 00BF     		.section	.text.GUI_X_Warn,"ax",%progbits
 141              		.align	2
 142              		.global	GUI_X_Warn
ARM GAS  C:\Users\mark6\AppData\Local\Temp\cc7ovjaw.s 			page 6


 143              		.thumb
 144              		.thumb_func
 145              		.type	GUI_X_Warn, %function
 146              	GUI_X_Warn:
 147              	.LFB68:
 118:..\..\..\..\College-MIT\S6Spring2020\6.115\FinalProject\BunkerKnowledge\PSoC_5_Files\Processor.cydsn/GUI_X.c **** void GUI_X_ErrorOut(const char *s) { GUI_USE_PARA(s); }
 148              		.loc 1 118 0
 149              		.cfi_startproc
 150              		@ args = 0, pretend = 0, frame = 0
 151              		@ frame_needed = 0, uses_anonymous_args = 0
 152              		@ link register save eliminated.
 153              	.LVL3:
 154 0000 7047     		bx	lr
 155              		.cfi_endproc
 156              	.LFE68:
 157              		.size	GUI_X_Warn, .-GUI_X_Warn
 158 0002 00BF     		.section	.text.GUI_X_ErrorOut,"ax",%progbits
 159              		.align	2
 160              		.global	GUI_X_ErrorOut
 161              		.thumb
 162              		.thumb_func
 163              		.type	GUI_X_ErrorOut, %function
 164              	GUI_X_ErrorOut:
 165              	.LFB69:
 119:..\..\..\..\College-MIT\S6Spring2020\6.115\FinalProject\BunkerKnowledge\PSoC_5_Files\Processor.cydsn/GUI_X.c **** 
 166              		.loc 1 119 0
 167              		.cfi_startproc
 168              		@ args = 0, pretend = 0, frame = 0
 169              		@ frame_needed = 0, uses_anonymous_args = 0
 170              		@ link register save eliminated.
 171              	.LVL4:
 172 0000 7047     		bx	lr
 173              		.cfi_endproc
 174              	.LFE69:
 175              		.size	GUI_X_ErrorOut, .-GUI_X_ErrorOut
 176 0002 00BF     		.section	.text.GUI_X_Systick_Init,"ax",%progbits
 177              		.align	2
 178              		.global	GUI_X_Systick_Init
 179              		.thumb
 180              		.thumb_func
 181              		.type	GUI_X_Systick_Init, %function
 182              	GUI_X_Systick_Init:
 183              	.LFB71:
 135:..\..\..\..\College-MIT\S6Spring2020\6.115\FinalProject\BunkerKnowledge\PSoC_5_Files\Processor.cydsn/GUI_X.c **** }
 136:..\..\..\..\College-MIT\S6Spring2020\6.115\FinalProject\BunkerKnowledge\PSoC_5_Files\Processor.cydsn/GUI_X.c **** 
 137:..\..\..\..\College-MIT\S6Spring2020\6.115\FinalProject\BunkerKnowledge\PSoC_5_Files\Processor.cydsn/GUI_X.c **** /*********************************************************************
 138:..\..\..\..\College-MIT\S6Spring2020\6.115\FinalProject\BunkerKnowledge\PSoC_5_Files\Processor.cydsn/GUI_X.c **** *
 139:..\..\..\..\College-MIT\S6Spring2020\6.115\FinalProject\BunkerKnowledge\PSoC_5_Files\Processor.cydsn/GUI_X.c **** *       GUI_X_Systick_Init()
 140:..\..\..\..\College-MIT\S6Spring2020\6.115\FinalProject\BunkerKnowledge\PSoC_5_Files\Processor.cydsn/GUI_X.c **** *
 141:..\..\..\..\College-MIT\S6Spring2020\6.115\FinalProject\BunkerKnowledge\PSoC_5_Files\Processor.cydsn/GUI_X.c **** * Purpose:
 142:..\..\..\..\College-MIT\S6Spring2020\6.115\FinalProject\BunkerKnowledge\PSoC_5_Files\Processor.cydsn/GUI_X.c **** *   Sets up the Systick interrupt and enable it.
 143:..\..\..\..\College-MIT\S6Spring2020\6.115\FinalProject\BunkerKnowledge\PSoC_5_Files\Processor.cydsn/GUI_X.c **** */
 144:..\..\..\..\College-MIT\S6Spring2020\6.115\FinalProject\BunkerKnowledge\PSoC_5_Files\Processor.cydsn/GUI_X.c **** void GUI_X_Systick_Init(void){  
 184              		.loc 1 144 0
 185              		.cfi_startproc
 186              		@ args = 0, pretend = 0, frame = 0
 187              		@ frame_needed = 0, uses_anonymous_args = 0
ARM GAS  C:\Users\mark6\AppData\Local\Temp\cc7ovjaw.s 			page 7


 188              		.loc 1 144 0
 189 0000 10B5     		push	{r4, lr}
 190              		.cfi_def_cfa_offset 8
 191              		.cfi_offset 4, -8
 192              		.cfi_offset 14, -4
 145:..\..\..\..\College-MIT\S6Spring2020\6.115\FinalProject\BunkerKnowledge\PSoC_5_Files\Processor.cydsn/GUI_X.c ****   uint32_t i; 
 146:..\..\..\..\College-MIT\S6Spring2020\6.115\FinalProject\BunkerKnowledge\PSoC_5_Files\Processor.cydsn/GUI_X.c ****   CySysTickStart();
 193              		.loc 1 146 0
 194 0002 FFF7FEFF 		bl	CySysTickStart
 195              	.LVL5:
 147:..\..\..\..\College-MIT\S6Spring2020\6.115\FinalProject\BunkerKnowledge\PSoC_5_Files\Processor.cydsn/GUI_X.c ****   //
 148:..\..\..\..\College-MIT\S6Spring2020\6.115\FinalProject\BunkerKnowledge\PSoC_5_Files\Processor.cydsn/GUI_X.c ****   // Find unused callback slot.
 149:..\..\..\..\College-MIT\S6Spring2020\6.115\FinalProject\BunkerKnowledge\PSoC_5_Files\Processor.cydsn/GUI_X.c ****   //
 150:..\..\..\..\College-MIT\S6Spring2020\6.115\FinalProject\BunkerKnowledge\PSoC_5_Files\Processor.cydsn/GUI_X.c ****     for (i = 0u; i < CY_SYS_SYST_NUM_OF_CALLBACKS; i++)
 196              		.loc 1 150 0
 197 0006 0024     		movs	r4, #0
 198 0008 09E0     		b	.L16
 199              	.LVL6:
 200              	.L19:
 151:..\..\..\..\College-MIT\S6Spring2020\6.115\FinalProject\BunkerKnowledge\PSoC_5_Files\Processor.cydsn/GUI_X.c ****     {
 152:..\..\..\..\College-MIT\S6Spring2020\6.115\FinalProject\BunkerKnowledge\PSoC_5_Files\Processor.cydsn/GUI_X.c ****         if (CySysTickGetCallback(i) == NULL)
 201              		.loc 1 152 0
 202 000a 2046     		mov	r0, r4
 203 000c FFF7FEFF 		bl	CySysTickGetCallback
 204              	.LVL7:
 205 0010 20B9     		cbnz	r0, .L17
 153:..\..\..\..\College-MIT\S6Spring2020\6.115\FinalProject\BunkerKnowledge\PSoC_5_Files\Processor.cydsn/GUI_X.c ****         {
 154:..\..\..\..\College-MIT\S6Spring2020\6.115\FinalProject\BunkerKnowledge\PSoC_5_Files\Processor.cydsn/GUI_X.c ****             CySysTickSetCallback(i, GUI_X_Systick_Intr);
 206              		.loc 1 154 0
 207 0012 2046     		mov	r0, r4
 208 0014 0649     		ldr	r1, .L22
 209 0016 FFF7FEFF 		bl	CySysTickSetCallback
 210              	.LVL8:
 155:..\..\..\..\College-MIT\S6Spring2020\6.115\FinalProject\BunkerKnowledge\PSoC_5_Files\Processor.cydsn/GUI_X.c ****             break;
 211              		.loc 1 155 0
 212 001a 02E0     		b	.L18
 213              	.L17:
 150:..\..\..\..\College-MIT\S6Spring2020\6.115\FinalProject\BunkerKnowledge\PSoC_5_Files\Processor.cydsn/GUI_X.c ****     {
 214              		.loc 1 150 0 discriminator 2
 215 001c 0134     		adds	r4, r4, #1
 216              	.LVL9:
 217              	.L16:
 150:..\..\..\..\College-MIT\S6Spring2020\6.115\FinalProject\BunkerKnowledge\PSoC_5_Files\Processor.cydsn/GUI_X.c ****     {
 218              		.loc 1 150 0 is_stmt 0 discriminator 1
 219 001e 042C     		cmp	r4, #4
 220 0020 F3D9     		bls	.L19
 221              	.L18:
 156:..\..\..\..\College-MIT\S6Spring2020\6.115\FinalProject\BunkerKnowledge\PSoC_5_Files\Processor.cydsn/GUI_X.c ****         }
 157:..\..\..\..\College-MIT\S6Spring2020\6.115\FinalProject\BunkerKnowledge\PSoC_5_Files\Processor.cydsn/GUI_X.c ****     }
 158:..\..\..\..\College-MIT\S6Spring2020\6.115\FinalProject\BunkerKnowledge\PSoC_5_Files\Processor.cydsn/GUI_X.c ****     
 159:..\..\..\..\College-MIT\S6Spring2020\6.115\FinalProject\BunkerKnowledge\PSoC_5_Files\Processor.cydsn/GUI_X.c ****     CYASSERT(i < CY_SYS_SYST_NUM_OF_CALLBACKS);
 222              		.loc 1 159 0 is_stmt 1
 223 0022 042C     		cmp	r4, #4
 224 0024 02D9     		bls	.L15
 225              		.loc 1 159 0 is_stmt 0 discriminator 1
 226 0026 0020     		movs	r0, #0
 227 0028 FFF7FEFF 		bl	CyHalt
ARM GAS  C:\Users\mark6\AppData\Local\Temp\cc7ovjaw.s 			page 8


 228              	.LVL10:
 229              	.L15:
 230 002c 10BD     		pop	{r4, pc}
 231              	.LVL11:
 232              	.L23:
 233 002e 00BF     		.align	2
 234              	.L22:
 235 0030 00000000 		.word	GUI_X_Systick_Intr
 236              		.cfi_endproc
 237              	.LFE71:
 238              		.size	GUI_X_Systick_Init, .-GUI_X_Systick_Init
 239              		.section	.text.GUI_X_Init,"ax",%progbits
 240              		.align	2
 241              		.global	GUI_X_Init
 242              		.thumb
 243              		.thumb_func
 244              		.type	GUI_X_Init, %function
 245              	GUI_X_Init:
 246              	.LFB65:
  89:..\..\..\..\College-MIT\S6Spring2020\6.115\FinalProject\BunkerKnowledge\PSoC_5_Files\Processor.cydsn/GUI_X.c ****   GUI_X_Systick_Init();
 247              		.loc 1 89 0 is_stmt 1
 248              		.cfi_startproc
 249              		@ args = 0, pretend = 0, frame = 0
 250              		@ frame_needed = 0, uses_anonymous_args = 0
 251 0000 08B5     		push	{r3, lr}
 252              		.cfi_def_cfa_offset 8
 253              		.cfi_offset 3, -8
 254              		.cfi_offset 14, -4
  90:..\..\..\..\College-MIT\S6Spring2020\6.115\FinalProject\BunkerKnowledge\PSoC_5_Files\Processor.cydsn/GUI_X.c **** }
 255              		.loc 1 90 0
 256 0002 FFF7FEFF 		bl	GUI_X_Systick_Init
 257              	.LVL12:
 258 0006 08BD     		pop	{r3, pc}
 259              		.cfi_endproc
 260              	.LFE65:
 261              		.size	GUI_X_Init, .-GUI_X_Init
 262              		.comm	OS_TimeMS,4,4
 263              		.text
 264              	.Letext0:
 265              		.file 2 "c:\\program files (x86)\\cypress\\psoc creator\\3.3\\psoc creator\\import\\gnu\\arm\\4.9.
 266              		.file 3 "c:\\program files (x86)\\cypress\\psoc creator\\3.3\\psoc creator\\import\\gnu\\arm\\4.9.
 267              		.file 4 "Generated_Source\\PSoC5/cytypes.h"
 268              		.file 5 "Generated_Source\\PSoC5/CyLib.h"
 269              		.file 6 "Generated_Source\\PSoC5/core_cm3.h"
 270              		.section	.debug_info,"",%progbits
 271              	.Ldebug_info0:
 272 0000 A5020000 		.4byte	0x2a5
 273 0004 0400     		.2byte	0x4
 274 0006 00000000 		.4byte	.Ldebug_abbrev0
 275 000a 04       		.byte	0x4
 276 000b 01       		.uleb128 0x1
 277 000c 06010000 		.4byte	.LASF33
 278 0010 01       		.byte	0x1
 279 0011 71020000 		.4byte	.LASF34
 280 0015 0B020000 		.4byte	.LASF35
 281 0019 00000000 		.4byte	.Ldebug_ranges0+0
 282 001d 00000000 		.4byte	0
ARM GAS  C:\Users\mark6\AppData\Local\Temp\cc7ovjaw.s 			page 9


 283 0021 00000000 		.4byte	.Ldebug_line0
 284 0025 02       		.uleb128 0x2
 285 0026 04       		.byte	0x4
 286 0027 05       		.byte	0x5
 287 0028 696E7400 		.ascii	"int\000"
 288 002c 03       		.uleb128 0x3
 289 002d 04       		.byte	0x4
 290 002e 07       		.byte	0x7
 291 002f 94010000 		.4byte	.LASF0
 292 0033 03       		.uleb128 0x3
 293 0034 04       		.byte	0x4
 294 0035 07       		.byte	0x7
 295 0036 A9000000 		.4byte	.LASF1
 296 003a 03       		.uleb128 0x3
 297 003b 02       		.byte	0x2
 298 003c 05       		.byte	0x5
 299 003d 4F000000 		.4byte	.LASF2
 300 0041 03       		.uleb128 0x3
 301 0042 01       		.byte	0x1
 302 0043 08       		.byte	0x8
 303 0044 A1010000 		.4byte	.LASF3
 304 0048 03       		.uleb128 0x3
 305 0049 01       		.byte	0x1
 306 004a 08       		.byte	0x8
 307 004b 8C000000 		.4byte	.LASF4
 308 004f 04       		.uleb128 0x4
 309 0050 03       		.uleb128 0x3
 310 0051 04       		.byte	0x4
 311 0052 05       		.byte	0x5
 312 0053 E7020000 		.4byte	.LASF5
 313 0057 05       		.uleb128 0x5
 314 0058 04       		.byte	0x4
 315 0059 4F000000 		.4byte	0x4f
 316 005d 05       		.uleb128 0x5
 317 005e 04       		.byte	0x4
 318 005f 63000000 		.4byte	0x63
 319 0063 06       		.uleb128 0x6
 320 0064 41000000 		.4byte	0x41
 321 0068 03       		.uleb128 0x3
 322 0069 02       		.byte	0x2
 323 006a 07       		.byte	0x7
 324 006b 3C000000 		.4byte	.LASF6
 325 006f 03       		.uleb128 0x3
 326 0070 01       		.byte	0x1
 327 0071 06       		.byte	0x6
 328 0072 F0020000 		.4byte	.LASF7
 329 0076 03       		.uleb128 0x3
 330 0077 04       		.byte	0x4
 331 0078 07       		.byte	0x7
 332 0079 CE010000 		.4byte	.LASF8
 333 007d 07       		.uleb128 0x7
 334 007e 28000000 		.4byte	.LASF9
 335 0082 02       		.byte	0x2
 336 0083 3F       		.byte	0x3f
 337 0084 50000000 		.4byte	0x50
 338 0088 07       		.uleb128 0x7
 339 0089 F4000000 		.4byte	.LASF10
ARM GAS  C:\Users\mark6\AppData\Local\Temp\cc7ovjaw.s 			page 10


 340 008d 02       		.byte	0x2
 341 008e 41       		.byte	0x41
 342 008f 33000000 		.4byte	0x33
 343 0093 03       		.uleb128 0x3
 344 0094 08       		.byte	0x8
 345 0095 05       		.byte	0x5
 346 0096 DC010000 		.4byte	.LASF11
 347 009a 03       		.uleb128 0x3
 348 009b 08       		.byte	0x8
 349 009c 07       		.byte	0x7
 350 009d 75000000 		.4byte	.LASF12
 351 00a1 07       		.uleb128 0x7
 352 00a2 C6010000 		.4byte	.LASF13
 353 00a6 03       		.byte	0x3
 354 00a7 2C       		.byte	0x2c
 355 00a8 7D000000 		.4byte	0x7d
 356 00ac 07       		.uleb128 0x7
 357 00ad DE020000 		.4byte	.LASF14
 358 00b1 03       		.byte	0x3
 359 00b2 2D       		.byte	0x2d
 360 00b3 88000000 		.4byte	0x88
 361 00b7 08       		.uleb128 0x8
 362 00b8 BB000000 		.4byte	.LASF15
 363 00bc 04       		.byte	0x4
 364 00bd 9201     		.2byte	0x192
 365 00bf 48000000 		.4byte	0x48
 366 00c3 08       		.uleb128 0x8
 367 00c4 FF000000 		.4byte	.LASF16
 368 00c8 04       		.byte	0x4
 369 00c9 9401     		.2byte	0x194
 370 00cb 33000000 		.4byte	0x33
 371 00cf 03       		.uleb128 0x3
 372 00d0 04       		.byte	0x4
 373 00d1 04       		.byte	0x4
 374 00d2 64000000 		.4byte	.LASF17
 375 00d6 03       		.uleb128 0x3
 376 00d7 08       		.byte	0x8
 377 00d8 04       		.byte	0x4
 378 00d9 ED000000 		.4byte	.LASF18
 379 00dd 07       		.uleb128 0x7
 380 00de EA010000 		.4byte	.LASF19
 381 00e2 05       		.byte	0x5
 382 00e3 AC       		.byte	0xac
 383 00e4 57000000 		.4byte	0x57
 384 00e8 09       		.uleb128 0x9
 385 00e9 15000000 		.4byte	.LASF20
 386 00ed 01       		.byte	0x1
 387 00ee 85       		.byte	0x85
 388 00ef 00000000 		.4byte	.LFB70
 389 00f3 10000000 		.4byte	.LFE70-.LFB70
 390 00f7 01       		.uleb128 0x1
 391 00f8 9C       		.byte	0x9c
 392 00f9 0A       		.uleb128 0xa
 393 00fa 63020000 		.4byte	.LASF36
 394 00fe 01       		.byte	0x1
 395 00ff 48       		.byte	0x48
 396 0100 25000000 		.4byte	0x25
ARM GAS  C:\Users\mark6\AppData\Local\Temp\cc7ovjaw.s 			page 11


 397 0104 00000000 		.4byte	.LFB63
 398 0108 0C000000 		.4byte	.LFE63-.LFB63
 399 010c 01       		.uleb128 0x1
 400 010d 9C       		.byte	0x9c
 401 010e 0B       		.uleb128 0xb
 402 010f C1000000 		.4byte	.LASF22
 403 0113 01       		.byte	0x1
 404 0114 4C       		.byte	0x4c
 405 0115 00000000 		.4byte	.LFB64
 406 0119 18000000 		.4byte	.LFE64-.LFB64
 407 011d 01       		.uleb128 0x1
 408 011e 9C       		.byte	0x9c
 409 011f 3F010000 		.4byte	0x13f
 410 0123 0C       		.uleb128 0xc
 411 0124 6D7300   		.ascii	"ms\000"
 412 0127 01       		.byte	0x1
 413 0128 4C       		.byte	0x4c
 414 0129 25000000 		.4byte	0x25
 415 012d 00000000 		.4byte	.LLST0
 416 0131 0D       		.uleb128 0xd
 417 0132 D7010000 		.4byte	.LASF27
 418 0136 01       		.byte	0x1
 419 0137 4D       		.byte	0x4d
 420 0138 25000000 		.4byte	0x25
 421 013c 01       		.uleb128 0x1
 422 013d 50       		.byte	0x50
 423 013e 00       		.byte	0
 424 013f 09       		.uleb128 0x9
 425 0140 FC010000 		.4byte	.LASF21
 426 0144 01       		.byte	0x1
 427 0145 65       		.byte	0x65
 428 0146 00000000 		.4byte	.LFB66
 429 014a 02000000 		.4byte	.LFE66-.LFB66
 430 014e 01       		.uleb128 0x1
 431 014f 9C       		.byte	0x9c
 432 0150 0B       		.uleb128 0xb
 433 0151 32000000 		.4byte	.LASF23
 434 0155 01       		.byte	0x1
 435 0156 75       		.byte	0x75
 436 0157 00000000 		.4byte	.LFB67
 437 015b 02000000 		.4byte	.LFE67-.LFB67
 438 015f 01       		.uleb128 0x1
 439 0160 9C       		.byte	0x9c
 440 0161 71010000 		.4byte	0x171
 441 0165 0E       		.uleb128 0xe
 442 0166 7300     		.ascii	"s\000"
 443 0168 01       		.byte	0x1
 444 0169 75       		.byte	0x75
 445 016a 5D000000 		.4byte	0x5d
 446 016e 01       		.uleb128 0x1
 447 016f 50       		.byte	0x50
 448 0170 00       		.byte	0
 449 0171 0B       		.uleb128 0xb
 450 0172 6A000000 		.4byte	.LASF24
 451 0176 01       		.byte	0x1
 452 0177 76       		.byte	0x76
 453 0178 00000000 		.4byte	.LFB68
ARM GAS  C:\Users\mark6\AppData\Local\Temp\cc7ovjaw.s 			page 12


 454 017c 02000000 		.4byte	.LFE68-.LFB68
 455 0180 01       		.uleb128 0x1
 456 0181 9C       		.byte	0x9c
 457 0182 92010000 		.4byte	0x192
 458 0186 0E       		.uleb128 0xe
 459 0187 7300     		.ascii	"s\000"
 460 0189 01       		.byte	0x1
 461 018a 76       		.byte	0x76
 462 018b 5D000000 		.4byte	0x5d
 463 018f 01       		.uleb128 0x1
 464 0190 50       		.byte	0x50
 465 0191 00       		.byte	0
 466 0192 0B       		.uleb128 0xb
 467 0193 A6010000 		.4byte	.LASF25
 468 0197 01       		.byte	0x1
 469 0198 77       		.byte	0x77
 470 0199 00000000 		.4byte	.LFB69
 471 019d 02000000 		.4byte	.LFE69-.LFB69
 472 01a1 01       		.uleb128 0x1
 473 01a2 9C       		.byte	0x9c
 474 01a3 B3010000 		.4byte	0x1b3
 475 01a7 0E       		.uleb128 0xe
 476 01a8 7300     		.ascii	"s\000"
 477 01aa 01       		.byte	0x1
 478 01ab 77       		.byte	0x77
 479 01ac 5D000000 		.4byte	0x5d
 480 01b0 01       		.uleb128 0x1
 481 01b1 50       		.byte	0x50
 482 01b2 00       		.byte	0
 483 01b3 0B       		.uleb128 0xb
 484 01b4 DA000000 		.4byte	.LASF26
 485 01b8 01       		.byte	0x1
 486 01b9 90       		.byte	0x90
 487 01ba 00000000 		.4byte	.LFB71
 488 01be 34000000 		.4byte	.LFE71-.LFB71
 489 01c2 01       		.uleb128 0x1
 490 01c3 9C       		.byte	0x9c
 491 01c4 1F020000 		.4byte	0x21f
 492 01c8 0F       		.uleb128 0xf
 493 01c9 6900     		.ascii	"i\000"
 494 01cb 01       		.byte	0x1
 495 01cc 91       		.byte	0x91
 496 01cd AC000000 		.4byte	0xac
 497 01d1 21000000 		.4byte	.LLST1
 498 01d5 10       		.uleb128 0x10
 499 01d6 06000000 		.4byte	.LVL5
 500 01da 65020000 		.4byte	0x265
 501 01de 11       		.uleb128 0x11
 502 01df 10000000 		.4byte	.LVL7
 503 01e3 6C020000 		.4byte	0x26c
 504 01e7 F2010000 		.4byte	0x1f2
 505 01eb 12       		.uleb128 0x12
 506 01ec 01       		.uleb128 0x1
 507 01ed 50       		.byte	0x50
 508 01ee 02       		.uleb128 0x2
 509 01ef 74       		.byte	0x74
 510 01f0 00       		.sleb128 0
ARM GAS  C:\Users\mark6\AppData\Local\Temp\cc7ovjaw.s 			page 13


 511 01f1 00       		.byte	0
 512 01f2 11       		.uleb128 0x11
 513 01f3 1A000000 		.4byte	.LVL8
 514 01f7 81020000 		.4byte	0x281
 515 01fb 0F020000 		.4byte	0x20f
 516 01ff 12       		.uleb128 0x12
 517 0200 01       		.uleb128 0x1
 518 0201 51       		.byte	0x51
 519 0202 05       		.uleb128 0x5
 520 0203 03       		.byte	0x3
 521 0204 00000000 		.4byte	GUI_X_Systick_Intr
 522 0208 12       		.uleb128 0x12
 523 0209 01       		.uleb128 0x1
 524 020a 50       		.byte	0x50
 525 020b 02       		.uleb128 0x2
 526 020c 74       		.byte	0x74
 527 020d 00       		.sleb128 0
 528 020e 00       		.byte	0
 529 020f 13       		.uleb128 0x13
 530 0210 2C000000 		.4byte	.LVL10
 531 0214 9B020000 		.4byte	0x29b
 532 0218 12       		.uleb128 0x12
 533 0219 01       		.uleb128 0x1
 534 021a 50       		.byte	0x50
 535 021b 01       		.uleb128 0x1
 536 021c 30       		.byte	0x30
 537 021d 00       		.byte	0
 538 021e 00       		.byte	0
 539 021f 0B       		.uleb128 0xb
 540 0220 59000000 		.4byte	.LASF28
 541 0224 01       		.byte	0x1
 542 0225 59       		.byte	0x59
 543 0226 00000000 		.4byte	.LFB65
 544 022a 08000000 		.4byte	.LFE65-.LFB65
 545 022e 01       		.uleb128 0x1
 546 022f 9C       		.byte	0x9c
 547 0230 3E020000 		.4byte	0x23e
 548 0234 10       		.uleb128 0x10
 549 0235 06000000 		.4byte	.LVL12
 550 0239 B3010000 		.4byte	0x1b3
 551 023d 00       		.byte	0
 552 023e 14       		.uleb128 0x14
 553 023f CD000000 		.4byte	.LASF29
 554 0243 06       		.byte	0x6
 555 0244 9606     		.2byte	0x696
 556 0246 4A020000 		.4byte	0x24a
 557 024a 15       		.uleb128 0x15
 558 024b A1000000 		.4byte	0xa1
 559 024f 16       		.uleb128 0x16
 560 0250 BC010000 		.4byte	.LASF30
 561 0254 01       		.byte	0x1
 562 0255 3B       		.byte	0x3b
 563 0256 60020000 		.4byte	0x260
 564 025a 05       		.uleb128 0x5
 565 025b 03       		.byte	0x3
 566 025c 00000000 		.4byte	OS_TimeMS
 567 0260 15       		.uleb128 0x15
ARM GAS  C:\Users\mark6\AppData\Local\Temp\cc7ovjaw.s 			page 14


 568 0261 25000000 		.4byte	0x25
 569 0265 17       		.uleb128 0x17
 570 0266 9A000000 		.4byte	.LASF37
 571 026a 05       		.byte	0x5
 572 026b AE       		.byte	0xae
 573 026c 18       		.uleb128 0x18
 574 026d 4E020000 		.4byte	.LASF31
 575 0271 05       		.byte	0x5
 576 0272 B8       		.byte	0xb8
 577 0273 DD000000 		.4byte	0xdd
 578 0277 81020000 		.4byte	0x281
 579 027b 19       		.uleb128 0x19
 580 027c C3000000 		.4byte	0xc3
 581 0280 00       		.byte	0
 582 0281 18       		.uleb128 0x18
 583 0282 00000000 		.4byte	.LASF32
 584 0286 05       		.byte	0x5
 585 0287 B7       		.byte	0xb7
 586 0288 DD000000 		.4byte	0xdd
 587 028c 9B020000 		.4byte	0x29b
 588 0290 19       		.uleb128 0x19
 589 0291 C3000000 		.4byte	0xc3
 590 0295 19       		.uleb128 0x19
 591 0296 DD000000 		.4byte	0xdd
 592 029a 00       		.byte	0
 593 029b 1A       		.uleb128 0x1a
 594 029c B5010000 		.4byte	.LASF38
 595 02a0 05       		.byte	0x5
 596 02a1 7F       		.byte	0x7f
 597 02a2 19       		.uleb128 0x19
 598 02a3 B7000000 		.4byte	0xb7
 599 02a7 00       		.byte	0
 600 02a8 00       		.byte	0
 601              		.section	.debug_abbrev,"",%progbits
 602              	.Ldebug_abbrev0:
 603 0000 01       		.uleb128 0x1
 604 0001 11       		.uleb128 0x11
 605 0002 01       		.byte	0x1
 606 0003 25       		.uleb128 0x25
 607 0004 0E       		.uleb128 0xe
 608 0005 13       		.uleb128 0x13
 609 0006 0B       		.uleb128 0xb
 610 0007 03       		.uleb128 0x3
 611 0008 0E       		.uleb128 0xe
 612 0009 1B       		.uleb128 0x1b
 613 000a 0E       		.uleb128 0xe
 614 000b 55       		.uleb128 0x55
 615 000c 17       		.uleb128 0x17
 616 000d 11       		.uleb128 0x11
 617 000e 01       		.uleb128 0x1
 618 000f 10       		.uleb128 0x10
 619 0010 17       		.uleb128 0x17
 620 0011 00       		.byte	0
 621 0012 00       		.byte	0
 622 0013 02       		.uleb128 0x2
 623 0014 24       		.uleb128 0x24
 624 0015 00       		.byte	0
ARM GAS  C:\Users\mark6\AppData\Local\Temp\cc7ovjaw.s 			page 15


 625 0016 0B       		.uleb128 0xb
 626 0017 0B       		.uleb128 0xb
 627 0018 3E       		.uleb128 0x3e
 628 0019 0B       		.uleb128 0xb
 629 001a 03       		.uleb128 0x3
 630 001b 08       		.uleb128 0x8
 631 001c 00       		.byte	0
 632 001d 00       		.byte	0
 633 001e 03       		.uleb128 0x3
 634 001f 24       		.uleb128 0x24
 635 0020 00       		.byte	0
 636 0021 0B       		.uleb128 0xb
 637 0022 0B       		.uleb128 0xb
 638 0023 3E       		.uleb128 0x3e
 639 0024 0B       		.uleb128 0xb
 640 0025 03       		.uleb128 0x3
 641 0026 0E       		.uleb128 0xe
 642 0027 00       		.byte	0
 643 0028 00       		.byte	0
 644 0029 04       		.uleb128 0x4
 645 002a 15       		.uleb128 0x15
 646 002b 00       		.byte	0
 647 002c 27       		.uleb128 0x27
 648 002d 19       		.uleb128 0x19
 649 002e 00       		.byte	0
 650 002f 00       		.byte	0
 651 0030 05       		.uleb128 0x5
 652 0031 0F       		.uleb128 0xf
 653 0032 00       		.byte	0
 654 0033 0B       		.uleb128 0xb
 655 0034 0B       		.uleb128 0xb
 656 0035 49       		.uleb128 0x49
 657 0036 13       		.uleb128 0x13
 658 0037 00       		.byte	0
 659 0038 00       		.byte	0
 660 0039 06       		.uleb128 0x6
 661 003a 26       		.uleb128 0x26
 662 003b 00       		.byte	0
 663 003c 49       		.uleb128 0x49
 664 003d 13       		.uleb128 0x13
 665 003e 00       		.byte	0
 666 003f 00       		.byte	0
 667 0040 07       		.uleb128 0x7
 668 0041 16       		.uleb128 0x16
 669 0042 00       		.byte	0
 670 0043 03       		.uleb128 0x3
 671 0044 0E       		.uleb128 0xe
 672 0045 3A       		.uleb128 0x3a
 673 0046 0B       		.uleb128 0xb
 674 0047 3B       		.uleb128 0x3b
 675 0048 0B       		.uleb128 0xb
 676 0049 49       		.uleb128 0x49
 677 004a 13       		.uleb128 0x13
 678 004b 00       		.byte	0
 679 004c 00       		.byte	0
 680 004d 08       		.uleb128 0x8
 681 004e 16       		.uleb128 0x16
ARM GAS  C:\Users\mark6\AppData\Local\Temp\cc7ovjaw.s 			page 16


 682 004f 00       		.byte	0
 683 0050 03       		.uleb128 0x3
 684 0051 0E       		.uleb128 0xe
 685 0052 3A       		.uleb128 0x3a
 686 0053 0B       		.uleb128 0xb
 687 0054 3B       		.uleb128 0x3b
 688 0055 05       		.uleb128 0x5
 689 0056 49       		.uleb128 0x49
 690 0057 13       		.uleb128 0x13
 691 0058 00       		.byte	0
 692 0059 00       		.byte	0
 693 005a 09       		.uleb128 0x9
 694 005b 2E       		.uleb128 0x2e
 695 005c 00       		.byte	0
 696 005d 3F       		.uleb128 0x3f
 697 005e 19       		.uleb128 0x19
 698 005f 03       		.uleb128 0x3
 699 0060 0E       		.uleb128 0xe
 700 0061 3A       		.uleb128 0x3a
 701 0062 0B       		.uleb128 0xb
 702 0063 3B       		.uleb128 0x3b
 703 0064 0B       		.uleb128 0xb
 704 0065 27       		.uleb128 0x27
 705 0066 19       		.uleb128 0x19
 706 0067 11       		.uleb128 0x11
 707 0068 01       		.uleb128 0x1
 708 0069 12       		.uleb128 0x12
 709 006a 06       		.uleb128 0x6
 710 006b 40       		.uleb128 0x40
 711 006c 18       		.uleb128 0x18
 712 006d 9742     		.uleb128 0x2117
 713 006f 19       		.uleb128 0x19
 714 0070 00       		.byte	0
 715 0071 00       		.byte	0
 716 0072 0A       		.uleb128 0xa
 717 0073 2E       		.uleb128 0x2e
 718 0074 00       		.byte	0
 719 0075 3F       		.uleb128 0x3f
 720 0076 19       		.uleb128 0x19
 721 0077 03       		.uleb128 0x3
 722 0078 0E       		.uleb128 0xe
 723 0079 3A       		.uleb128 0x3a
 724 007a 0B       		.uleb128 0xb
 725 007b 3B       		.uleb128 0x3b
 726 007c 0B       		.uleb128 0xb
 727 007d 27       		.uleb128 0x27
 728 007e 19       		.uleb128 0x19
 729 007f 49       		.uleb128 0x49
 730 0080 13       		.uleb128 0x13
 731 0081 11       		.uleb128 0x11
 732 0082 01       		.uleb128 0x1
 733 0083 12       		.uleb128 0x12
 734 0084 06       		.uleb128 0x6
 735 0085 40       		.uleb128 0x40
 736 0086 18       		.uleb128 0x18
 737 0087 9742     		.uleb128 0x2117
 738 0089 19       		.uleb128 0x19
ARM GAS  C:\Users\mark6\AppData\Local\Temp\cc7ovjaw.s 			page 17


 739 008a 00       		.byte	0
 740 008b 00       		.byte	0
 741 008c 0B       		.uleb128 0xb
 742 008d 2E       		.uleb128 0x2e
 743 008e 01       		.byte	0x1
 744 008f 3F       		.uleb128 0x3f
 745 0090 19       		.uleb128 0x19
 746 0091 03       		.uleb128 0x3
 747 0092 0E       		.uleb128 0xe
 748 0093 3A       		.uleb128 0x3a
 749 0094 0B       		.uleb128 0xb
 750 0095 3B       		.uleb128 0x3b
 751 0096 0B       		.uleb128 0xb
 752 0097 27       		.uleb128 0x27
 753 0098 19       		.uleb128 0x19
 754 0099 11       		.uleb128 0x11
 755 009a 01       		.uleb128 0x1
 756 009b 12       		.uleb128 0x12
 757 009c 06       		.uleb128 0x6
 758 009d 40       		.uleb128 0x40
 759 009e 18       		.uleb128 0x18
 760 009f 9742     		.uleb128 0x2117
 761 00a1 19       		.uleb128 0x19
 762 00a2 01       		.uleb128 0x1
 763 00a3 13       		.uleb128 0x13
 764 00a4 00       		.byte	0
 765 00a5 00       		.byte	0
 766 00a6 0C       		.uleb128 0xc
 767 00a7 05       		.uleb128 0x5
 768 00a8 00       		.byte	0
 769 00a9 03       		.uleb128 0x3
 770 00aa 08       		.uleb128 0x8
 771 00ab 3A       		.uleb128 0x3a
 772 00ac 0B       		.uleb128 0xb
 773 00ad 3B       		.uleb128 0x3b
 774 00ae 0B       		.uleb128 0xb
 775 00af 49       		.uleb128 0x49
 776 00b0 13       		.uleb128 0x13
 777 00b1 02       		.uleb128 0x2
 778 00b2 17       		.uleb128 0x17
 779 00b3 00       		.byte	0
 780 00b4 00       		.byte	0
 781 00b5 0D       		.uleb128 0xd
 782 00b6 34       		.uleb128 0x34
 783 00b7 00       		.byte	0
 784 00b8 03       		.uleb128 0x3
 785 00b9 0E       		.uleb128 0xe
 786 00ba 3A       		.uleb128 0x3a
 787 00bb 0B       		.uleb128 0xb
 788 00bc 3B       		.uleb128 0x3b
 789 00bd 0B       		.uleb128 0xb
 790 00be 49       		.uleb128 0x49
 791 00bf 13       		.uleb128 0x13
 792 00c0 02       		.uleb128 0x2
 793 00c1 18       		.uleb128 0x18
 794 00c2 00       		.byte	0
 795 00c3 00       		.byte	0
ARM GAS  C:\Users\mark6\AppData\Local\Temp\cc7ovjaw.s 			page 18


 796 00c4 0E       		.uleb128 0xe
 797 00c5 05       		.uleb128 0x5
 798 00c6 00       		.byte	0
 799 00c7 03       		.uleb128 0x3
 800 00c8 08       		.uleb128 0x8
 801 00c9 3A       		.uleb128 0x3a
 802 00ca 0B       		.uleb128 0xb
 803 00cb 3B       		.uleb128 0x3b
 804 00cc 0B       		.uleb128 0xb
 805 00cd 49       		.uleb128 0x49
 806 00ce 13       		.uleb128 0x13
 807 00cf 02       		.uleb128 0x2
 808 00d0 18       		.uleb128 0x18
 809 00d1 00       		.byte	0
 810 00d2 00       		.byte	0
 811 00d3 0F       		.uleb128 0xf
 812 00d4 34       		.uleb128 0x34
 813 00d5 00       		.byte	0
 814 00d6 03       		.uleb128 0x3
 815 00d7 08       		.uleb128 0x8
 816 00d8 3A       		.uleb128 0x3a
 817 00d9 0B       		.uleb128 0xb
 818 00da 3B       		.uleb128 0x3b
 819 00db 0B       		.uleb128 0xb
 820 00dc 49       		.uleb128 0x49
 821 00dd 13       		.uleb128 0x13
 822 00de 02       		.uleb128 0x2
 823 00df 17       		.uleb128 0x17
 824 00e0 00       		.byte	0
 825 00e1 00       		.byte	0
 826 00e2 10       		.uleb128 0x10
 827 00e3 898201   		.uleb128 0x4109
 828 00e6 00       		.byte	0
 829 00e7 11       		.uleb128 0x11
 830 00e8 01       		.uleb128 0x1
 831 00e9 31       		.uleb128 0x31
 832 00ea 13       		.uleb128 0x13
 833 00eb 00       		.byte	0
 834 00ec 00       		.byte	0
 835 00ed 11       		.uleb128 0x11
 836 00ee 898201   		.uleb128 0x4109
 837 00f1 01       		.byte	0x1
 838 00f2 11       		.uleb128 0x11
 839 00f3 01       		.uleb128 0x1
 840 00f4 31       		.uleb128 0x31
 841 00f5 13       		.uleb128 0x13
 842 00f6 01       		.uleb128 0x1
 843 00f7 13       		.uleb128 0x13
 844 00f8 00       		.byte	0
 845 00f9 00       		.byte	0
 846 00fa 12       		.uleb128 0x12
 847 00fb 8A8201   		.uleb128 0x410a
 848 00fe 00       		.byte	0
 849 00ff 02       		.uleb128 0x2
 850 0100 18       		.uleb128 0x18
 851 0101 9142     		.uleb128 0x2111
 852 0103 18       		.uleb128 0x18
ARM GAS  C:\Users\mark6\AppData\Local\Temp\cc7ovjaw.s 			page 19


 853 0104 00       		.byte	0
 854 0105 00       		.byte	0
 855 0106 13       		.uleb128 0x13
 856 0107 898201   		.uleb128 0x4109
 857 010a 01       		.byte	0x1
 858 010b 11       		.uleb128 0x11
 859 010c 01       		.uleb128 0x1
 860 010d 31       		.uleb128 0x31
 861 010e 13       		.uleb128 0x13
 862 010f 00       		.byte	0
 863 0110 00       		.byte	0
 864 0111 14       		.uleb128 0x14
 865 0112 34       		.uleb128 0x34
 866 0113 00       		.byte	0
 867 0114 03       		.uleb128 0x3
 868 0115 0E       		.uleb128 0xe
 869 0116 3A       		.uleb128 0x3a
 870 0117 0B       		.uleb128 0xb
 871 0118 3B       		.uleb128 0x3b
 872 0119 05       		.uleb128 0x5
 873 011a 49       		.uleb128 0x49
 874 011b 13       		.uleb128 0x13
 875 011c 3F       		.uleb128 0x3f
 876 011d 19       		.uleb128 0x19
 877 011e 3C       		.uleb128 0x3c
 878 011f 19       		.uleb128 0x19
 879 0120 00       		.byte	0
 880 0121 00       		.byte	0
 881 0122 15       		.uleb128 0x15
 882 0123 35       		.uleb128 0x35
 883 0124 00       		.byte	0
 884 0125 49       		.uleb128 0x49
 885 0126 13       		.uleb128 0x13
 886 0127 00       		.byte	0
 887 0128 00       		.byte	0
 888 0129 16       		.uleb128 0x16
 889 012a 34       		.uleb128 0x34
 890 012b 00       		.byte	0
 891 012c 03       		.uleb128 0x3
 892 012d 0E       		.uleb128 0xe
 893 012e 3A       		.uleb128 0x3a
 894 012f 0B       		.uleb128 0xb
 895 0130 3B       		.uleb128 0x3b
 896 0131 0B       		.uleb128 0xb
 897 0132 49       		.uleb128 0x49
 898 0133 13       		.uleb128 0x13
 899 0134 3F       		.uleb128 0x3f
 900 0135 19       		.uleb128 0x19
 901 0136 02       		.uleb128 0x2
 902 0137 18       		.uleb128 0x18
 903 0138 00       		.byte	0
 904 0139 00       		.byte	0
 905 013a 17       		.uleb128 0x17
 906 013b 2E       		.uleb128 0x2e
 907 013c 00       		.byte	0
 908 013d 3F       		.uleb128 0x3f
 909 013e 19       		.uleb128 0x19
ARM GAS  C:\Users\mark6\AppData\Local\Temp\cc7ovjaw.s 			page 20


 910 013f 03       		.uleb128 0x3
 911 0140 0E       		.uleb128 0xe
 912 0141 3A       		.uleb128 0x3a
 913 0142 0B       		.uleb128 0xb
 914 0143 3B       		.uleb128 0x3b
 915 0144 0B       		.uleb128 0xb
 916 0145 27       		.uleb128 0x27
 917 0146 19       		.uleb128 0x19
 918 0147 3C       		.uleb128 0x3c
 919 0148 19       		.uleb128 0x19
 920 0149 00       		.byte	0
 921 014a 00       		.byte	0
 922 014b 18       		.uleb128 0x18
 923 014c 2E       		.uleb128 0x2e
 924 014d 01       		.byte	0x1
 925 014e 3F       		.uleb128 0x3f
 926 014f 19       		.uleb128 0x19
 927 0150 03       		.uleb128 0x3
 928 0151 0E       		.uleb128 0xe
 929 0152 3A       		.uleb128 0x3a
 930 0153 0B       		.uleb128 0xb
 931 0154 3B       		.uleb128 0x3b
 932 0155 0B       		.uleb128 0xb
 933 0156 27       		.uleb128 0x27
 934 0157 19       		.uleb128 0x19
 935 0158 49       		.uleb128 0x49
 936 0159 13       		.uleb128 0x13
 937 015a 3C       		.uleb128 0x3c
 938 015b 19       		.uleb128 0x19
 939 015c 01       		.uleb128 0x1
 940 015d 13       		.uleb128 0x13
 941 015e 00       		.byte	0
 942 015f 00       		.byte	0
 943 0160 19       		.uleb128 0x19
 944 0161 05       		.uleb128 0x5
 945 0162 00       		.byte	0
 946 0163 49       		.uleb128 0x49
 947 0164 13       		.uleb128 0x13
 948 0165 00       		.byte	0
 949 0166 00       		.byte	0
 950 0167 1A       		.uleb128 0x1a
 951 0168 2E       		.uleb128 0x2e
 952 0169 01       		.byte	0x1
 953 016a 3F       		.uleb128 0x3f
 954 016b 19       		.uleb128 0x19
 955 016c 03       		.uleb128 0x3
 956 016d 0E       		.uleb128 0xe
 957 016e 3A       		.uleb128 0x3a
 958 016f 0B       		.uleb128 0xb
 959 0170 3B       		.uleb128 0x3b
 960 0171 0B       		.uleb128 0xb
 961 0172 27       		.uleb128 0x27
 962 0173 19       		.uleb128 0x19
 963 0174 3C       		.uleb128 0x3c
 964 0175 19       		.uleb128 0x19
 965 0176 00       		.byte	0
 966 0177 00       		.byte	0
ARM GAS  C:\Users\mark6\AppData\Local\Temp\cc7ovjaw.s 			page 21


 967 0178 00       		.byte	0
 968              		.section	.debug_loc,"",%progbits
 969              	.Ldebug_loc0:
 970              	.LLST0:
 971 0000 00000000 		.4byte	.LVL0
 972 0004 06000000 		.4byte	.LVL1
 973 0008 0100     		.2byte	0x1
 974 000a 50       		.byte	0x50
 975 000b 06000000 		.4byte	.LVL1
 976 000f 18000000 		.4byte	.LFE64
 977 0013 0400     		.2byte	0x4
 978 0015 F3       		.byte	0xf3
 979 0016 01       		.uleb128 0x1
 980 0017 50       		.byte	0x50
 981 0018 9F       		.byte	0x9f
 982 0019 00000000 		.4byte	0
 983 001d 00000000 		.4byte	0
 984              	.LLST1:
 985 0021 06000000 		.4byte	.LVL5
 986 0025 0A000000 		.4byte	.LVL6
 987 0029 0200     		.2byte	0x2
 988 002b 30       		.byte	0x30
 989 002c 9F       		.byte	0x9f
 990 002d 0A000000 		.4byte	.LVL6
 991 0031 2E000000 		.4byte	.LVL11
 992 0035 0100     		.2byte	0x1
 993 0037 54       		.byte	0x54
 994 0038 00000000 		.4byte	0
 995 003c 00000000 		.4byte	0
 996              		.section	.debug_aranges,"",%progbits
 997 0000 5C000000 		.4byte	0x5c
 998 0004 0200     		.2byte	0x2
 999 0006 00000000 		.4byte	.Ldebug_info0
 1000 000a 04       		.byte	0x4
 1001 000b 00       		.byte	0
 1002 000c 0000     		.2byte	0
 1003 000e 0000     		.2byte	0
 1004 0010 00000000 		.4byte	.LFB70
 1005 0014 10000000 		.4byte	.LFE70-.LFB70
 1006 0018 00000000 		.4byte	.LFB63
 1007 001c 0C000000 		.4byte	.LFE63-.LFB63
 1008 0020 00000000 		.4byte	.LFB64
 1009 0024 18000000 		.4byte	.LFE64-.LFB64
 1010 0028 00000000 		.4byte	.LFB66
 1011 002c 02000000 		.4byte	.LFE66-.LFB66
 1012 0030 00000000 		.4byte	.LFB67
 1013 0034 02000000 		.4byte	.LFE67-.LFB67
 1014 0038 00000000 		.4byte	.LFB68
 1015 003c 02000000 		.4byte	.LFE68-.LFB68
 1016 0040 00000000 		.4byte	.LFB69
 1017 0044 02000000 		.4byte	.LFE69-.LFB69
 1018 0048 00000000 		.4byte	.LFB71
 1019 004c 34000000 		.4byte	.LFE71-.LFB71
 1020 0050 00000000 		.4byte	.LFB65
 1021 0054 08000000 		.4byte	.LFE65-.LFB65
 1022 0058 00000000 		.4byte	0
 1023 005c 00000000 		.4byte	0
ARM GAS  C:\Users\mark6\AppData\Local\Temp\cc7ovjaw.s 			page 22


 1024              		.section	.debug_ranges,"",%progbits
 1025              	.Ldebug_ranges0:
 1026 0000 00000000 		.4byte	.LFB70
 1027 0004 10000000 		.4byte	.LFE70
 1028 0008 00000000 		.4byte	.LFB63
 1029 000c 0C000000 		.4byte	.LFE63
 1030 0010 00000000 		.4byte	.LFB64
 1031 0014 18000000 		.4byte	.LFE64
 1032 0018 00000000 		.4byte	.LFB66
 1033 001c 02000000 		.4byte	.LFE66
 1034 0020 00000000 		.4byte	.LFB67
 1035 0024 02000000 		.4byte	.LFE67
 1036 0028 00000000 		.4byte	.LFB68
 1037 002c 02000000 		.4byte	.LFE68
 1038 0030 00000000 		.4byte	.LFB69
 1039 0034 02000000 		.4byte	.LFE69
 1040 0038 00000000 		.4byte	.LFB71
 1041 003c 34000000 		.4byte	.LFE71
 1042 0040 00000000 		.4byte	.LFB65
 1043 0044 08000000 		.4byte	.LFE65
 1044 0048 00000000 		.4byte	0
 1045 004c 00000000 		.4byte	0
 1046              		.section	.debug_line,"",%progbits
 1047              	.Ldebug_line0:
 1048 0000 74020000 		.section	.debug_str,"MS",%progbits,1
 1048      0200B801 
 1048      00000201 
 1048      FB0E0D00 
 1048      01010101 
 1049              	.LASF32:
 1050 0000 43795379 		.ascii	"CySysTickSetCallback\000"
 1050      73546963 
 1050      6B536574 
 1050      43616C6C 
 1050      6261636B 
 1051              	.LASF20:
 1052 0015 4755495F 		.ascii	"GUI_X_Systick_Intr\000"
 1052      585F5379 
 1052      73746963 
 1052      6B5F496E 
 1052      747200
 1053              	.LASF9:
 1054 0028 5F5F696E 		.ascii	"__int32_t\000"
 1054      7433325F 
 1054      7400
 1055              	.LASF23:
 1056 0032 4755495F 		.ascii	"GUI_X_Log\000"
 1056      585F4C6F 
 1056      6700
 1057              	.LASF6:
 1058 003c 73686F72 		.ascii	"short unsigned int\000"
 1058      7420756E 
 1058      7369676E 
 1058      65642069 
 1058      6E7400
 1059              	.LASF2:
 1060 004f 73686F72 		.ascii	"short int\000"
ARM GAS  C:\Users\mark6\AppData\Local\Temp\cc7ovjaw.s 			page 23


 1060      7420696E 
 1060      7400
 1061              	.LASF28:
 1062 0059 4755495F 		.ascii	"GUI_X_Init\000"
 1062      585F496E 
 1062      697400
 1063              	.LASF17:
 1064 0064 666C6F61 		.ascii	"float\000"
 1064      7400
 1065              	.LASF24:
 1066 006a 4755495F 		.ascii	"GUI_X_Warn\000"
 1066      585F5761 
 1066      726E00
 1067              	.LASF12:
 1068 0075 6C6F6E67 		.ascii	"long long unsigned int\000"
 1068      206C6F6E 
 1068      6720756E 
 1068      7369676E 
 1068      65642069 
 1069              	.LASF4:
 1070 008c 756E7369 		.ascii	"unsigned char\000"
 1070      676E6564 
 1070      20636861 
 1070      7200
 1071              	.LASF37:
 1072 009a 43795379 		.ascii	"CySysTickStart\000"
 1072      73546963 
 1072      6B537461 
 1072      727400
 1073              	.LASF1:
 1074 00a9 6C6F6E67 		.ascii	"long unsigned int\000"
 1074      20756E73 
 1074      69676E65 
 1074      6420696E 
 1074      7400
 1075              	.LASF15:
 1076 00bb 75696E74 		.ascii	"uint8\000"
 1076      3800
 1077              	.LASF22:
 1078 00c1 4755495F 		.ascii	"GUI_X_Delay\000"
 1078      585F4465 
 1078      6C617900 
 1079              	.LASF29:
 1080 00cd 49544D5F 		.ascii	"ITM_RxBuffer\000"
 1080      52784275 
 1080      66666572 
 1080      00
 1081              	.LASF26:
 1082 00da 4755495F 		.ascii	"GUI_X_Systick_Init\000"
 1082      585F5379 
 1082      73746963 
 1082      6B5F496E 
 1082      697400
 1083              	.LASF18:
 1084 00ed 646F7562 		.ascii	"double\000"
 1084      6C6500
 1085              	.LASF10:
ARM GAS  C:\Users\mark6\AppData\Local\Temp\cc7ovjaw.s 			page 24


 1086 00f4 5F5F7569 		.ascii	"__uint32_t\000"
 1086      6E743332 
 1086      5F7400
 1087              	.LASF16:
 1088 00ff 75696E74 		.ascii	"uint32\000"
 1088      333200
 1089              	.LASF33:
 1090 0106 474E5520 		.ascii	"GNU C 4.9.3 20150303 (release) [ARM/embedded-4_9-br"
 1090      4320342E 
 1090      392E3320 
 1090      32303135 
 1090      30333033 
 1091 0139 616E6368 		.ascii	"anch revision 221220] -mcpu=cortex-m3 -mthumb -g -O"
 1091      20726576 
 1091      6973696F 
 1091      6E203232 
 1091      31323230 
 1092 016c 67202D66 		.ascii	"g -ffunction-sections -ffat-lto-objects\000"
 1092      66756E63 
 1092      74696F6E 
 1092      2D736563 
 1092      74696F6E 
 1093              	.LASF0:
 1094 0194 756E7369 		.ascii	"unsigned int\000"
 1094      676E6564 
 1094      20696E74 
 1094      00
 1095              	.LASF3:
 1096 01a1 63686172 		.ascii	"char\000"
 1096      00
 1097              	.LASF25:
 1098 01a6 4755495F 		.ascii	"GUI_X_ErrorOut\000"
 1098      585F4572 
 1098      726F724F 
 1098      757400
 1099              	.LASF38:
 1100 01b5 43794861 		.ascii	"CyHalt\000"
 1100      6C7400
 1101              	.LASF30:
 1102 01bc 4F535F54 		.ascii	"OS_TimeMS\000"
 1102      696D654D 
 1102      5300
 1103              	.LASF13:
 1104 01c6 696E7433 		.ascii	"int32_t\000"
 1104      325F7400 
 1105              	.LASF8:
 1106 01ce 73697A65 		.ascii	"sizetype\000"
 1106      74797065 
 1106      00
 1107              	.LASF27:
 1108 01d7 74456E64 		.ascii	"tEnd\000"
 1108      00
 1109              	.LASF11:
 1110 01dc 6C6F6E67 		.ascii	"long long int\000"
 1110      206C6F6E 
 1110      6720696E 
 1110      7400
ARM GAS  C:\Users\mark6\AppData\Local\Temp\cc7ovjaw.s 			page 25


 1111              	.LASF19:
 1112 01ea 63795379 		.ascii	"cySysTickCallback\000"
 1112      73546963 
 1112      6B43616C 
 1112      6C626163 
 1112      6B00
 1113              	.LASF21:
 1114 01fc 4755495F 		.ascii	"GUI_X_ExecIdle\000"
 1114      585F4578 
 1114      65634964 
 1114      6C6500
 1115              	.LASF35:
 1116 020b 433A5C55 		.ascii	"C:\\Users\\mark6\\Google Drive\\Projects\\BarBot\\B"
 1116      73657273 
 1116      5C6D6172 
 1116      6B365C47 
 1116      6F6F676C 
 1117 0238 6172426F 		.ascii	"arBot\\Bartender.cydsn\000"
 1117      745C4261 
 1117      7274656E 
 1117      6465722E 
 1117      63796473 
 1118              	.LASF31:
 1119 024e 43795379 		.ascii	"CySysTickGetCallback\000"
 1119      73546963 
 1119      6B476574 
 1119      43616C6C 
 1119      6261636B 
 1120              	.LASF36:
 1121 0263 4755495F 		.ascii	"GUI_X_GetTime\000"
 1121      585F4765 
 1121      7454696D 
 1121      6500
 1122              	.LASF34:
 1123 0271 2E2E5C2E 		.ascii	"..\\..\\..\\..\\College-MIT\\S6Spring2020\\6.115\\F"
 1123      2E5C2E2E 
 1123      5C2E2E5C 
 1123      436F6C6C 
 1123      6567652D 
 1124 029d 696E616C 		.ascii	"inalProject\\BunkerKnowledge\\PSoC_5_Files\\Process"
 1124      50726F6A 
 1124      6563745C 
 1124      42756E6B 
 1124      65724B6E 
 1125 02cd 6F722E63 		.ascii	"or.cydsn\\GUI_X.c\000"
 1125      7964736E 
 1125      5C475549 
 1125      5F582E63 
 1125      00
 1126              	.LASF14:
 1127 02de 75696E74 		.ascii	"uint32_t\000"
 1127      33325F74 
 1127      00
 1128              	.LASF5:
 1129 02e7 6C6F6E67 		.ascii	"long int\000"
 1129      20696E74 
 1129      00
ARM GAS  C:\Users\mark6\AppData\Local\Temp\cc7ovjaw.s 			page 26


 1130              	.LASF7:
 1131 02f0 7369676E 		.ascii	"signed char\000"
 1131      65642063 
 1131      68617200 
 1132              		.ident	"GCC: (GNU Tools for ARM Embedded Processors) 4.9.3 20150303 (release) [ARM/embedded-4_9-br
